tmp/2026-07-15-rv64-ppa-architecture-recovery/s1-typed-abi/system-tmp/s1-attr-stall-v1/build/tb_ooo_mem_axi_bridge.vvp: OK
tmp/2026-07-15-rv64-ppa-architecture-recovery/s1-typed-abi/system-tmp/s1-attr-stall-v1/logs/tb_ooo_mem_axi_bridge.log: OK
tmp/2026-07-15-rv64-ppa-architecture-recovery/s1-typed-abi/system-tmp/s1-attr-stall-v2/build/tb_ooo_mem_axi_bridge.vvp: OK
tmp/2026-07-15-rv64-ppa-architecture-recovery/s1-typed-abi/system-tmp/s1-attr-stall-v2/logs/tb_ooo_mem_axi_bridge.log: OK
tmp/2026-07-15-rv64-ppa-architecture-recovery/s1-typed-abi/system-tmp/s1-backend-test/logs/tb_ooo_int_backend.log: OK
tmp/2026-07-15-rv64-ppa-architecture-recovery/s1-typed-abi/system-tmp/s1-backend-test2/logs/tb_ooo_int_backend.log: OK
tmp/2026-07-15-rv64-ppa-architecture-recovery/s1-typed-abi/system-tmp/s1-backend-test3/logs/tb_ooo_int_backend.log: OK
tmp/2026-07-15-rv64-ppa-architecture-recovery/s1-typed-abi/system-tmp/s1-backend-test4/logs/tb_ooo_int_backend.log: OK
tmp/2026-07-15-rv64-ppa-architecture-recovery/s1-typed-abi/system-tmp/s1-backend-test5/logs/tb_ooo_int_backend.log: OK
tmp/2026-07-15-rv64-ppa-architecture-recovery/s1-typed-abi/system-tmp/s1-bridge-test/logs/tb_ooo_mem_axi_bridge.log: OK
tmp/2026-07-15-rv64-ppa-architecture-recovery/s1-typed-abi/system-tmp/s1-bridge-test2/logs/tb_ooo_mem_axi_bridge.log: OK
tmp/2026-07-15-rv64-ppa-architecture-recovery/s1-typed-abi/system-tmp/s1-bridge-test3/logs/tb_ooo_mem_axi_bridge.log: OK
tmp/2026-07-15-rv64-ppa-architecture-recovery/s1-typed-abi/system-tmp/s1-bridge-test4/logs/tb_ooo_mem_axi_bridge.log: OK
tmp/2026-07-15-rv64-ppa-architecture-recovery/s1-typed-abi/system-tmp/s1-fault-review-brief.txt: OK
tmp/2026-07-15-rv64-ppa-architecture-recovery/s1-typed-abi/system-tmp/s1-fault-review-build/tb_ooo_int_backend.vvp: OK
tmp/2026-07-15-rv64-ppa-architecture-recovery/s1-typed-abi/system-tmp/s1-fault-review-build/tb_ooo_mem_axi_bridge.vvp: OK
tmp/2026-07-15-rv64-ppa-architecture-recovery/s1-typed-abi/system-tmp/s1-fault-review-final-bridge-build/tb_ooo_mem_axi_bridge.vvp: OK
tmp/2026-07-15-rv64-ppa-architecture-recovery/s1-typed-abi/system-tmp/s1-fault-review-final-bridge-results/logs/tb_ooo_mem_axi_bridge.log: OK
tmp/2026-07-15-rv64-ppa-architecture-recovery/s1-typed-abi/system-tmp/s1-fault-review-final-build/tb_ooo_int_backend.vvp: OK
tmp/2026-07-15-rv64-ppa-architecture-recovery/s1-typed-abi/system-tmp/s1-fault-review-final-results/logs/tb_ooo_int_backend.log: OK
tmp/2026-07-15-rv64-ppa-architecture-recovery/s1-typed-abi/system-tmp/s1-fault-review-results/logs/tb_ooo_int_backend.log: OK
tmp/2026-07-15-rv64-ppa-architecture-recovery/s1-typed-abi/system-tmp/s1-fault-review-results/logs/tb_ooo_mem_axi_bridge.log: OK
tmp/2026-07-15-rv64-ppa-architecture-recovery/s1-typed-abi/system-tmp/s1-int/logs/tb_ooo_int_backend.log: OK
tmp/2026-07-15-rv64-ppa-architecture-recovery/s1-typed-abi/system-tmp/s1-sq/logs/tb_ooo_store_queue.log: OK
tmp/2026-07-15-rv64-ppa-architecture-recovery/s1-typed-abi/system-tmp/s1-typed-classifier/logs/tb_ooo_typed_memory_classifier.log: OK
tmp/2026-07-15-rv64-ppa-architecture-recovery/s1-typed-abi/system-tmp/s1-wrap/logs/tb_ooo_alu_core_slice.log: OK
tmp/2026-07-15-rv64-ppa-architecture-recovery/s1-typed-abi/system-tmp/s1-wrap/logs/tb_ooo_alu_decode_backend.log: OK
tmp/2026-07-15-rv64-ppa-architecture-recovery/s1-typed-abi/system-tmp/s1-wrap/logs/tb_ooo_core_top_glue.log: OK
