[log.c:145 npc_init_log] Log is written to build/linux-logs/npc-linux.log
[paddr.c:91 npc_init_mem] physical memory area [0x0000000080000000, 0x00000000bfffffff]
[paddr.c:150 npc_load_img_at] The image is am-kernels/tests/cpu-tests/build/dummy-riscv64-npc.bin, size = 136
[map.c:76 npc_add_mmio_map] Add mmio map 'rtc' at [0x12000048, 0x1200004f]
[map.c:76 npc_add_mmio_map] Add mmio map 'keyboard' at [0x12000060, 0x12000063]
[vga.c:186 npc_vga_init] NPC VGA disabled; GPU_CONFIG will report present=false.
[map.c:76 npc_add_mmio_map] Add mmio map 'vgactl' at [0x12000100, 0x12000107]
[map.c:76 npc_add_mmio_map] Add mmio map 'framebuffer' at [0x13000000, 0x131fffff]
[virtio_blk.c:522 virtio-blk] disabled: no --block image
[monitor.c:41 welcome] Wave Trace: [1;31mOFF[0m
[monitor.c:42 welcome] Text Trace: [1;31mOFF[0m (itrace=off, mtrace=off, dtrace=off)
[monitor.c:44 welcome] Difftest: [1;31mOFF[0m
[monitor.c:45 welcome] Build time: 00:21:58, Jul 13 2026
[cpu-exec.cpp:2000 cpu_exec] npc: [1;32mHIT GOOD TRAP[0m at pc = 0x0000000080000044
[cpu-exec.cpp:2013 report_run_result] exit via ebreak, code=0, cycles=154, commits=16
[cpu-exec.cpp:1754 statistic] host time spent = 526 us
[cpu-exec.cpp:1756 statistic] total guest instructions = 16
[cpu-exec.cpp:1759 statistic] total guest cycles = 154
[cpu-exec.cpp:1761 statistic] CLINT mtime = 15 (= cycles/10, expected 15, delta=+0, match=yes)
[cpu-exec.cpp:1768 statistic] CPI (cycles/instruction) = 9.625
[cpu-exec.cpp:1772 statistic] simulation frequency = 30418 inst/s
[cpu-exec.cpp:1545 statistic] === Branch/Jump Statistics ===
[cpu-exec.cpp:1546 statistic]   conditional branch  = 0 (taken 0, not-taken 0, taken rate 0.0%)
[cpu-exec.cpp:1550 statistic]   JAL  (unconditional) = 2
[cpu-exec.cpp:1551 statistic]   JALR (indirect/ret)  = 1
[cpu-exec.cpp:1552 statistic]   total jump/branch    = 3 (18.8% of all instructions)
[cpu-exec.cpp:1554 statistic] === BPU Prediction Statistics ===
[cpu-exec.cpp:1555 statistic]   branch accuracy      = 0/0 correct, 0 mispredict (0.0%)
[cpu-exec.cpp:1560 statistic]   branch direction     = 0/0 correct (0.0%), dir miss=0, gshare cold=0
[cpu-exec.cpp:1566 statistic]   JAL accuracy         = 2/2 correct (100.0%)
[cpu-exec.cpp:1570 statistic]   JALR accuracy        = 1/1 correct (100.0%)
[cpu-exec.cpp:1574 statistic]   return accuracy      = 1/1 correct (100.0%)
[cpu-exec.cpp:1578 statistic]   BTB JALR lookup      = hit 0, miss 0
[cpu-exec.cpp:1581 statistic]   direction predictor  = correct 0, miss 0
[cpu-exec.cpp:1584 statistic]   RAS lookup           = hit 1, miss/underflow 0, overflow 0
[cpu-exec.cpp:1588 statistic]   top branch miss PCs  =
[cpu-exec.cpp:1611 statistic] === Cache Statistics ===
[cpu-exec.cpp:1612 statistic] icache: access=10, hit=0, miss=10
[cpu-exec.cpp:1616 statistic] dcache: access=2, hit=0, miss=0
[cpu-exec.cpp:1620 statistic] dcache load: access=0, hit=0, miss=0
[cpu-exec.cpp:1624 statistic] dcache store: access=2, hit=0, miss=0
[cpu-exec.cpp:1628 statistic] dcache writeback = 0, write-through store = 0
[cpu-exec.cpp:1638 statistic] === OoO Pipeline Statistics ===
[cpu-exec.cpp:1639 statistic] ooo cycles observed = 154
[cpu-exec.cpp:1641 statistic] retire hist 0/1/2 = 141/10/3
[cpu-exec.cpp:1645 statistic] execute hist 0/1/2 = 141/10/3
[cpu-exec.cpp:1649 statistic] dispatch hist 0/1/2 = 143/6/5
[cpu-exec.cpp:1653 statistic] fetch req valid/fire = 9/9, rsp fire=9, enqueue=9, bypass=0
[cpu-exec.cpp:1659 statistic] control wait cycles: stop=15, branch=0, jump=0, mem=0, synth-ret=0, commit1-block=0
[cpu-exec.cpp:1666 statistic] cycle buckets (overlap): fetch=132(85.7%), mem=7(4.5%), axi_wait=37(24.0%), hazard=1(0.6%), branch_flush=3(1.9%), exception=0(0.0%)
[cpu-exec.cpp:1684 statistic] branch prefetch fire/hit = 0/0
[cpu-exec.cpp:1687 statistic] top branch wait PCs =
[cpu-exec.cpp:1709 statistic] top jump wait PCs =
[cpu-exec.cpp:1730 statistic] mem req0/req1/rsp0/rsp1 = 2/0/2/0
[cpu-exec.cpp:1335 ooo_window] partial cycles=1..154 n=154 retire=16 exec=16 dispatch=16 fetch=132(85.7%) mem=7(4.5%) axi_wait=37(24.0%) hazard=1(0.6%) branch_flush=3(1.9%) exception=0(0.0%)
