[TEST] tb_ooo_mem_axi_bridge
[COMPILE] iverilog -g2012 -Wall -I/home/lyg/PA/ysyx-workbench/npc/rv64/vsrc -I/home/lyg/PA/ysyx-workbench/npc/rv64/vsrc/include -Icommon -DOOO_ASSERT -s tb_ooo_mem_axi_bridge -o /tmp/s1-attr-stall-v1/build/tb_ooo_mem_axi_bridge.vvp /home/lyg/PA/ysyx-workbench/npc/rv64/vsrc/cache/OooDataWordCache.v /home/lyg/PA/ysyx-workbench/npc/rv64/vsrc/memory/OooMemAxiBridge.v /home/lyg/PA/ysyx-workbench/npc/rv64/vsrc/memory/OooPmaChecker.v /home/lyg/PA/ysyx-workbench/npc/rv64/vsrc/memory/OooPostTranslateMemoryClass.v /home/lyg/PA/ysyx-workbench/npc/rv64/vsrc/memory/OooSv39Tlb.v /home/lyg/PA/ysyx-workbench/npc/rv64/vsrc/memory/OooTypedMemoryClassifier.v /home/lyg/PA/ysyx-workbench/npc/rv64/vsrc/memory/OooTypedPmaChecker.v /home/lyg/PA/ysyx-workbench/npc/rv64/vsrc/memory/PmpChecker.v /home/lyg/PA/ysyx-workbench/npc/rv64/vsrc/sram/Sram4096x113.v tests/tb_ooo_mem_axi_bridge.sv
/home/lyg/PA/ysyx-workbench/npc/rv64/vsrc/memory/PmpChecker.v:108: warning: returning 'bx for out of bounds array access entry_addr_w[-1].
/home/lyg/PA/ysyx-workbench/npc/rv64/vsrc/memory/PmpChecker.v:105: warning: @* is sensitive to all 16 words in array 'entry_cfg_w'.
/home/lyg/PA/ysyx-workbench/npc/rv64/vsrc/memory/PmpChecker.v:109: warning: @* is sensitive to all 16 words in array 'entry_addr_w'.
/home/lyg/PA/ysyx-workbench/npc/rv64/vsrc/memory/PmpChecker.v:116: warning: @* is sensitive to all 16 words in array 'entry_addr_w'.
/home/lyg/PA/ysyx-workbench/npc/rv64/vsrc/memory/PmpChecker.v:125: warning: @* is sensitive to all 16 words in array 'entry_addr_w'.
/home/lyg/PA/ysyx-workbench/npc/rv64/vsrc/memory/PmpChecker.v:126: warning: @* is sensitive to all 16 words in array 'entry_addr_w'.
/home/lyg/PA/ysyx-workbench/npc/rv64/vsrc/memory/PmpChecker.v:129: warning: @* is sensitive to all 16 words in array 'entry_addr_w'.
/home/lyg/PA/ysyx-workbench/npc/rv64/vsrc/memory/PmpChecker.v:131: warning: @* is sensitive to all 16 words in array 'entry_addr_w'.
/home/lyg/PA/ysyx-workbench/npc/rv64/vsrc/memory/PmpChecker.v:105: warning: @* is sensitive to all 16 words in array 'entry_cfg_w'.
/home/lyg/PA/ysyx-workbench/npc/rv64/vsrc/memory/PmpChecker.v:108: warning: @* is sensitive to all 16 words in array 'entry_addr_w'.
/home/lyg/PA/ysyx-workbench/npc/rv64/vsrc/memory/PmpChecker.v:109: warning: @* is sensitive to all 16 words in array 'entry_addr_w'.
/home/lyg/PA/ysyx-workbench/npc/rv64/vsrc/memory/PmpChecker.v:116: warning: @* is sensitive to all 16 words in array 'entry_addr_w'.
/home/lyg/PA/ysyx-workbench/npc/rv64/vsrc/memory/PmpChecker.v:125: warning: @* is sensitive to all 16 words in array 'entry_addr_w'.
/home/lyg/PA/ysyx-workbench/npc/rv64/vsrc/memory/PmpChecker.v:126: warning: @* is sensitive to all 16 words in array 'entry_addr_w'.
/home/lyg/PA/ysyx-workbench/npc/rv64/vsrc/memory/PmpChecker.v:129: warning: @* is sensitive to all 16 words in array 'entry_addr_w'.
/home/lyg/PA/ysyx-workbench/npc/rv64/vsrc/memory/PmpChecker.v:131: warning: @* is sensitive to all 16 words in array 'entry_addr_w'.
/home/lyg/PA/ysyx-workbench/npc/rv64/vsrc/memory/PmpChecker.v:105: warning: @* is sensitive to all 16 words in array 'entry_cfg_w'.
/home/lyg/PA/ysyx-workbench/npc/rv64/vsrc/memory/PmpChecker.v:108: warning: @* is sensitive to all 16 words in array 'entry_addr_w'.
/home/lyg/PA/ysyx-workbench/npc/rv64/vsrc/memory/PmpChecker.v:109: warning: @* is sensitive to all 16 words in array 'entry_addr_w'.
/home/lyg/PA/ysyx-workbench/npc/rv64/vsrc/memory/PmpChecker.v:116: warning: @* is sensitive to all 16 words in array 'entry_addr_w'.
/home/lyg/PA/ysyx-workbench/npc/rv64/vsrc/memory/PmpChecker.v:125: warning: @* is sensitive to all 16 words in array 'entry_addr_w'.
/home/lyg/PA/ysyx-workbench/npc/rv64/vsrc/memory/PmpChecker.v:126: warning: @* is sensitive to all 16 words in array 'entry_addr_w'.
/home/lyg/PA/ysyx-workbench/npc/rv64/vsrc/memory/PmpChecker.v:129: warning: @* is sensitive to all 16 words in array 'entry_addr_w'.
/home/lyg/PA/ysyx-workbench/npc/rv64/vsrc/memory/PmpChecker.v:131: warning: @* is sensitive to all 16 words in array 'entry_addr_w'.
/home/lyg/PA/ysyx-workbench/npc/rv64/vsrc/memory/PmpChecker.v:105: warning: @* is sensitive to all 16 words in array 'entry_cfg_w'.
/home/lyg/PA/ysyx-workbench/npc/rv64/vsrc/memory/PmpChecker.v:108: warning: @* is sensitive to all 16 words in array 'entry_addr_w'.
/home/lyg/PA/ysyx-workbench/npc/rv64/vsrc/memory/PmpChecker.v:109: warning: @* is sensitive to all 16 words in array 'entry_addr_w'.
/home/lyg/PA/ysyx-workbench/npc/rv64/vsrc/memory/PmpChecker.v:116: warning: @* is sensitive to all 16 words in array 'entry_addr_w'.
/home/lyg/PA/ysyx-workbench/npc/rv64/vsrc/memory/PmpChecker.v:125: warning: @* is sensitive to all 16 words in array 'entry_addr_w'.
/home/lyg/PA/ysyx-workbench/npc/rv64/vsrc/memory/PmpChecker.v:126: warning: @* is sensitive to all 16 words in array 'entry_addr_w'.
/home/lyg/PA/ysyx-workbench/npc/rv64/vsrc/memory/PmpChecker.v:129: warning: @* is sensitive to all 16 words in array 'entry_addr_w'.
/home/lyg/PA/ysyx-workbench/npc/rv64/vsrc/memory/PmpChecker.v:131: warning: @* is sensitive to all 16 words in array 'entry_addr_w'.
/home/lyg/PA/ysyx-workbench/npc/rv64/vsrc/memory/PmpChecker.v:105: warning: @* is sensitive to all 16 words in array 'entry_cfg_w'.
/home/lyg/PA/ysyx-workbench/npc/rv64/vsrc/memory/PmpChecker.v:108: warning: @* is sensitive to all 16 words in array 'entry_addr_w'.
/home/lyg/PA/ysyx-workbench/npc/rv64/vsrc/memory/PmpChecker.v:109: warning: @* is sensitive to all 16 words in array 'entry_addr_w'.
/home/lyg/PA/ysyx-workbench/npc/rv64/vsrc/memory/PmpChecker.v:116: warning: @* is sensitive to all 16 words in array 'entry_addr_w'.
/home/lyg/PA/ysyx-workbench/npc/rv64/vsrc/memory/PmpChecker.v:125: warning: @* is sensitive to all 16 words in array 'entry_addr_w'.
/home/lyg/PA/ysyx-workbench/npc/rv64/vsrc/memory/PmpChecker.v:126: warning: @* is sensitive to all 16 words in array 'entry_addr_w'.
/home/lyg/PA/ysyx-workbench/npc/rv64/vsrc/memory/PmpChecker.v:129: warning: @* is sensitive to all 16 words in array 'entry_addr_w'.
/home/lyg/PA/ysyx-workbench/npc/rv64/vsrc/memory/PmpChecker.v:131: warning: @* is sensitive to all 16 words in array 'entry_addr_w'.
/home/lyg/PA/ysyx-workbench/npc/rv64/vsrc/memory/PmpChecker.v:105: warning: @* is sensitive to all 16 words in array 'entry_cfg_w'.
/home/lyg/PA/ysyx-workbench/npc/rv64/vsrc/memory/PmpChecker.v:108: warning: @* is sensitive to all 16 words in array 'entry_addr_w'.
/home/lyg/PA/ysyx-workbench/npc/rv64/vsrc/memory/PmpChecker.v:109: warning: @* is sensitive to all 16 words in array 'entry_addr_w'.
/home/lyg/PA/ysyx-workbench/npc/rv64/vsrc/memory/PmpChecker.v:116: warning: @* is sensitive to all 16 words in array 'entry_addr_w'.
/home/lyg/PA/ysyx-workbench/npc/rv64/vsrc/memory/PmpChecker.v:125: warning: @* is sensitive to all 16 words in array 'entry_addr_w'.
/home/lyg/PA/ysyx-workbench/npc/rv64/vsrc/memory/PmpChecker.v:126: warning: @* is sensitive to all 16 words in array 'entry_addr_w'.
/home/lyg/PA/ysyx-workbench/npc/rv64/vsrc/memory/PmpChecker.v:129: warning: @* is sensitive to all 16 words in array 'entry_addr_w'.
/home/lyg/PA/ysyx-workbench/npc/rv64/vsrc/memory/PmpChecker.v:131: warning: @* is sensitive to all 16 words in array 'entry_addr_w'.
/home/lyg/PA/ysyx-workbench/npc/rv64/vsrc/memory/PmpChecker.v:105: warning: @* is sensitive to all 16 words in array 'entry_cfg_w'.
/home/lyg/PA/ysyx-workbench/npc/rv64/vsrc/memory/PmpChecker.v:108: warning: @* is sensitive to all 16 words in array 'entry_addr_w'.
/home/lyg/PA/ysyx-workbench/npc/rv64/vsrc/memory/PmpChecker.v:109: warning: @* is sensitive to all 16 words in array 'entry_addr_w'.
/home/lyg/PA/ysyx-workbench/npc/rv64/vsrc/memory/PmpChecker.v:116: warning: @* is sensitive to all 16 words in array 'entry_addr_w'.
/home/lyg/PA/ysyx-workbench/npc/rv64/vsrc/memory/PmpChecker.v:125: warning: @* is sensitive to all 16 words in array 'entry_addr_w'.
/home/lyg/PA/ysyx-workbench/npc/rv64/vsrc/memory/PmpChecker.v:126: warning: @* is sensitive to all 16 words in array 'entry_addr_w'.
/home/lyg/PA/ysyx-workbench/npc/rv64/vsrc/memory/PmpChecker.v:129: warning: @* is sensitive to all 16 words in array 'entry_addr_w'.
/home/lyg/PA/ysyx-workbench/npc/rv64/vsrc/memory/PmpChecker.v:131: warning: @* is sensitive to all 16 words in array 'entry_addr_w'.
/home/lyg/PA/ysyx-workbench/npc/rv64/vsrc/memory/PmpChecker.v:105: warning: @* is sensitive to all 16 words in array 'entry_cfg_w'.
/home/lyg/PA/ysyx-workbench/npc/rv64/vsrc/memory/PmpChecker.v:108: warning: @* is sensitive to all 16 words in array 'entry_addr_w'.
/home/lyg/PA/ysyx-workbench/npc/rv64/vsrc/memory/PmpChecker.v:109: warning: @* is sensitive to all 16 words in array 'entry_addr_w'.
/home/lyg/PA/ysyx-workbench/npc/rv64/vsrc/memory/PmpChecker.v:116: warning: @* is sensitive to all 16 words in array 'entry_addr_w'.
/home/lyg/PA/ysyx-workbench/npc/rv64/vsrc/memory/PmpChecker.v:125: warning: @* is sensitive to all 16 words in array 'entry_addr_w'.
/home/lyg/PA/ysyx-workbench/npc/rv64/vsrc/memory/PmpChecker.v:126: warning: @* is sensitive to all 16 words in array 'entry_addr_w'.
/home/lyg/PA/ysyx-workbench/npc/rv64/vsrc/memory/PmpChecker.v:129: warning: @* is sensitive to all 16 words in array 'entry_addr_w'.
/home/lyg/PA/ysyx-workbench/npc/rv64/vsrc/memory/PmpChecker.v:131: warning: @* is sensitive to all 16 words in array 'entry_addr_w'.
/home/lyg/PA/ysyx-workbench/npc/rv64/vsrc/memory/PmpChecker.v:105: warning: @* is sensitive to all 16 words in array 'entry_cfg_w'.
/home/lyg/PA/ysyx-workbench/npc/rv64/vsrc/memory/PmpChecker.v:108: warning: @* is sensitive to all 16 words in array 'entry_addr_w'.
/home/lyg/PA/ysyx-workbench/npc/rv64/vsrc/memory/PmpChecker.v:109: warning: @* is sensitive to all 16 words in array 'entry_addr_w'.
/home/lyg/PA/ysyx-workbench/npc/rv64/vsrc/memory/PmpChecker.v:116: warning: @* is sensitive to all 16 words in array 'entry_addr_w'.
/home/lyg/PA/ysyx-workbench/npc/rv64/vsrc/memory/PmpChecker.v:125: warning: @* is sensitive to all 16 words in array 'entry_addr_w'.
/home/lyg/PA/ysyx-workbench/npc/rv64/vsrc/memory/PmpChecker.v:126: warning: @* is sensitive to all 16 words in array 'entry_addr_w'.
/home/lyg/PA/ysyx-workbench/npc/rv64/vsrc/memory/PmpChecker.v:129: warning: @* is sensitive to all 16 words in array 'entry_addr_w'.
/home/lyg/PA/ysyx-workbench/npc/rv64/vsrc/memory/PmpChecker.v:131: warning: @* is sensitive to all 16 words in array 'entry_addr_w'.
/home/lyg/PA/ysyx-workbench/npc/rv64/vsrc/memory/PmpChecker.v:105: warning: @* is sensitive to all 16 words in array 'entry_cfg_w'.
/home/lyg/PA/ysyx-workbench/npc/rv64/vsrc/memory/PmpChecker.v:108: warning: @* is sensitive to all 16 words in array 'entry_addr_w'.
/home/lyg/PA/ysyx-workbench/npc/rv64/vsrc/memory/PmpChecker.v:109: warning: @* is sensitive to all 16 words in array 'entry_addr_w'.
/home/lyg/PA/ysyx-workbench/npc/rv64/vsrc/memory/PmpChecker.v:116: warning: @* is sensitive to all 16 words in array 'entry_addr_w'.
/home/lyg/PA/ysyx-workbench/npc/rv64/vsrc/memory/PmpChecker.v:125: warning: @* is sensitive to all 16 words in array 'entry_addr_w'.
/home/lyg/PA/ysyx-workbench/npc/rv64/vsrc/memory/PmpChecker.v:126: warning: @* is sensitive to all 16 words in array 'entry_addr_w'.
/home/lyg/PA/ysyx-workbench/npc/rv64/vsrc/memory/PmpChecker.v:129: warning: @* is sensitive to all 16 words in array 'entry_addr_w'.
/home/lyg/PA/ysyx-workbench/npc/rv64/vsrc/memory/PmpChecker.v:131: warning: @* is sensitive to all 16 words in array 'entry_addr_w'.
/home/lyg/PA/ysyx-workbench/npc/rv64/vsrc/memory/PmpChecker.v:105: warning: @* is sensitive to all 16 words in array 'entry_cfg_w'.
/home/lyg/PA/ysyx-workbench/npc/rv64/vsrc/memory/PmpChecker.v:108: warning: @* is sensitive to all 16 words in array 'entry_addr_w'.
/home/lyg/PA/ysyx-workbench/npc/rv64/vsrc/memory/PmpChecker.v:109: warning: @* is sensitive to all 16 words in array 'entry_addr_w'.
/home/lyg/PA/ysyx-workbench/npc/rv64/vsrc/memory/PmpChecker.v:116: warning: @* is sensitive to all 16 words in array 'entry_addr_w'.
/home/lyg/PA/ysyx-workbench/npc/rv64/vsrc/memory/PmpChecker.v:125: warning: @* is sensitive to all 16 words in array 'entry_addr_w'.
/home/lyg/PA/ysyx-workbench/npc/rv64/vsrc/memory/PmpChecker.v:126: warning: @* is sensitive to all 16 words in array 'entry_addr_w'.
/home/lyg/PA/ysyx-workbench/npc/rv64/vsrc/memory/PmpChecker.v:129: warning: @* is sensitive to all 16 words in array 'entry_addr_w'.
/home/lyg/PA/ysyx-workbench/npc/rv64/vsrc/memory/PmpChecker.v:131: warning: @* is sensitive to all 16 words in array 'entry_addr_w'.
/home/lyg/PA/ysyx-workbench/npc/rv64/vsrc/memory/PmpChecker.v:105: warning: @* is sensitive to all 16 words in array 'entry_cfg_w'.
/home/lyg/PA/ysyx-workbench/npc/rv64/vsrc/memory/PmpChecker.v:108: warning: @* is sensitive to all 16 words in array 'entry_addr_w'.
/home/lyg/PA/ysyx-workbench/npc/rv64/vsrc/memory/PmpChecker.v:109: warning: @* is sensitive to all 16 words in array 'entry_addr_w'.
/home/lyg/PA/ysyx-workbench/npc/rv64/vsrc/memory/PmpChecker.v:116: warning: @* is sensitive to all 16 words in array 'entry_addr_w'.
/home/lyg/PA/ysyx-workbench/npc/rv64/vsrc/memory/PmpChecker.v:125: warning: @* is sensitive to all 16 words in array 'entry_addr_w'.
/home/lyg/PA/ysyx-workbench/npc/rv64/vsrc/memory/PmpChecker.v:126: warning: @* is sensitive to all 16 words in array 'entry_addr_w'.
/home/lyg/PA/ysyx-workbench/npc/rv64/vsrc/memory/PmpChecker.v:129: warning: @* is sensitive to all 16 words in array 'entry_addr_w'.
/home/lyg/PA/ysyx-workbench/npc/rv64/vsrc/memory/PmpChecker.v:131: warning: @* is sensitive to all 16 words in array 'entry_addr_w'.
/home/lyg/PA/ysyx-workbench/npc/rv64/vsrc/memory/PmpChecker.v:105: warning: @* is sensitive to all 16 words in array 'entry_cfg_w'.
/home/lyg/PA/ysyx-workbench/npc/rv64/vsrc/memory/PmpChecker.v:108: warning: @* is sensitive to all 16 words in array 'entry_addr_w'.
/home/lyg/PA/ysyx-workbench/npc/rv64/vsrc/memory/PmpChecker.v:109: warning: @* is sensitive to all 16 words in array 'entry_addr_w'.
/home/lyg/PA/ysyx-workbench/npc/rv64/vsrc/memory/PmpChecker.v:116: warning: @* is sensitive to all 16 words in array 'entry_addr_w'.
/home/lyg/PA/ysyx-workbench/npc/rv64/vsrc/memory/PmpChecker.v:125: warning: @* is sensitive to all 16 words in array 'entry_addr_w'.
/home/lyg/PA/ysyx-workbench/npc/rv64/vsrc/memory/PmpChecker.v:126: warning: @* is sensitive to all 16 words in array 'entry_addr_w'.
/home/lyg/PA/ysyx-workbench/npc/rv64/vsrc/memory/PmpChecker.v:129: warning: @* is sensitive to all 16 words in array 'entry_addr_w'.
/home/lyg/PA/ysyx-workbench/npc/rv64/vsrc/memory/PmpChecker.v:131: warning: @* is sensitive to all 16 words in array 'entry_addr_w'.
/home/lyg/PA/ysyx-workbench/npc/rv64/vsrc/memory/PmpChecker.v:105: warning: @* is sensitive to all 16 words in array 'entry_cfg_w'.
/home/lyg/PA/ysyx-workbench/npc/rv64/vsrc/memory/PmpChecker.v:108: warning: @* is sensitive to all 16 words in array 'entry_addr_w'.
/home/lyg/PA/ysyx-workbench/npc/rv64/vsrc/memory/PmpChecker.v:109: warning: @* is sensitive to all 16 words in array 'entry_addr_w'.
/home/lyg/PA/ysyx-workbench/npc/rv64/vsrc/memory/PmpChecker.v:116: warning: @* is sensitive to all 16 words in array 'entry_addr_w'.
/home/lyg/PA/ysyx-workbench/npc/rv64/vsrc/memory/PmpChecker.v:125: warning: @* is sensitive to all 16 words in array 'entry_addr_w'.
/home/lyg/PA/ysyx-workbench/npc/rv64/vsrc/memory/PmpChecker.v:126: warning: @* is sensitive to all 16 words in array 'entry_addr_w'.
/home/lyg/PA/ysyx-workbench/npc/rv64/vsrc/memory/PmpChecker.v:129: warning: @* is sensitive to all 16 words in array 'entry_addr_w'.
/home/lyg/PA/ysyx-workbench/npc/rv64/vsrc/memory/PmpChecker.v:131: warning: @* is sensitive to all 16 words in array 'entry_addr_w'.
/home/lyg/PA/ysyx-workbench/npc/rv64/vsrc/memory/PmpChecker.v:105: warning: @* is sensitive to all 16 words in array 'entry_cfg_w'.
/home/lyg/PA/ysyx-workbench/npc/rv64/vsrc/memory/PmpChecker.v:108: warning: @* is sensitive to all 16 words in array 'entry_addr_w'.
/home/lyg/PA/ysyx-workbench/npc/rv64/vsrc/memory/PmpChecker.v:109: warning: @* is sensitive to all 16 words in array 'entry_addr_w'.
/home/lyg/PA/ysyx-workbench/npc/rv64/vsrc/memory/PmpChecker.v:116: warning: @* is sensitive to all 16 words in array 'entry_addr_w'.
/home/lyg/PA/ysyx-workbench/npc/rv64/vsrc/memory/PmpChecker.v:125: warning: @* is sensitive to all 16 words in array 'entry_addr_w'.
/home/lyg/PA/ysyx-workbench/npc/rv64/vsrc/memory/PmpChecker.v:126: warning: @* is sensitive to all 16 words in array 'entry_addr_w'.
/home/lyg/PA/ysyx-workbench/npc/rv64/vsrc/memory/PmpChecker.v:129: warning: @* is sensitive to all 16 words in array 'entry_addr_w'.
/home/lyg/PA/ysyx-workbench/npc/rv64/vsrc/memory/PmpChecker.v:131: warning: @* is sensitive to all 16 words in array 'entry_addr_w'.
/home/lyg/PA/ysyx-workbench/npc/rv64/vsrc/memory/PmpChecker.v:105: warning: @* is sensitive to all 16 words in array 'entry_cfg_w'.
/home/lyg/PA/ysyx-workbench/npc/rv64/vsrc/memory/PmpChecker.v:108: warning: @* is sensitive to all 16 words in array 'entry_addr_w'.
/home/lyg/PA/ysyx-workbench/npc/rv64/vsrc/memory/PmpChecker.v:109: warning: @* is sensitive to all 16 words in array 'entry_addr_w'.
/home/lyg/PA/ysyx-workbench/npc/rv64/vsrc/memory/PmpChecker.v:116: warning: @* is sensitive to all 16 words in array 'entry_addr_w'.
/home/lyg/PA/ysyx-workbench/npc/rv64/vsrc/memory/PmpChecker.v:125: warning: @* is sensitive to all 16 words in array 'entry_addr_w'.
/home/lyg/PA/ysyx-workbench/npc/rv64/vsrc/memory/PmpChecker.v:126: warning: @* is sensitive to all 16 words in array 'entry_addr_w'.
/home/lyg/PA/ysyx-workbench/npc/rv64/vsrc/memory/PmpChecker.v:129: warning: @* is sensitive to all 16 words in array 'entry_addr_w'.
/home/lyg/PA/ysyx-workbench/npc/rv64/vsrc/memory/PmpChecker.v:131: warning: @* is sensitive to all 16 words in array 'entry_addr_w'.
/home/lyg/PA/ysyx-workbench/npc/rv64/vsrc/memory/PmpChecker.v:163: warning: @* is sensitive to all 16 words in array 'entry_cfg_w'.
/home/lyg/PA/ysyx-workbench/npc/rv64/vsrc/memory/PmpChecker.v:108: warning: returning 'bx for out of bounds array access entry_addr_w[-1].
/home/lyg/PA/ysyx-workbench/npc/rv64/vsrc/memory/PmpChecker.v:105: warning: @* is sensitive to all 16 words in array 'entry_cfg_w'.
/home/lyg/PA/ysyx-workbench/npc/rv64/vsrc/memory/PmpChecker.v:109: warning: @* is sensitive to all 16 words in array 'entry_addr_w'.
/home/lyg/PA/ysyx-workbench/npc/rv64/vsrc/memory/PmpChecker.v:116: warning: @* is sensitive to all 16 words in array 'entry_addr_w'.
/home/lyg/PA/ysyx-workbench/npc/rv64/vsrc/memory/PmpChecker.v:125: warning: @* is sensitive to all 16 words in array 'entry_addr_w'.
/home/lyg/PA/ysyx-workbench/npc/rv64/vsrc/memory/PmpChecker.v:126: warning: @* is sensitive to all 16 words in array 'entry_addr_w'.
/home/lyg/PA/ysyx-workbench/npc/rv64/vsrc/memory/PmpChecker.v:129: warning: @* is sensitive to all 16 words in array 'entry_addr_w'.
/home/lyg/PA/ysyx-workbench/npc/rv64/vsrc/memory/PmpChecker.v:131: warning: @* is sensitive to all 16 words in array 'entry_addr_w'.
/home/lyg/PA/ysyx-workbench/npc/rv64/vsrc/memory/PmpChecker.v:105: warning: @* is sensitive to all 16 words in array 'entry_cfg_w'.
/home/lyg/PA/ysyx-workbench/npc/rv64/vsrc/memory/PmpChecker.v:108: warning: @* is sensitive to all 16 words in array 'entry_addr_w'.
/home/lyg/PA/ysyx-workbench/npc/rv64/vsrc/memory/PmpChecker.v:109: warning: @* is sensitive to all 16 words in array 'entry_addr_w'.
/home/lyg/PA/ysyx-workbench/npc/rv64/vsrc/memory/PmpChecker.v:116: warning: @* is sensitive to all 16 words in array 'entry_addr_w'.
/home/lyg/PA/ysyx-workbench/npc/rv64/vsrc/memory/PmpChecker.v:125: warning: @* is sensitive to all 16 words in array 'entry_addr_w'.
/home/lyg/PA/ysyx-workbench/npc/rv64/vsrc/memory/PmpChecker.v:126: warning: @* is sensitive to all 16 words in array 'entry_addr_w'.
/home/lyg/PA/ysyx-workbench/npc/rv64/vsrc/memory/PmpChecker.v:129: warning: @* is sensitive to all 16 words in array 'entry_addr_w'.
/home/lyg/PA/ysyx-workbench/npc/rv64/vsrc/memory/PmpChecker.v:131: warning: @* is sensitive to all 16 words in array 'entry_addr_w'.
/home/lyg/PA/ysyx-workbench/npc/rv64/vsrc/memory/PmpChecker.v:105: warning: @* is sensitive to all 16 words in array 'entry_cfg_w'.
/home/lyg/PA/ysyx-workbench/npc/rv64/vsrc/memory/PmpChecker.v:108: warning: @* is sensitive to all 16 words in array 'entry_addr_w'.
/home/lyg/PA/ysyx-workbench/npc/rv64/vsrc/memory/PmpChecker.v:109: warning: @* is sensitive to all 16 words in array 'entry_addr_w'.
/home/lyg/PA/ysyx-workbench/npc/rv64/vsrc/memory/PmpChecker.v:116: warning: @* is sensitive to all 16 words in array 'entry_addr_w'.
/home/lyg/PA/ysyx-workbench/npc/rv64/vsrc/memory/PmpChecker.v:125: warning: @* is sensitive to all 16 words in array 'entry_addr_w'.
/home/lyg/PA/ysyx-workbench/npc/rv64/vsrc/memory/PmpChecker.v:126: warning: @* is sensitive to all 16 words in array 'entry_addr_w'.
/home/lyg/PA/ysyx-workbench/npc/rv64/vsrc/memory/PmpChecker.v:129: warning: @* is sensitive to all 16 words in array 'entry_addr_w'.
/home/lyg/PA/ysyx-workbench/npc/rv64/vsrc/memory/PmpChecker.v:131: warning: @* is sensitive to all 16 words in array 'entry_addr_w'.
/home/lyg/PA/ysyx-workbench/npc/rv64/vsrc/memory/PmpChecker.v:105: warning: @* is sensitive to all 16 words in array 'entry_cfg_w'.
/home/lyg/PA/ysyx-workbench/npc/rv64/vsrc/memory/PmpChecker.v:108: warning: @* is sensitive to all 16 words in array 'entry_addr_w'.
/home/lyg/PA/ysyx-workbench/npc/rv64/vsrc/memory/PmpChecker.v:109: warning: @* is sensitive to all 16 words in array 'entry_addr_w'.
/home/lyg/PA/ysyx-workbench/npc/rv64/vsrc/memory/PmpChecker.v:116: warning: @* is sensitive to all 16 words in array 'entry_addr_w'.
/home/lyg/PA/ysyx-workbench/npc/rv64/vsrc/memory/PmpChecker.v:125: warning: @* is sensitive to all 16 words in array 'entry_addr_w'.
/home/lyg/PA/ysyx-workbench/npc/rv64/vsrc/memory/PmpChecker.v:126: warning: @* is sensitive to all 16 words in array 'entry_addr_w'.
/home/lyg/PA/ysyx-workbench/npc/rv64/vsrc/memory/PmpChecker.v:129: warning: @* is sensitive to all 16 words in array 'entry_addr_w'.
/home/lyg/PA/ysyx-workbench/npc/rv64/vsrc/memory/PmpChecker.v:131: warning: @* is sensitive to all 16 words in array 'entry_addr_w'.
/home/lyg/PA/ysyx-workbench/npc/rv64/vsrc/memory/PmpChecker.v:105: warning: @* is sensitive to all 16 words in array 'entry_cfg_w'.
/home/lyg/PA/ysyx-workbench/npc/rv64/vsrc/memory/PmpChecker.v:108: warning: @* is sensitive to all 16 words in array 'entry_addr_w'.
/home/lyg/PA/ysyx-workbench/npc/rv64/vsrc/memory/PmpChecker.v:109: warning: @* is sensitive to all 16 words in array 'entry_addr_w'.
/home/lyg/PA/ysyx-workbench/npc/rv64/vsrc/memory/PmpChecker.v:116: warning: @* is sensitive to all 16 words in array 'entry_addr_w'.
/home/lyg/PA/ysyx-workbench/npc/rv64/vsrc/memory/PmpChecker.v:125: warning: @* is sensitive to all 16 words in array 'entry_addr_w'.
/home/lyg/PA/ysyx-workbench/npc/rv64/vsrc/memory/PmpChecker.v:126: warning: @* is sensitive to all 16 words in array 'entry_addr_w'.
/home/lyg/PA/ysyx-workbench/npc/rv64/vsrc/memory/PmpChecker.v:129: warning: @* is sensitive to all 16 words in array 'entry_addr_w'.
/home/lyg/PA/ysyx-workbench/npc/rv64/vsrc/memory/PmpChecker.v:131: warning: @* is sensitive to all 16 words in array 'entry_addr_w'.
/home/lyg/PA/ysyx-workbench/npc/rv64/vsrc/memory/PmpChecker.v:105: warning: @* is sensitive to all 16 words in array 'entry_cfg_w'.
/home/lyg/PA/ysyx-workbench/npc/rv64/vsrc/memory/PmpChecker.v:108: warning: @* is sensitive to all 16 words in array 'entry_addr_w'.
/home/lyg/PA/ysyx-workbench/npc/rv64/vsrc/memory/PmpChecker.v:109: warning: @* is sensitive to all 16 words in array 'entry_addr_w'.
/home/lyg/PA/ysyx-workbench/npc/rv64/vsrc/memory/PmpChecker.v:116: warning: @* is sensitive to all 16 words in array 'entry_addr_w'.
/home/lyg/PA/ysyx-workbench/npc/rv64/vsrc/memory/PmpChecker.v:125: warning: @* is sensitive to all 16 words in array 'entry_addr_w'.
/home/lyg/PA/ysyx-workbench/npc/rv64/vsrc/memory/PmpChecker.v:126: warning: @* is sensitive to all 16 words in array 'entry_addr_w'.
/home/lyg/PA/ysyx-workbench/npc/rv64/vsrc/memory/PmpChecker.v:129: warning: @* is sensitive to all 16 words in array 'entry_addr_w'.
/home/lyg/PA/ysyx-workbench/npc/rv64/vsrc/memory/PmpChecker.v:131: warning: @* is sensitive to all 16 words in array 'entry_addr_w'.
/home/lyg/PA/ysyx-workbench/npc/rv64/vsrc/memory/PmpChecker.v:105: warning: @* is sensitive to all 16 words in array 'entry_cfg_w'.
/home/lyg/PA/ysyx-workbench/npc/rv64/vsrc/memory/PmpChecker.v:108: warning: @* is sensitive to all 16 words in array 'entry_addr_w'.
/home/lyg/PA/ysyx-workbench/npc/rv64/vsrc/memory/PmpChecker.v:109: warning: @* is sensitive to all 16 words in array 'entry_addr_w'.
/home/lyg/PA/ysyx-workbench/npc/rv64/vsrc/memory/PmpChecker.v:116: warning: @* is sensitive to all 16 words in array 'entry_addr_w'.
/home/lyg/PA/ysyx-workbench/npc/rv64/vsrc/memory/PmpChecker.v:125: warning: @* is sensitive to all 16 words in array 'entry_addr_w'.
/home/lyg/PA/ysyx-workbench/npc/rv64/vsrc/memory/PmpChecker.v:126: warning: @* is sensitive to all 16 words in array 'entry_addr_w'.
/home/lyg/PA/ysyx-workbench/npc/rv64/vsrc/memory/PmpChecker.v:129: warning: @* is sensitive to all 16 words in array 'entry_addr_w'.
/home/lyg/PA/ysyx-workbench/npc/rv64/vsrc/memory/PmpChecker.v:131: warning: @* is sensitive to all 16 words in array 'entry_addr_w'.
/home/lyg/PA/ysyx-workbench/npc/rv64/vsrc/memory/PmpChecker.v:105: warning: @* is sensitive to all 16 words in array 'entry_cfg_w'.
/home/lyg/PA/ysyx-workbench/npc/rv64/vsrc/memory/PmpChecker.v:108: warning: @* is sensitive to all 16 words in array 'entry_addr_w'.
/home/lyg/PA/ysyx-workbench/npc/rv64/vsrc/memory/PmpChecker.v:109: warning: @* is sensitive to all 16 words in array 'entry_addr_w'.
/home/lyg/PA/ysyx-workbench/npc/rv64/vsrc/memory/PmpChecker.v:116: warning: @* is sensitive to all 16 words in array 'entry_addr_w'.
/home/lyg/PA/ysyx-workbench/npc/rv64/vsrc/memory/PmpChecker.v:125: warning: @* is sensitive to all 16 words in array 'entry_addr_w'.
/home/lyg/PA/ysyx-workbench/npc/rv64/vsrc/memory/PmpChecker.v:126: warning: @* is sensitive to all 16 words in array 'entry_addr_w'.
/home/lyg/PA/ysyx-workbench/npc/rv64/vsrc/memory/PmpChecker.v:129: warning: @* is sensitive to all 16 words in array 'entry_addr_w'.
/home/lyg/PA/ysyx-workbench/npc/rv64/vsrc/memory/PmpChecker.v:131: warning: @* is sensitive to all 16 words in array 'entry_addr_w'.
/home/lyg/PA/ysyx-workbench/npc/rv64/vsrc/memory/PmpChecker.v:105: warning: @* is sensitive to all 16 words in array 'entry_cfg_w'.
/home/lyg/PA/ysyx-workbench/npc/rv64/vsrc/memory/PmpChecker.v:108: warning: @* is sensitive to all 16 words in array 'entry_addr_w'.
/home/lyg/PA/ysyx-workbench/npc/rv64/vsrc/memory/PmpChecker.v:109: warning: @* is sensitive to all 16 words in array 'entry_addr_w'.
/home/lyg/PA/ysyx-workbench/npc/rv64/vsrc/memory/PmpChecker.v:116: warning: @* is sensitive to all 16 words in array 'entry_addr_w'.
/home/lyg/PA/ysyx-workbench/npc/rv64/vsrc/memory/PmpChecker.v:125: warning: @* is sensitive to all 16 words in array 'entry_addr_w'.
/home/lyg/PA/ysyx-workbench/npc/rv64/vsrc/memory/PmpChecker.v:126: warning: @* is sensitive to all 16 words in array 'entry_addr_w'.
/home/lyg/PA/ysyx-workbench/npc/rv64/vsrc/memory/PmpChecker.v:129: warning: @* is sensitive to all 16 words in array 'entry_addr_w'.
/home/lyg/PA/ysyx-workbench/npc/rv64/vsrc/memory/PmpChecker.v:131: warning: @* is sensitive to all 16 words in array 'entry_addr_w'.
/home/lyg/PA/ysyx-workbench/npc/rv64/vsrc/memory/PmpChecker.v:105: warning: @* is sensitive to all 16 words in array 'entry_cfg_w'.
/home/lyg/PA/ysyx-workbench/npc/rv64/vsrc/memory/PmpChecker.v:108: warning: @* is sensitive to all 16 words in array 'entry_addr_w'.
/home/lyg/PA/ysyx-workbench/npc/rv64/vsrc/memory/PmpChecker.v:109: warning: @* is sensitive to all 16 words in array 'entry_addr_w'.
/home/lyg/PA/ysyx-workbench/npc/rv64/vsrc/memory/PmpChecker.v:116: warning: @* is sensitive to all 16 words in array 'entry_addr_w'.
/home/lyg/PA/ysyx-workbench/npc/rv64/vsrc/memory/PmpChecker.v:125: warning: @* is sensitive to all 16 words in array 'entry_addr_w'.
/home/lyg/PA/ysyx-workbench/npc/rv64/vsrc/memory/PmpChecker.v:126: warning: @* is sensitive to all 16 words in array 'entry_addr_w'.
/home/lyg/PA/ysyx-workbench/npc/rv64/vsrc/memory/PmpChecker.v:129: warning: @* is sensitive to all 16 words in array 'entry_addr_w'.
/home/lyg/PA/ysyx-workbench/npc/rv64/vsrc/memory/PmpChecker.v:131: warning: @* is sensitive to all 16 words in array 'entry_addr_w'.
/home/lyg/PA/ysyx-workbench/npc/rv64/vsrc/memory/PmpChecker.v:105: warning: @* is sensitive to all 16 words in array 'entry_cfg_w'.
/home/lyg/PA/ysyx-workbench/npc/rv64/vsrc/memory/PmpChecker.v:108: warning: @* is sensitive to all 16 words in array 'entry_addr_w'.
/home/lyg/PA/ysyx-workbench/npc/rv64/vsrc/memory/PmpChecker.v:109: warning: @* is sensitive to all 16 words in array 'entry_addr_w'.
/home/lyg/PA/ysyx-workbench/npc/rv64/vsrc/memory/PmpChecker.v:116: warning: @* is sensitive to all 16 words in array 'entry_addr_w'.
/home/lyg/PA/ysyx-workbench/npc/rv64/vsrc/memory/PmpChecker.v:125: warning: @* is sensitive to all 16 words in array 'entry_addr_w'.
/home/lyg/PA/ysyx-workbench/npc/rv64/vsrc/memory/PmpChecker.v:126: warning: @* is sensitive to all 16 words in array 'entry_addr_w'.
/home/lyg/PA/ysyx-workbench/npc/rv64/vsrc/memory/PmpChecker.v:129: warning: @* is sensitive to all 16 words in array 'entry_addr_w'.
/home/lyg/PA/ysyx-workbench/npc/rv64/vsrc/memory/PmpChecker.v:131: warning: @* is sensitive to all 16 words in array 'entry_addr_w'.
/home/lyg/PA/ysyx-workbench/npc/rv64/vsrc/memory/PmpChecker.v:105: warning: @* is sensitive to all 16 words in array 'entry_cfg_w'.
/home/lyg/PA/ysyx-workbench/npc/rv64/vsrc/memory/PmpChecker.v:108: warning: @* is sensitive to all 16 words in array 'entry_addr_w'.
/home/lyg/PA/ysyx-workbench/npc/rv64/vsrc/memory/PmpChecker.v:109: warning: @* is sensitive to all 16 words in array 'entry_addr_w'.
/home/lyg/PA/ysyx-workbench/npc/rv64/vsrc/memory/PmpChecker.v:116: warning: @* is sensitive to all 16 words in array 'entry_addr_w'.
/home/lyg/PA/ysyx-workbench/npc/rv64/vsrc/memory/PmpChecker.v:125: warning: @* is sensitive to all 16 words in array 'entry_addr_w'.
/home/lyg/PA/ysyx-workbench/npc/rv64/vsrc/memory/PmpChecker.v:126: warning: @* is sensitive to all 16 words in array 'entry_addr_w'.
/home/lyg/PA/ysyx-workbench/npc/rv64/vsrc/memory/PmpChecker.v:129: warning: @* is sensitive to all 16 words in array 'entry_addr_w'.
/home/lyg/PA/ysyx-workbench/npc/rv64/vsrc/memory/PmpChecker.v:131: warning: @* is sensitive to all 16 words in array 'entry_addr_w'.
/home/lyg/PA/ysyx-workbench/npc/rv64/vsrc/memory/PmpChecker.v:105: warning: @* is sensitive to all 16 words in array 'entry_cfg_w'.
/home/lyg/PA/ysyx-workbench/npc/rv64/vsrc/memory/PmpChecker.v:108: warning: @* is sensitive to all 16 words in array 'entry_addr_w'.
/home/lyg/PA/ysyx-workbench/npc/rv64/vsrc/memory/PmpChecker.v:109: warning: @* is sensitive to all 16 words in array 'entry_addr_w'.
/home/lyg/PA/ysyx-workbench/npc/rv64/vsrc/memory/PmpChecker.v:116: warning: @* is sensitive to all 16 words in array 'entry_addr_w'.
/home/lyg/PA/ysyx-workbench/npc/rv64/vsrc/memory/PmpChecker.v:125: warning: @* is sensitive to all 16 words in array 'entry_addr_w'.
/home/lyg/PA/ysyx-workbench/npc/rv64/vsrc/memory/PmpChecker.v:126: warning: @* is sensitive to all 16 words in array 'entry_addr_w'.
/home/lyg/PA/ysyx-workbench/npc/rv64/vsrc/memory/PmpChecker.v:129: warning: @* is sensitive to all 16 words in array 'entry_addr_w'.
/home/lyg/PA/ysyx-workbench/npc/rv64/vsrc/memory/PmpChecker.v:131: warning: @* is sensitive to all 16 words in array 'entry_addr_w'.
/home/lyg/PA/ysyx-workbench/npc/rv64/vsrc/memory/PmpChecker.v:105: warning: @* is sensitive to all 16 words in array 'entry_cfg_w'.
/home/lyg/PA/ysyx-workbench/npc/rv64/vsrc/memory/PmpChecker.v:108: warning: @* is sensitive to all 16 words in array 'entry_addr_w'.
/home/lyg/PA/ysyx-workbench/npc/rv64/vsrc/memory/PmpChecker.v:109: warning: @* is sensitive to all 16 words in array 'entry_addr_w'.
/home/lyg/PA/ysyx-workbench/npc/rv64/vsrc/memory/PmpChecker.v:116: warning: @* is sensitive to all 16 words in array 'entry_addr_w'.
/home/lyg/PA/ysyx-workbench/npc/rv64/vsrc/memory/PmpChecker.v:125: warning: @* is sensitive to all 16 words in array 'entry_addr_w'.
/home/lyg/PA/ysyx-workbench/npc/rv64/vsrc/memory/PmpChecker.v:126: warning: @* is sensitive to all 16 words in array 'entry_addr_w'.
/home/lyg/PA/ysyx-workbench/npc/rv64/vsrc/memory/PmpChecker.v:129: warning: @* is sensitive to all 16 words in array 'entry_addr_w'.
/home/lyg/PA/ysyx-workbench/npc/rv64/vsrc/memory/PmpChecker.v:131: warning: @* is sensitive to all 16 words in array 'entry_addr_w'.
/home/lyg/PA/ysyx-workbench/npc/rv64/vsrc/memory/PmpChecker.v:105: warning: @* is sensitive to all 16 words in array 'entry_cfg_w'.
/home/lyg/PA/ysyx-workbench/npc/rv64/vsrc/memory/PmpChecker.v:108: warning: @* is sensitive to all 16 words in array 'entry_addr_w'.
/home/lyg/PA/ysyx-workbench/npc/rv64/vsrc/memory/PmpChecker.v:109: warning: @* is sensitive to all 16 words in array 'entry_addr_w'.
/home/lyg/PA/ysyx-workbench/npc/rv64/vsrc/memory/PmpChecker.v:116: warning: @* is sensitive to all 16 words in array 'entry_addr_w'.
/home/lyg/PA/ysyx-workbench/npc/rv64/vsrc/memory/PmpChecker.v:125: warning: @* is sensitive to all 16 words in array 'entry_addr_w'.
/home/lyg/PA/ysyx-workbench/npc/rv64/vsrc/memory/PmpChecker.v:126: warning: @* is sensitive to all 16 words in array 'entry_addr_w'.
/home/lyg/PA/ysyx-workbench/npc/rv64/vsrc/memory/PmpChecker.v:129: warning: @* is sensitive to all 16 words in array 'entry_addr_w'.
/home/lyg/PA/ysyx-workbench/npc/rv64/vsrc/memory/PmpChecker.v:131: warning: @* is sensitive to all 16 words in array 'entry_addr_w'.
/home/lyg/PA/ysyx-workbench/npc/rv64/vsrc/memory/PmpChecker.v:105: warning: @* is sensitive to all 16 words in array 'entry_cfg_w'.
/home/lyg/PA/ysyx-workbench/npc/rv64/vsrc/memory/PmpChecker.v:108: warning: @* is sensitive to all 16 words in array 'entry_addr_w'.
/home/lyg/PA/ysyx-workbench/npc/rv64/vsrc/memory/PmpChecker.v:109: warning: @* is sensitive to all 16 words in array 'entry_addr_w'.
/home/lyg/PA/ysyx-workbench/npc/rv64/vsrc/memory/PmpChecker.v:116: warning: @* is sensitive to all 16 words in array 'entry_addr_w'.
/home/lyg/PA/ysyx-workbench/npc/rv64/vsrc/memory/PmpChecker.v:125: warning: @* is sensitive to all 16 words in array 'entry_addr_w'.
/home/lyg/PA/ysyx-workbench/npc/rv64/vsrc/memory/PmpChecker.v:126: warning: @* is sensitive to all 16 words in array 'entry_addr_w'.
/home/lyg/PA/ysyx-workbench/npc/rv64/vsrc/memory/PmpChecker.v:129: warning: @* is sensitive to all 16 words in array 'entry_addr_w'.
/home/lyg/PA/ysyx-workbench/npc/rv64/vsrc/memory/PmpChecker.v:131: warning: @* is sensitive to all 16 words in array 'entry_addr_w'.
/home/lyg/PA/ysyx-workbench/npc/rv64/vsrc/memory/PmpChecker.v:163: warning: @* is sensitive to all 16 words in array 'entry_cfg_w'.
/home/lyg/PA/ysyx-workbench/npc/rv64/vsrc/memory/PmpChecker.v:108: warning: returning 'bx for out of bounds array access entry_addr_w[-1].
/home/lyg/PA/ysyx-workbench/npc/rv64/vsrc/memory/PmpChecker.v:105: warning: @* is sensitive to all 16 words in array 'entry_cfg_w'.
/home/lyg/PA/ysyx-workbench/npc/rv64/vsrc/memory/PmpChecker.v:109: warning: @* is sensitive to all 16 words in array 'entry_addr_w'.
/home/lyg/PA/ysyx-workbench/npc/rv64/vsrc/memory/PmpChecker.v:116: warning: @* is sensitive to all 16 words in array 'entry_addr_w'.
/home/lyg/PA/ysyx-workbench/npc/rv64/vsrc/memory/PmpChecker.v:125: warning: @* is sensitive to all 16 words in array 'entry_addr_w'.
/home/lyg/PA/ysyx-workbench/npc/rv64/vsrc/memory/PmpChecker.v:126: warning: @* is sensitive to all 16 words in array 'entry_addr_w'.
/home/lyg/PA/ysyx-workbench/npc/rv64/vsrc/memory/PmpChecker.v:129: warning: @* is sensitive to all 16 words in array 'entry_addr_w'.
/home/lyg/PA/ysyx-workbench/npc/rv64/vsrc/memory/PmpChecker.v:131: warning: @* is sensitive to all 16 words in array 'entry_addr_w'.
/home/lyg/PA/ysyx-workbench/npc/rv64/vsrc/memory/PmpChecker.v:105: warning: @* is sensitive to all 16 words in array 'entry_cfg_w'.
/home/lyg/PA/ysyx-workbench/npc/rv64/vsrc/memory/PmpChecker.v:108: warning: @* is sensitive to all 16 words in array 'entry_addr_w'.
/home/lyg/PA/ysyx-workbench/npc/rv64/vsrc/memory/PmpChecker.v:109: warning: @* is sensitive to all 16 words in array 'entry_addr_w'.
/home/lyg/PA/ysyx-workbench/npc/rv64/vsrc/memory/PmpChecker.v:116: warning: @* is sensitive to all 16 words in array 'entry_addr_w'.
/home/lyg/PA/ysyx-workbench/npc/rv64/vsrc/memory/PmpChecker.v:125: warning: @* is sensitive to all 16 words in array 'entry_addr_w'.
/home/lyg/PA/ysyx-workbench/npc/rv64/vsrc/memory/PmpChecker.v:126: warning: @* is sensitive to all 16 words in array 'entry_addr_w'.
/home/lyg/PA/ysyx-workbench/npc/rv64/vsrc/memory/PmpChecker.v:129: warning: @* is sensitive to all 16 words in array 'entry_addr_w'.
/home/lyg/PA/ysyx-workbench/npc/rv64/vsrc/memory/PmpChecker.v:131: warning: @* is sensitive to all 16 words in array 'entry_addr_w'.
/home/lyg/PA/ysyx-workbench/npc/rv64/vsrc/memory/PmpChecker.v:105: warning: @* is sensitive to all 16 words in array 'entry_cfg_w'.
/home/lyg/PA/ysyx-workbench/npc/rv64/vsrc/memory/PmpChecker.v:108: warning: @* is sensitive to all 16 words in array 'entry_addr_w'.
/home/lyg/PA/ysyx-workbench/npc/rv64/vsrc/memory/PmpChecker.v:109: warning: @* is sensitive to all 16 words in array 'entry_addr_w'.
/home/lyg/PA/ysyx-workbench/npc/rv64/vsrc/memory/PmpChecker.v:116: warning: @* is sensitive to all 16 words in array 'entry_addr_w'.
/home/lyg/PA/ysyx-workbench/npc/rv64/vsrc/memory/PmpChecker.v:125: warning: @* is sensitive to all 16 words in array 'entry_addr_w'.
/home/lyg/PA/ysyx-workbench/npc/rv64/vsrc/memory/PmpChecker.v:126: warning: @* is sensitive to all 16 words in array 'entry_addr_w'.
/home/lyg/PA/ysyx-workbench/npc/rv64/vsrc/memory/PmpChecker.v:129: warning: @* is sensitive to all 16 words in array 'entry_addr_w'.
/home/lyg/PA/ysyx-workbench/npc/rv64/vsrc/memory/PmpChecker.v:131: warning: @* is sensitive to all 16 words in array 'entry_addr_w'.
/home/lyg/PA/ysyx-workbench/npc/rv64/vsrc/memory/PmpChecker.v:105: warning: @* is sensitive to all 16 words in array 'entry_cfg_w'.
/home/lyg/PA/ysyx-workbench/npc/rv64/vsrc/memory/PmpChecker.v:108: warning: @* is sensitive to all 16 words in array 'entry_addr_w'.
/home/lyg/PA/ysyx-workbench/npc/rv64/vsrc/memory/PmpChecker.v:109: warning: @* is sensitive to all 16 words in array 'entry_addr_w'.
/home/lyg/PA/ysyx-workbench/npc/rv64/vsrc/memory/PmpChecker.v:116: warning: @* is sensitive to all 16 words in array 'entry_addr_w'.
/home/lyg/PA/ysyx-workbench/npc/rv64/vsrc/memory/PmpChecker.v:125: warning: @* is sensitive to all 16 words in array 'entry_addr_w'.
/home/lyg/PA/ysyx-workbench/npc/rv64/vsrc/memory/PmpChecker.v:126: warning: @* is sensitive to all 16 words in array 'entry_addr_w'.
/home/lyg/PA/ysyx-workbench/npc/rv64/vsrc/memory/PmpChecker.v:129: warning: @* is sensitive to all 16 words in array 'entry_addr_w'.
/home/lyg/PA/ysyx-workbench/npc/rv64/vsrc/memory/PmpChecker.v:131: warning: @* is sensitive to all 16 words in array 'entry_addr_w'.
/home/lyg/PA/ysyx-workbench/npc/rv64/vsrc/memory/PmpChecker.v:105: warning: @* is sensitive to all 16 words in array 'entry_cfg_w'.
/home/lyg/PA/ysyx-workbench/npc/rv64/vsrc/memory/PmpChecker.v:108: warning: @* is sensitive to all 16 words in array 'entry_addr_w'.
/home/lyg/PA/ysyx-workbench/npc/rv64/vsrc/memory/PmpChecker.v:109: warning: @* is sensitive to all 16 words in array 'entry_addr_w'.
/home/lyg/PA/ysyx-workbench/npc/rv64/vsrc/memory/PmpChecker.v:116: warning: @* is sensitive to all 16 words in array 'entry_addr_w'.
/home/lyg/PA/ysyx-workbench/npc/rv64/vsrc/memory/PmpChecker.v:125: warning: @* is sensitive to all 16 words in array 'entry_addr_w'.
/home/lyg/PA/ysyx-workbench/npc/rv64/vsrc/memory/PmpChecker.v:126: warning: @* is sensitive to all 16 words in array 'entry_addr_w'.
/home/lyg/PA/ysyx-workbench/npc/rv64/vsrc/memory/PmpChecker.v:129: warning: @* is sensitive to all 16 words in array 'entry_addr_w'.
/home/lyg/PA/ysyx-workbench/npc/rv64/vsrc/memory/PmpChecker.v:131: warning: @* is sensitive to all 16 words in array 'entry_addr_w'.
/home/lyg/PA/ysyx-workbench/npc/rv64/vsrc/memory/PmpChecker.v:105: warning: @* is sensitive to all 16 words in array 'entry_cfg_w'.
/home/lyg/PA/ysyx-workbench/npc/rv64/vsrc/memory/PmpChecker.v:108: warning: @* is sensitive to all 16 words in array 'entry_addr_w'.
/home/lyg/PA/ysyx-workbench/npc/rv64/vsrc/memory/PmpChecker.v:109: warning: @* is sensitive to all 16 words in array 'entry_addr_w'.
/home/lyg/PA/ysyx-workbench/npc/rv64/vsrc/memory/PmpChecker.v:116: warning: @* is sensitive to all 16 words in array 'entry_addr_w'.
/home/lyg/PA/ysyx-workbench/npc/rv64/vsrc/memory/PmpChecker.v:125: warning: @* is sensitive to all 16 words in array 'entry_addr_w'.
/home/lyg/PA/ysyx-workbench/npc/rv64/vsrc/memory/PmpChecker.v:126: warning: @* is sensitive to all 16 words in array 'entry_addr_w'.
/home/lyg/PA/ysyx-workbench/npc/rv64/vsrc/memory/PmpChecker.v:129: warning: @* is sensitive to all 16 words in array 'entry_addr_w'.
/home/lyg/PA/ysyx-workbench/npc/rv64/vsrc/memory/PmpChecker.v:131: warning: @* is sensitive to all 16 words in array 'entry_addr_w'.
/home/lyg/PA/ysyx-workbench/npc/rv64/vsrc/memory/PmpChecker.v:105: warning: @* is sensitive to all 16 words in array 'entry_cfg_w'.
/home/lyg/PA/ysyx-workbench/npc/rv64/vsrc/memory/PmpChecker.v:108: warning: @* is sensitive to all 16 words in array 'entry_addr_w'.
/home/lyg/PA/ysyx-workbench/npc/rv64/vsrc/memory/PmpChecker.v:109: warning: @* is sensitive to all 16 words in array 'entry_addr_w'.
/home/lyg/PA/ysyx-workbench/npc/rv64/vsrc/memory/PmpChecker.v:116: warning: @* is sensitive to all 16 words in array 'entry_addr_w'.
/home/lyg/PA/ysyx-workbench/npc/rv64/vsrc/memory/PmpChecker.v:125: warning: @* is sensitive to all 16 words in array 'entry_addr_w'.
/home/lyg/PA/ysyx-workbench/npc/rv64/vsrc/memory/PmpChecker.v:126: warning: @* is sensitive to all 16 words in array 'entry_addr_w'.
/home/lyg/PA/ysyx-workbench/npc/rv64/vsrc/memory/PmpChecker.v:129: warning: @* is sensitive to all 16 words in array 'entry_addr_w'.
/home/lyg/PA/ysyx-workbench/npc/rv64/vsrc/memory/PmpChecker.v:131: warning: @* is sensitive to all 16 words in array 'entry_addr_w'.
/home/lyg/PA/ysyx-workbench/npc/rv64/vsrc/memory/PmpChecker.v:105: warning: @* is sensitive to all 16 words in array 'entry_cfg_w'.
/home/lyg/PA/ysyx-workbench/npc/rv64/vsrc/memory/PmpChecker.v:108: warning: @* is sensitive to all 16 words in array 'entry_addr_w'.
/home/lyg/PA/ysyx-workbench/npc/rv64/vsrc/memory/PmpChecker.v:109: warning: @* is sensitive to all 16 words in array 'entry_addr_w'.
/home/lyg/PA/ysyx-workbench/npc/rv64/vsrc/memory/PmpChecker.v:116: warning: @* is sensitive to all 16 words in array 'entry_addr_w'.
/home/lyg/PA/ysyx-workbench/npc/rv64/vsrc/memory/PmpChecker.v:125: warning: @* is sensitive to all 16 words in array 'entry_addr_w'.
/home/lyg/PA/ysyx-workbench/npc/rv64/vsrc/memory/PmpChecker.v:126: warning: @* is sensitive to all 16 words in array 'entry_addr_w'.
/home/lyg/PA/ysyx-workbench/npc/rv64/vsrc/memory/PmpChecker.v:129: warning: @* is sensitive to all 16 words in array 'entry_addr_w'.
/home/lyg/PA/ysyx-workbench/npc/rv64/vsrc/memory/PmpChecker.v:131: warning: @* is sensitive to all 16 words in array 'entry_addr_w'.
/home/lyg/PA/ysyx-workbench/npc/rv64/vsrc/memory/PmpChecker.v:105: warning: @* is sensitive to all 16 words in array 'entry_cfg_w'.
/home/lyg/PA/ysyx-workbench/npc/rv64/vsrc/memory/PmpChecker.v:108: warning: @* is sensitive to all 16 words in array 'entry_addr_w'.
/home/lyg/PA/ysyx-workbench/npc/rv64/vsrc/memory/PmpChecker.v:109: warning: @* is sensitive to all 16 words in array 'entry_addr_w'.
/home/lyg/PA/ysyx-workbench/npc/rv64/vsrc/memory/PmpChecker.v:116: warning: @* is sensitive to all 16 words in array 'entry_addr_w'.
/home/lyg/PA/ysyx-workbench/npc/rv64/vsrc/memory/PmpChecker.v:125: warning: @* is sensitive to all 16 words in array 'entry_addr_w'.
/home/lyg/PA/ysyx-workbench/npc/rv64/vsrc/memory/PmpChecker.v:126: warning: @* is sensitive to all 16 words in array 'entry_addr_w'.
/home/lyg/PA/ysyx-workbench/npc/rv64/vsrc/memory/PmpChecker.v:129: warning: @* is sensitive to all 16 words in array 'entry_addr_w'.
/home/lyg/PA/ysyx-workbench/npc/rv64/vsrc/memory/PmpChecker.v:131: warning: @* is sensitive to all 16 words in array 'entry_addr_w'.
/home/lyg/PA/ysyx-workbench/npc/rv64/vsrc/memory/PmpChecker.v:105: warning: @* is sensitive to all 16 words in array 'entry_cfg_w'.
/home/lyg/PA/ysyx-workbench/npc/rv64/vsrc/memory/PmpChecker.v:108: warning: @* is sensitive to all 16 words in array 'entry_addr_w'.
/home/lyg/PA/ysyx-workbench/npc/rv64/vsrc/memory/PmpChecker.v:109: warning: @* is sensitive to all 16 words in array 'entry_addr_w'.
/home/lyg/PA/ysyx-workbench/npc/rv64/vsrc/memory/PmpChecker.v:116: warning: @* is sensitive to all 16 words in array 'entry_addr_w'.
/home/lyg/PA/ysyx-workbench/npc/rv64/vsrc/memory/PmpChecker.v:125: warning: @* is sensitive to all 16 words in array 'entry_addr_w'.
/home/lyg/PA/ysyx-workbench/npc/rv64/vsrc/memory/PmpChecker.v:126: warning: @* is sensitive to all 16 words in array 'entry_addr_w'.
/home/lyg/PA/ysyx-workbench/npc/rv64/vsrc/memory/PmpChecker.v:129: warning: @* is sensitive to all 16 words in array 'entry_addr_w'.
/home/lyg/PA/ysyx-workbench/npc/rv64/vsrc/memory/PmpChecker.v:131: warning: @* is sensitive to all 16 words in array 'entry_addr_w'.
/home/lyg/PA/ysyx-workbench/npc/rv64/vsrc/memory/PmpChecker.v:105: warning: @* is sensitive to all 16 words in array 'entry_cfg_w'.
/home/lyg/PA/ysyx-workbench/npc/rv64/vsrc/memory/PmpChecker.v:108: warning: @* is sensitive to all 16 words in array 'entry_addr_w'.
/home/lyg/PA/ysyx-workbench/npc/rv64/vsrc/memory/PmpChecker.v:109: warning: @* is sensitive to all 16 words in array 'entry_addr_w'.
/home/lyg/PA/ysyx-workbench/npc/rv64/vsrc/memory/PmpChecker.v:116: warning: @* is sensitive to all 16 words in array 'entry_addr_w'.
/home/lyg/PA/ysyx-workbench/npc/rv64/vsrc/memory/PmpChecker.v:125: warning: @* is sensitive to all 16 words in array 'entry_addr_w'.
/home/lyg/PA/ysyx-workbench/npc/rv64/vsrc/memory/PmpChecker.v:126: warning: @* is sensitive to all 16 words in array 'entry_addr_w'.
/home/lyg/PA/ysyx-workbench/npc/rv64/vsrc/memory/PmpChecker.v:129: warning: @* is sensitive to all 16 words in array 'entry_addr_w'.
/home/lyg/PA/ysyx-workbench/npc/rv64/vsrc/memory/PmpChecker.v:131: warning: @* is sensitive to all 16 words in array 'entry_addr_w'.
/home/lyg/PA/ysyx-workbench/npc/rv64/vsrc/memory/PmpChecker.v:105: warning: @* is sensitive to all 16 words in array 'entry_cfg_w'.
/home/lyg/PA/ysyx-workbench/npc/rv64/vsrc/memory/PmpChecker.v:108: warning: @* is sensitive to all 16 words in array 'entry_addr_w'.
/home/lyg/PA/ysyx-workbench/npc/rv64/vsrc/memory/PmpChecker.v:109: warning: @* is sensitive to all 16 words in array 'entry_addr_w'.
/home/lyg/PA/ysyx-workbench/npc/rv64/vsrc/memory/PmpChecker.v:116: warning: @* is sensitive to all 16 words in array 'entry_addr_w'.
/home/lyg/PA/ysyx-workbench/npc/rv64/vsrc/memory/PmpChecker.v:125: warning: @* is sensitive to all 16 words in array 'entry_addr_w'.
/home/lyg/PA/ysyx-workbench/npc/rv64/vsrc/memory/PmpChecker.v:126: warning: @* is sensitive to all 16 words in array 'entry_addr_w'.
/home/lyg/PA/ysyx-workbench/npc/rv64/vsrc/memory/PmpChecker.v:129: warning: @* is sensitive to all 16 words in array 'entry_addr_w'.
/home/lyg/PA/ysyx-workbench/npc/rv64/vsrc/memory/PmpChecker.v:131: warning: @* is sensitive to all 16 words in array 'entry_addr_w'.
/home/lyg/PA/ysyx-workbench/npc/rv64/vsrc/memory/PmpChecker.v:105: warning: @* is sensitive to all 16 words in array 'entry_cfg_w'.
/home/lyg/PA/ysyx-workbench/npc/rv64/vsrc/memory/PmpChecker.v:108: warning: @* is sensitive to all 16 words in array 'entry_addr_w'.
/home/lyg/PA/ysyx-workbench/npc/rv64/vsrc/memory/PmpChecker.v:109: warning: @* is sensitive to all 16 words in array 'entry_addr_w'.
/home/lyg/PA/ysyx-workbench/npc/rv64/vsrc/memory/PmpChecker.v:116: warning: @* is sensitive to all 16 words in array 'entry_addr_w'.
/home/lyg/PA/ysyx-workbench/npc/rv64/vsrc/memory/PmpChecker.v:125: warning: @* is sensitive to all 16 words in array 'entry_addr_w'.
/home/lyg/PA/ysyx-workbench/npc/rv64/vsrc/memory/PmpChecker.v:126: warning: @* is sensitive to all 16 words in array 'entry_addr_w'.
/home/lyg/PA/ysyx-workbench/npc/rv64/vsrc/memory/PmpChecker.v:129: warning: @* is sensitive to all 16 words in array 'entry_addr_w'.
/home/lyg/PA/ysyx-workbench/npc/rv64/vsrc/memory/PmpChecker.v:131: warning: @* is sensitive to all 16 words in array 'entry_addr_w'.
/home/lyg/PA/ysyx-workbench/npc/rv64/vsrc/memory/PmpChecker.v:105: warning: @* is sensitive to all 16 words in array 'entry_cfg_w'.
/home/lyg/PA/ysyx-workbench/npc/rv64/vsrc/memory/PmpChecker.v:108: warning: @* is sensitive to all 16 words in array 'entry_addr_w'.
/home/lyg/PA/ysyx-workbench/npc/rv64/vsrc/memory/PmpChecker.v:109: warning: @* is sensitive to all 16 words in array 'entry_addr_w'.
/home/lyg/PA/ysyx-workbench/npc/rv64/vsrc/memory/PmpChecker.v:116: warning: @* is sensitive to all 16 words in array 'entry_addr_w'.
/home/lyg/PA/ysyx-workbench/npc/rv64/vsrc/memory/PmpChecker.v:125: warning: @* is sensitive to all 16 words in array 'entry_addr_w'.
/home/lyg/PA/ysyx-workbench/npc/rv64/vsrc/memory/PmpChecker.v:126: warning: @* is sensitive to all 16 words in array 'entry_addr_w'.
/home/lyg/PA/ysyx-workbench/npc/rv64/vsrc/memory/PmpChecker.v:129: warning: @* is sensitive to all 16 words in array 'entry_addr_w'.
/home/lyg/PA/ysyx-workbench/npc/rv64/vsrc/memory/PmpChecker.v:131: warning: @* is sensitive to all 16 words in array 'entry_addr_w'.
/home/lyg/PA/ysyx-workbench/npc/rv64/vsrc/memory/PmpChecker.v:105: warning: @* is sensitive to all 16 words in array 'entry_cfg_w'.
/home/lyg/PA/ysyx-workbench/npc/rv64/vsrc/memory/PmpChecker.v:108: warning: @* is sensitive to all 16 words in array 'entry_addr_w'.
/home/lyg/PA/ysyx-workbench/npc/rv64/vsrc/memory/PmpChecker.v:109: warning: @* is sensitive to all 16 words in array 'entry_addr_w'.
/home/lyg/PA/ysyx-workbench/npc/rv64/vsrc/memory/PmpChecker.v:116: warning: @* is sensitive to all 16 words in array 'entry_addr_w'.
/home/lyg/PA/ysyx-workbench/npc/rv64/vsrc/memory/PmpChecker.v:125: warning: @* is sensitive to all 16 words in array 'entry_addr_w'.
/home/lyg/PA/ysyx-workbench/npc/rv64/vsrc/memory/PmpChecker.v:126: warning: @* is sensitive to all 16 words in array 'entry_addr_w'.
/home/lyg/PA/ysyx-workbench/npc/rv64/vsrc/memory/PmpChecker.v:129: warning: @* is sensitive to all 16 words in array 'entry_addr_w'.
/home/lyg/PA/ysyx-workbench/npc/rv64/vsrc/memory/PmpChecker.v:131: warning: @* is sensitive to all 16 words in array 'entry_addr_w'.
/home/lyg/PA/ysyx-workbench/npc/rv64/vsrc/memory/PmpChecker.v:105: warning: @* is sensitive to all 16 words in array 'entry_cfg_w'.
/home/lyg/PA/ysyx-workbench/npc/rv64/vsrc/memory/PmpChecker.v:108: warning: @* is sensitive to all 16 words in array 'entry_addr_w'.
/home/lyg/PA/ysyx-workbench/npc/rv64/vsrc/memory/PmpChecker.v:109: warning: @* is sensitive to all 16 words in array 'entry_addr_w'.
/home/lyg/PA/ysyx-workbench/npc/rv64/vsrc/memory/PmpChecker.v:116: warning: @* is sensitive to all 16 words in array 'entry_addr_w'.
/home/lyg/PA/ysyx-workbench/npc/rv64/vsrc/memory/PmpChecker.v:125: warning: @* is sensitive to all 16 words in array 'entry_addr_w'.
/home/lyg/PA/ysyx-workbench/npc/rv64/vsrc/memory/PmpChecker.v:126: warning: @* is sensitive to all 16 words in array 'entry_addr_w'.
/home/lyg/PA/ysyx-workbench/npc/rv64/vsrc/memory/PmpChecker.v:129: warning: @* is sensitive to all 16 words in array 'entry_addr_w'.
/home/lyg/PA/ysyx-workbench/npc/rv64/vsrc/memory/PmpChecker.v:131: warning: @* is sensitive to all 16 words in array 'entry_addr_w'.
/home/lyg/PA/ysyx-workbench/npc/rv64/vsrc/memory/PmpChecker.v:163: warning: @* is sensitive to all 16 words in array 'entry_cfg_w'.
/home/lyg/PA/ysyx-workbench/npc/rv64/vsrc/memory/PmpChecker.v:108: warning: returning 'bx for out of bounds array access entry_addr_w[-1].
/home/lyg/PA/ysyx-workbench/npc/rv64/vsrc/memory/PmpChecker.v:105: warning: @* is sensitive to all 16 words in array 'entry_cfg_w'.
/home/lyg/PA/ysyx-workbench/npc/rv64/vsrc/memory/PmpChecker.v:109: warning: @* is sensitive to all 16 words in array 'entry_addr_w'.
/home/lyg/PA/ysyx-workbench/npc/rv64/vsrc/memory/PmpChecker.v:116: warning: @* is sensitive to all 16 words in array 'entry_addr_w'.
/home/lyg/PA/ysyx-workbench/npc/rv64/vsrc/memory/PmpChecker.v:125: warning: @* is sensitive to all 16 words in array 'entry_addr_w'.
/home/lyg/PA/ysyx-workbench/npc/rv64/vsrc/memory/PmpChecker.v:126: warning: @* is sensitive to all 16 words in array 'entry_addr_w'.
/home/lyg/PA/ysyx-workbench/npc/rv64/vsrc/memory/PmpChecker.v:129: warning: @* is sensitive to all 16 words in array 'entry_addr_w'.
/home/lyg/PA/ysyx-workbench/npc/rv64/vsrc/memory/PmpChecker.v:131: warning: @* is sensitive to all 16 words in array 'entry_addr_w'.
/home/lyg/PA/ysyx-workbench/npc/rv64/vsrc/memory/PmpChecker.v:105: warning: @* is sensitive to all 16 words in array 'entry_cfg_w'.
/home/lyg/PA/ysyx-workbench/npc/rv64/vsrc/memory/PmpChecker.v:108: warning: @* is sensitive to all 16 words in array 'entry_addr_w'.
/home/lyg/PA/ysyx-workbench/npc/rv64/vsrc/memory/PmpChecker.v:109: warning: @* is sensitive to all 16 words in array 'entry_addr_w'.
/home/lyg/PA/ysyx-workbench/npc/rv64/vsrc/memory/PmpChecker.v:116: warning: @* is sensitive to all 16 words in array 'entry_addr_w'.
/home/lyg/PA/ysyx-workbench/npc/rv64/vsrc/memory/PmpChecker.v:125: warning: @* is sensitive to all 16 words in array 'entry_addr_w'.
/home/lyg/PA/ysyx-workbench/npc/rv64/vsrc/memory/PmpChecker.v:126: warning: @* is sensitive to all 16 words in array 'entry_addr_w'.
/home/lyg/PA/ysyx-workbench/npc/rv64/vsrc/memory/PmpChecker.v:129: warning: @* is sensitive to all 16 words in array 'entry_addr_w'.
/home/lyg/PA/ysyx-workbench/npc/rv64/vsrc/memory/PmpChecker.v:131: warning: @* is sensitive to all 16 words in array 'entry_addr_w'.
/home/lyg/PA/ysyx-workbench/npc/rv64/vsrc/memory/PmpChecker.v:105: warning: @* is sensitive to all 16 words in array 'entry_cfg_w'.
/home/lyg/PA/ysyx-workbench/npc/rv64/vsrc/memory/PmpChecker.v:108: warning: @* is sensitive to all 16 words in array 'entry_addr_w'.
/home/lyg/PA/ysyx-workbench/npc/rv64/vsrc/memory/PmpChecker.v:109: warning: @* is sensitive to all 16 words in array 'entry_addr_w'.
/home/lyg/PA/ysyx-workbench/npc/rv64/vsrc/memory/PmpChecker.v:116: warning: @* is sensitive to all 16 words in array 'entry_addr_w'.
/home/lyg/PA/ysyx-workbench/npc/rv64/vsrc/memory/PmpChecker.v:125: warning: @* is sensitive to all 16 words in array 'entry_addr_w'.
/home/lyg/PA/ysyx-workbench/npc/rv64/vsrc/memory/PmpChecker.v:126: warning: @* is sensitive to all 16 words in array 'entry_addr_w'.
/home/lyg/PA/ysyx-workbench/npc/rv64/vsrc/memory/PmpChecker.v:129: warning: @* is sensitive to all 16 words in array 'entry_addr_w'.
/home/lyg/PA/ysyx-workbench/npc/rv64/vsrc/memory/PmpChecker.v:131: warning: @* is sensitive to all 16 words in array 'entry_addr_w'.
/home/lyg/PA/ysyx-workbench/npc/rv64/vsrc/memory/PmpChecker.v:105: warning: @* is sensitive to all 16 words in array 'entry_cfg_w'.
/home/lyg/PA/ysyx-workbench/npc/rv64/vsrc/memory/PmpChecker.v:108: warning: @* is sensitive to all 16 words in array 'entry_addr_w'.
/home/lyg/PA/ysyx-workbench/npc/rv64/vsrc/memory/PmpChecker.v:109: warning: @* is sensitive to all 16 words in array 'entry_addr_w'.
/home/lyg/PA/ysyx-workbench/npc/rv64/vsrc/memory/PmpChecker.v:116: warning: @* is sensitive to all 16 words in array 'entry_addr_w'.
/home/lyg/PA/ysyx-workbench/npc/rv64/vsrc/memory/PmpChecker.v:125: warning: @* is sensitive to all 16 words in array 'entry_addr_w'.
/home/lyg/PA/ysyx-workbench/npc/rv64/vsrc/memory/PmpChecker.v:126: warning: @* is sensitive to all 16 words in array 'entry_addr_w'.
/home/lyg/PA/ysyx-workbench/npc/rv64/vsrc/memory/PmpChecker.v:129: warning: @* is sensitive to all 16 words in array 'entry_addr_w'.
/home/lyg/PA/ysyx-workbench/npc/rv64/vsrc/memory/PmpChecker.v:131: warning: @* is sensitive to all 16 words in array 'entry_addr_w'.
/home/lyg/PA/ysyx-workbench/npc/rv64/vsrc/memory/PmpChecker.v:105: warning: @* is sensitive to all 16 words in array 'entry_cfg_w'.
/home/lyg/PA/ysyx-workbench/npc/rv64/vsrc/memory/PmpChecker.v:108: warning: @* is sensitive to all 16 words in array 'entry_addr_w'.
/home/lyg/PA/ysyx-workbench/npc/rv64/vsrc/memory/PmpChecker.v:109: warning: @* is sensitive to all 16 words in array 'entry_addr_w'.
/home/lyg/PA/ysyx-workbench/npc/rv64/vsrc/memory/PmpChecker.v:116: warning: @* is sensitive to all 16 words in array 'entry_addr_w'.
/home/lyg/PA/ysyx-workbench/npc/rv64/vsrc/memory/PmpChecker.v:125: warning: @* is sensitive to all 16 words in array 'entry_addr_w'.
/home/lyg/PA/ysyx-workbench/npc/rv64/vsrc/memory/PmpChecker.v:126: warning: @* is sensitive to all 16 words in array 'entry_addr_w'.
/home/lyg/PA/ysyx-workbench/npc/rv64/vsrc/memory/PmpChecker.v:129: warning: @* is sensitive to all 16 words in array 'entry_addr_w'.
/home/lyg/PA/ysyx-workbench/npc/rv64/vsrc/memory/PmpChecker.v:131: warning: @* is sensitive to all 16 words in array 'entry_addr_w'.
/home/lyg/PA/ysyx-workbench/npc/rv64/vsrc/memory/PmpChecker.v:105: warning: @* is sensitive to all 16 words in array 'entry_cfg_w'.
/home/lyg/PA/ysyx-workbench/npc/rv64/vsrc/memory/PmpChecker.v:108: warning: @* is sensitive to all 16 words in array 'entry_addr_w'.
/home/lyg/PA/ysyx-workbench/npc/rv64/vsrc/memory/PmpChecker.v:109: warning: @* is sensitive to all 16 words in array 'entry_addr_w'.
/home/lyg/PA/ysyx-workbench/npc/rv64/vsrc/memory/PmpChecker.v:116: warning: @* is sensitive to all 16 words in array 'entry_addr_w'.
/home/lyg/PA/ysyx-workbench/npc/rv64/vsrc/memory/PmpChecker.v:125: warning: @* is sensitive to all 16 words in array 'entry_addr_w'.
/home/lyg/PA/ysyx-workbench/npc/rv64/vsrc/memory/PmpChecker.v:126: warning: @* is sensitive to all 16 words in array 'entry_addr_w'.
/home/lyg/PA/ysyx-workbench/npc/rv64/vsrc/memory/PmpChecker.v:129: warning: @* is sensitive to all 16 words in array 'entry_addr_w'.
/home/lyg/PA/ysyx-workbench/npc/rv64/vsrc/memory/PmpChecker.v:131: warning: @* is sensitive to all 16 words in array 'entry_addr_w'.
/home/lyg/PA/ysyx-workbench/npc/rv64/vsrc/memory/PmpChecker.v:105: warning: @* is sensitive to all 16 words in array 'entry_cfg_w'.
/home/lyg/PA/ysyx-workbench/npc/rv64/vsrc/memory/PmpChecker.v:108: warning: @* is sensitive to all 16 words in array 'entry_addr_w'.
/home/lyg/PA/ysyx-workbench/npc/rv64/vsrc/memory/PmpChecker.v:109: warning: @* is sensitive to all 16 words in array 'entry_addr_w'.
/home/lyg/PA/ysyx-workbench/npc/rv64/vsrc/memory/PmpChecker.v:116: warning: @* is sensitive to all 16 words in array 'entry_addr_w'.
/home/lyg/PA/ysyx-workbench/npc/rv64/vsrc/memory/PmpChecker.v:125: warning: @* is sensitive to all 16 words in array 'entry_addr_w'.
/home/lyg/PA/ysyx-workbench/npc/rv64/vsrc/memory/PmpChecker.v:126: warning: @* is sensitive to all 16 words in array 'entry_addr_w'.
/home/lyg/PA/ysyx-workbench/npc/rv64/vsrc/memory/PmpChecker.v:129: warning: @* is sensitive to all 16 words in array 'entry_addr_w'.
/home/lyg/PA/ysyx-workbench/npc/rv64/vsrc/memory/PmpChecker.v:131: warning: @* is sensitive to all 16 words in array 'entry_addr_w'.
/home/lyg/PA/ysyx-workbench/npc/rv64/vsrc/memory/PmpChecker.v:105: warning: @* is sensitive to all 16 words in array 'entry_cfg_w'.
/home/lyg/PA/ysyx-workbench/npc/rv64/vsrc/memory/PmpChecker.v:108: warning: @* is sensitive to all 16 words in array 'entry_addr_w'.
/home/lyg/PA/ysyx-workbench/npc/rv64/vsrc/memory/PmpChecker.v:109: warning: @* is sensitive to all 16 words in array 'entry_addr_w'.
/home/lyg/PA/ysyx-workbench/npc/rv64/vsrc/memory/PmpChecker.v:116: warning: @* is sensitive to all 16 words in array 'entry_addr_w'.
/home/lyg/PA/ysyx-workbench/npc/rv64/vsrc/memory/PmpChecker.v:125: warning: @* is sensitive to all 16 words in array 'entry_addr_w'.
/home/lyg/PA/ysyx-workbench/npc/rv64/vsrc/memory/PmpChecker.v:126: warning: @* is sensitive to all 16 words in array 'entry_addr_w'.
/home/lyg/PA/ysyx-workbench/npc/rv64/vsrc/memory/PmpChecker.v:129: warning: @* is sensitive to all 16 words in array 'entry_addr_w'.
/home/lyg/PA/ysyx-workbench/npc/rv64/vsrc/memory/PmpChecker.v:131: warning: @* is sensitive to all 16 words in array 'entry_addr_w'.
/home/lyg/PA/ysyx-workbench/npc/rv64/vsrc/memory/PmpChecker.v:105: warning: @* is sensitive to all 16 words in array 'entry_cfg_w'.
/home/lyg/PA/ysyx-workbench/npc/rv64/vsrc/memory/PmpChecker.v:108: warning: @* is sensitive to all 16 words in array 'entry_addr_w'.
/home/lyg/PA/ysyx-workbench/npc/rv64/vsrc/memory/PmpChecker.v:109: warning: @* is sensitive to all 16 words in array 'entry_addr_w'.
/home/lyg/PA/ysyx-workbench/npc/rv64/vsrc/memory/PmpChecker.v:116: warning: @* is sensitive to all 16 words in array 'entry_addr_w'.
/home/lyg/PA/ysyx-workbench/npc/rv64/vsrc/memory/PmpChecker.v:125: warning: @* is sensitive to all 16 words in array 'entry_addr_w'.
/home/lyg/PA/ysyx-workbench/npc/rv64/vsrc/memory/PmpChecker.v:126: warning: @* is sensitive to all 16 words in array 'entry_addr_w'.
/home/lyg/PA/ysyx-workbench/npc/rv64/vsrc/memory/PmpChecker.v:129: warning: @* is sensitive to all 16 words in array 'entry_addr_w'.
/home/lyg/PA/ysyx-workbench/npc/rv64/vsrc/memory/PmpChecker.v:131: warning: @* is sensitive to all 16 words in array 'entry_addr_w'.
/home/lyg/PA/ysyx-workbench/npc/rv64/vsrc/memory/PmpChecker.v:105: warning: @* is sensitive to all 16 words in array 'entry_cfg_w'.
/home/lyg/PA/ysyx-workbench/npc/rv64/vsrc/memory/PmpChecker.v:108: warning: @* is sensitive to all 16 words in array 'entry_addr_w'.
/home/lyg/PA/ysyx-workbench/npc/rv64/vsrc/memory/PmpChecker.v:109: warning: @* is sensitive to all 16 words in array 'entry_addr_w'.
/home/lyg/PA/ysyx-workbench/npc/rv64/vsrc/memory/PmpChecker.v:116: warning: @* is sensitive to all 16 words in array 'entry_addr_w'.
/home/lyg/PA/ysyx-workbench/npc/rv64/vsrc/memory/PmpChecker.v:125: warning: @* is sensitive to all 16 words in array 'entry_addr_w'.
/home/lyg/PA/ysyx-workbench/npc/rv64/vsrc/memory/PmpChecker.v:126: warning: @* is sensitive to all 16 words in array 'entry_addr_w'.
/home/lyg/PA/ysyx-workbench/npc/rv64/vsrc/memory/PmpChecker.v:129: warning: @* is sensitive to all 16 words in array 'entry_addr_w'.
/home/lyg/PA/ysyx-workbench/npc/rv64/vsrc/memory/PmpChecker.v:131: warning: @* is sensitive to all 16 words in array 'entry_addr_w'.
/home/lyg/PA/ysyx-workbench/npc/rv64/vsrc/memory/PmpChecker.v:105: warning: @* is sensitive to all 16 words in array 'entry_cfg_w'.
/home/lyg/PA/ysyx-workbench/npc/rv64/vsrc/memory/PmpChecker.v:108: warning: @* is sensitive to all 16 words in array 'entry_addr_w'.
/home/lyg/PA/ysyx-workbench/npc/rv64/vsrc/memory/PmpChecker.v:109: warning: @* is sensitive to all 16 words in array 'entry_addr_w'.
/home/lyg/PA/ysyx-workbench/npc/rv64/vsrc/memory/PmpChecker.v:116: warning: @* is sensitive to all 16 words in array 'entry_addr_w'.
/home/lyg/PA/ysyx-workbench/npc/rv64/vsrc/memory/PmpChecker.v:125: warning: @* is sensitive to all 16 words in array 'entry_addr_w'.
/home/lyg/PA/ysyx-workbench/npc/rv64/vsrc/memory/PmpChecker.v:126: warning: @* is sensitive to all 16 words in array 'entry_addr_w'.
/home/lyg/PA/ysyx-workbench/npc/rv64/vsrc/memory/PmpChecker.v:129: warning: @* is sensitive to all 16 words in array 'entry_addr_w'.
/home/lyg/PA/ysyx-workbench/npc/rv64/vsrc/memory/PmpChecker.v:131: warning: @* is sensitive to all 16 words in array 'entry_addr_w'.
/home/lyg/PA/ysyx-workbench/npc/rv64/vsrc/memory/PmpChecker.v:105: warning: @* is sensitive to all 16 words in array 'entry_cfg_w'.
/home/lyg/PA/ysyx-workbench/npc/rv64/vsrc/memory/PmpChecker.v:108: warning: @* is sensitive to all 16 words in array 'entry_addr_w'.
/home/lyg/PA/ysyx-workbench/npc/rv64/vsrc/memory/PmpChecker.v:109: warning: @* is sensitive to all 16 words in array 'entry_addr_w'.
/home/lyg/PA/ysyx-workbench/npc/rv64/vsrc/memory/PmpChecker.v:116: warning: @* is sensitive to all 16 words in array 'entry_addr_w'.
/home/lyg/PA/ysyx-workbench/npc/rv64/vsrc/memory/PmpChecker.v:125: warning: @* is sensitive to all 16 words in array 'entry_addr_w'.
/home/lyg/PA/ysyx-workbench/npc/rv64/vsrc/memory/PmpChecker.v:126: warning: @* is sensitive to all 16 words in array 'entry_addr_w'.
/home/lyg/PA/ysyx-workbench/npc/rv64/vsrc/memory/PmpChecker.v:129: warning: @* is sensitive to all 16 words in array 'entry_addr_w'.
/home/lyg/PA/ysyx-workbench/npc/rv64/vsrc/memory/PmpChecker.v:131: warning: @* is sensitive to all 16 words in array 'entry_addr_w'.
/home/lyg/PA/ysyx-workbench/npc/rv64/vsrc/memory/PmpChecker.v:105: warning: @* is sensitive to all 16 words in array 'entry_cfg_w'.
/home/lyg/PA/ysyx-workbench/npc/rv64/vsrc/memory/PmpChecker.v:108: warning: @* is sensitive to all 16 words in array 'entry_addr_w'.
/home/lyg/PA/ysyx-workbench/npc/rv64/vsrc/memory/PmpChecker.v:109: warning: @* is sensitive to all 16 words in array 'entry_addr_w'.
/home/lyg/PA/ysyx-workbench/npc/rv64/vsrc/memory/PmpChecker.v:116: warning: @* is sensitive to all 16 words in array 'entry_addr_w'.
/home/lyg/PA/ysyx-workbench/npc/rv64/vsrc/memory/PmpChecker.v:125: warning: @* is sensitive to all 16 words in array 'entry_addr_w'.
/home/lyg/PA/ysyx-workbench/npc/rv64/vsrc/memory/PmpChecker.v:126: warning: @* is sensitive to all 16 words in array 'entry_addr_w'.
/home/lyg/PA/ysyx-workbench/npc/rv64/vsrc/memory/PmpChecker.v:129: warning: @* is sensitive to all 16 words in array 'entry_addr_w'.
/home/lyg/PA/ysyx-workbench/npc/rv64/vsrc/memory/PmpChecker.v:131: warning: @* is sensitive to all 16 words in array 'entry_addr_w'.
/home/lyg/PA/ysyx-workbench/npc/rv64/vsrc/memory/PmpChecker.v:105: warning: @* is sensitive to all 16 words in array 'entry_cfg_w'.
/home/lyg/PA/ysyx-workbench/npc/rv64/vsrc/memory/PmpChecker.v:108: warning: @* is sensitive to all 16 words in array 'entry_addr_w'.
/home/lyg/PA/ysyx-workbench/npc/rv64/vsrc/memory/PmpChecker.v:109: warning: @* is sensitive to all 16 words in array 'entry_addr_w'.
/home/lyg/PA/ysyx-workbench/npc/rv64/vsrc/memory/PmpChecker.v:116: warning: @* is sensitive to all 16 words in array 'entry_addr_w'.
/home/lyg/PA/ysyx-workbench/npc/rv64/vsrc/memory/PmpChecker.v:125: warning: @* is sensitive to all 16 words in array 'entry_addr_w'.
/home/lyg/PA/ysyx-workbench/npc/rv64/vsrc/memory/PmpChecker.v:126: warning: @* is sensitive to all 16 words in array 'entry_addr_w'.
/home/lyg/PA/ysyx-workbench/npc/rv64/vsrc/memory/PmpChecker.v:129: warning: @* is sensitive to all 16 words in array 'entry_addr_w'.
/home/lyg/PA/ysyx-workbench/npc/rv64/vsrc/memory/PmpChecker.v:131: warning: @* is sensitive to all 16 words in array 'entry_addr_w'.
/home/lyg/PA/ysyx-workbench/npc/rv64/vsrc/memory/PmpChecker.v:105: warning: @* is sensitive to all 16 words in array 'entry_cfg_w'.
/home/lyg/PA/ysyx-workbench/npc/rv64/vsrc/memory/PmpChecker.v:108: warning: @* is sensitive to all 16 words in array 'entry_addr_w'.
/home/lyg/PA/ysyx-workbench/npc/rv64/vsrc/memory/PmpChecker.v:109: warning: @* is sensitive to all 16 words in array 'entry_addr_w'.
/home/lyg/PA/ysyx-workbench/npc/rv64/vsrc/memory/PmpChecker.v:116: warning: @* is sensitive to all 16 words in array 'entry_addr_w'.
/home/lyg/PA/ysyx-workbench/npc/rv64/vsrc/memory/PmpChecker.v:125: warning: @* is sensitive to all 16 words in array 'entry_addr_w'.
/home/lyg/PA/ysyx-workbench/npc/rv64/vsrc/memory/PmpChecker.v:126: warning: @* is sensitive to all 16 words in array 'entry_addr_w'.
/home/lyg/PA/ysyx-workbench/npc/rv64/vsrc/memory/PmpChecker.v:129: warning: @* is sensitive to all 16 words in array 'entry_addr_w'.
/home/lyg/PA/ysyx-workbench/npc/rv64/vsrc/memory/PmpChecker.v:131: warning: @* is sensitive to all 16 words in array 'entry_addr_w'.
/home/lyg/PA/ysyx-workbench/npc/rv64/vsrc/memory/PmpChecker.v:105: warning: @* is sensitive to all 16 words in array 'entry_cfg_w'.
/home/lyg/PA/ysyx-workbench/npc/rv64/vsrc/memory/PmpChecker.v:108: warning: @* is sensitive to all 16 words in array 'entry_addr_w'.
/home/lyg/PA/ysyx-workbench/npc/rv64/vsrc/memory/PmpChecker.v:109: warning: @* is sensitive to all 16 words in array 'entry_addr_w'.
/home/lyg/PA/ysyx-workbench/npc/rv64/vsrc/memory/PmpChecker.v:116: warning: @* is sensitive to all 16 words in array 'entry_addr_w'.
/home/lyg/PA/ysyx-workbench/npc/rv64/vsrc/memory/PmpChecker.v:125: warning: @* is sensitive to all 16 words in array 'entry_addr_w'.
/home/lyg/PA/ysyx-workbench/npc/rv64/vsrc/memory/PmpChecker.v:126: warning: @* is sensitive to all 16 words in array 'entry_addr_w'.
/home/lyg/PA/ysyx-workbench/npc/rv64/vsrc/memory/PmpChecker.v:129: warning: @* is sensitive to all 16 words in array 'entry_addr_w'.
/home/lyg/PA/ysyx-workbench/npc/rv64/vsrc/memory/PmpChecker.v:131: warning: @* is sensitive to all 16 words in array 'entry_addr_w'.
/home/lyg/PA/ysyx-workbench/npc/rv64/vsrc/memory/PmpChecker.v:163: warning: @* is sensitive to all 16 words in array 'entry_cfg_w'.
[R4-S0-POSTXLATE-CLASS] 2x2x4 matrix + inactive/default PASS
[T4E-MEM-AR-HOLD] data+walk valid/payload held; repeated-flush+ready drained
[S1-DCACHE-NO-PREVIEW-PMP] hot-line potential, lookup_en=0 access_fault=1
[S1-DCACHE-NO-PREVIEW-DTLB-PERM] hot-line potential, lookup_en=0 page_fault=1
[S1-DCACHE-NO-PREVIEW-TLB-MISS] lookup_en=0 walk_owner=1 page_fault=1
[R4-S0-BERR-ALIAS] terminal error invalidates hot line without RMW PASS
[T4F-LSU-PTW-PMP-WRITE] op=load read=allow write=deny access-fault aw=0 w=0
[T4F-LSU-PTW-PMP-WRITE] op=store read=allow write=deny access-fault aw=0 w=0
[T4M-POSTTRANSLATE-DEVICE] cancel+flush quiet, live owner exact AR
[T4C-WALK-PAYLOAD-OWNER] waiting=owner/no-en qualified=owner/en
[S1-PBMT-PMP-PRIORITY-DTLB] page>PMP, attr poison, no lookup/target PASS
[S1-PBMT-PMP-PRIORITY-PTW] page>PMP, no fill/lookup/target PASS
[R4-S0-PBMT-PMEM] pbmt=1 hot-line bypass + exact owner PASS
[R4-S0-PBMT-PMEM] pbmt=2 hot-line bypass + exact owner PASS
[T4H-PMA-BARE-PROBE] default PA rejected before AW/W with access fault
[T4H-PMA-SV39-PROBE] leaf-to-stub PA rejected before A/D/data side effects
[PASS] tb_ooo_mem_axi_bridge
common/tb_common.svh:32: $finish called at 1039 (1s)
[RESULT] PASS
