#-----------------------------------------------------------
# Vivado v2025.2 (64-bit)
# SW Build 6299465 on Fri Nov 14 12:34:56 MST 2025
# IP Build 6300035 on Fri Nov 14 10:48:45 MST 2025
# SharedData Build 6298862 on Thu Nov 13 04:50:51 MST 2025
# Start of session at: Wed Jun  3 13:46:08 2026
# Process ID         : 1498
# Current directory  : /home/lyg/PA/ysyx-workbench/fpga
# Command line       : vivado -mode batch -log /home/lyg/PA/ysyx-workbench/fpga/reports/npc_rv64_core_vivado.log -jou /home/lyg/PA/ysyx-workbench/fpga/reports/npc_rv64_core_vivado.jou -source /home/lyg/PA/ysyx-workbench/fpga/scripts/create_rv64_core_project.tcl -tclargs -root /home/lyg/PA/ysyx-workbench -project-name npc_rv64_core -project-dir /home/lyg/PA/ysyx-workbench/fpga/vivado/npc_rv64_core -part xc7s25csga225-1 -top NpcCoreTop -filelist /home/lyg/PA/ysyx-workbench/fpga/filelists/npc_rv64_core_files.f -clock-period 10.000 -vivado-threads 1 -synth-directive RuntimeOptimized -synth-flatten none -run-synth 1
# Log file           : /home/lyg/PA/ysyx-workbench/fpga/reports/npc_rv64_core_vivado.log
# Journal file       : /home/lyg/PA/ysyx-workbench/fpga/reports/npc_rv64_core_vivado.jou
# Running On         : lygdebug
# Platform           : Ubuntu
# Operating System   : Ubuntu 24.04.3 LTS
# Processor Detail   : Intel(R) Core(TM) Ultra 5 225H
# CPU Frequency      : 3686.397 MHz
# CPU Physical cores : 14
# CPU Logical cores  : 14
# Host memory        : 16469 MB
# Swap memory        : 4294 MB
# Total Virtual      : 20764 MB
# Available Virtual  : 19828 MB
#-----------------------------------------------------------
source /home/lyg/PA/ysyx-workbench/fpga/scripts/create_rv64_core_project.tcl
