#-----------------------------------------------------------
# Vivado v2025.2 (64-bit)
# SW Build 6299465 on Fri Nov 14 12:34:56 MST 2025
# IP Build 6300035 on Fri Nov 14 10:48:45 MST 2025
# SharedData Build 6298862 on Thu Nov 13 04:50:51 MST 2025
# Start of session at: Wed Jun  3 13:46:08 2026
# Process ID         : 1498
# Current directory  : /home/lyg/PA/ysyx-workbench/fpga
# Command line       : vivado -mode batch -log /home/lyg/PA/ysyx-workbench/fpga/reports/npc_rv64_core_vivado.log -jou /home/lyg/PA/ysyx-workbench/fpga/reports/npc_rv64_core_vivado.jou -source /home/lyg/PA/ysyx-workbench/fpga/scripts/create_rv64_core_project.tcl -tclargs -root /home/lyg/PA/ysyx-workbench -project-name npc_rv64_core -project-dir /home/lyg/PA/ysyx-workbench/fpga/vivado/npc_rv64_core -part xc7s25csga225-1 -top NpcCoreTop -filelist /home/lyg/PA/ysyx-workbench/fpga/filelists/npc_rv64_core_files.f -clock-period 10.000 -vivado-threads 1 -synth-directive RuntimeOptimized -synth-flatten none -run-synth 1
# Log file           : /home/lyg/PA/ysyx-workbench/fpga/reports/npc_rv64_core_vivado.log
# Journal file       : /home/lyg/PA/ysyx-workbench/fpga/reports/npc_rv64_core_vivado.jou
# Running On         : lygdebug
# Platform           : Ubuntu
# Operating System   : Ubuntu 24.04.3 LTS
# Processor Detail   : Intel(R) Core(TM) Ultra 5 225H
# CPU Frequency      : 3686.397 MHz
# CPU Physical cores : 14
# CPU Logical cores  : 14
# Host memory        : 16469 MB
# Swap memory        : 4294 MB
# Total Virtual      : 20764 MB
# Available Virtual  : 19828 MB
#-----------------------------------------------------------
source /home/lyg/PA/ysyx-workbench/fpga/scripts/create_rv64_core_project.tcl
# proc require_arg {dict key} {
#   if {![dict exists $dict $key]} {
#     error "missing required argument: $key"
#   }
#   return [dict get $dict $key]
# }
# proc parse_args {argv} {
#   set opts [dict create]
#   set i 0
#   while {$i < [llength $argv]} {
#     set key [lindex $argv $i]
#     if {![string match "-*" $key]} {
#       error "unexpected argument: $key"
#     }
#     set key [string trimleft $key "-"]
#     incr i
#     if {$i >= [llength $argv]} {
#       error "missing value for $key"
#     }
#     dict set opts $key [lindex $argv $i]
#     incr i
#   }
#   return $opts
# }
# set opts [parse_args $argv]
# set root [file normalize [require_arg $opts root]]
# set project_name [require_arg $opts project-name]
# set project_dir [file normalize [require_arg $opts project-dir]]
# set part [require_arg $opts part]
# set top [require_arg $opts top]
# set filelist [file normalize [require_arg $opts filelist]]
# set clock_period [require_arg $opts clock-period]
# set vivado_threads [require_arg $opts vivado-threads]
# set synth_directive [require_arg $opts synth-directive]
# set synth_flatten [require_arg $opts synth-flatten]
# set run_synth [require_arg $opts run-synth]
# set report_dir [file normalize [file join $root fpga reports]]
# set constraints_file [file normalize [file join $root fpga constraints rv64_core_ooc.xdc]]
# set include_dir [file normalize [file join $root npc rv64 vsrc include]]
# file mkdir $project_dir
# file mkdir $report_dir
# puts "== RV64 core Vivado project =="
== RV64 core Vivado project ==
# puts "root           : $root"
root           : /home/lyg/PA/ysyx-workbench
# puts "project        : $project_dir"
project        : /home/lyg/PA/ysyx-workbench/fpga/vivado/npc_rv64_core
# puts "part           : $part"
part           : xc7s25csga225-1
# puts "top            : $top"
top            : NpcCoreTop
# puts "filelist       : $filelist"
filelist       : /home/lyg/PA/ysyx-workbench/fpga/filelists/npc_rv64_core_files.f
# puts "clock period ns: $clock_period"
clock period ns: 10.000
# puts "vivado threads : $vivado_threads"
vivado threads : 1
# puts "synth directive: $synth_directive"
synth directive: RuntimeOptimized
# puts "synth flatten  : $synth_flatten"
synth flatten  : none
# puts "run synth      : $run_synth"
run synth      : 1
# if {[catch {set_param general.maxThreads $vivado_threads} param_err]} {
#   puts "WARNING: failed to set general.maxThreads: $param_err"
# }
# create_project -force $project_name $project_dir -part $part
# set_property target_language Verilog [current_project]
# set_property default_lib work [current_project]
# set_property source_mgmt_mode All [current_project]
# set fp [open $filelist r]
# set rtl_files {}
# while {[gets $fp line] >= 0} {
#   set line [string trim $line]
#   if {$line eq "" || [string match "#*" $line]} {
#     continue
#   }
#   lappend rtl_files [file normalize $line]
# }
# close $fp
# if {[llength $rtl_files] == 0} {
#   error "empty RTL filelist: $filelist"
# }
# add_files -norecurse -fileset sources_1 $rtl_files
# set_property include_dirs [list $include_dir] [get_filesets sources_1]
# set_property verilog_define {SYNTHESIS=1} [get_filesets sources_1]
# set_property top $top [get_filesets sources_1]
# if {[file exists $constraints_file]} {
#   add_files -fileset constrs_1 $constraints_file
#   set_property used_in_synthesis true [get_files $constraints_file]
# }
# update_compile_order -fileset sources_1
# report_compile_order -fileset sources_1 -file [file join $report_dir compile_order.rpt]
WARNING: [Vivado 12-3460] The report_compile_order switch '-fileset <fileset>' has been deprecated in favor of '-of_objects <fileset>' and this switch will be removed in a future release
INFO: [Vivado 12-3442] The output from report_compile_order is primarily targeted for human readability and ease of use. The 'get_files' command, with the -compile_order and -used_in options, produces this same information in a format that is better suited for automated scripts.
# if {$run_synth eq "1"} {
#   synth_design -top $top -part $part -mode out_of_context \
#     -directive $synth_directive -flatten_hierarchy $synth_flatten
#   if {[llength [get_clocks -quiet core_clk]] == 0} {
#     create_clock -name core_clk -period $clock_period [get_ports clk]
#   }
#   report_utilization -hierarchical -file [file join $report_dir utilization_hier.rpt]
#   report_utilization -file [file join $report_dir utilization.rpt]
#   report_timing_summary -delay_type max -max_paths 20 -report_unconstrained \
#     -file [file join $report_dir timing_summary.rpt]
#   report_high_fanout_nets -timing -load_types -max_nets 50 \
#     -file [file join $report_dir high_fanout_nets.rpt]
#   report_drc -file [file join $report_dir drc.rpt]
#   write_checkpoint -force [file join $report_dir ${top}_synth.dcp]
#   write_verilog -force [file join $report_dir ${top}_synth.v]
# }
Command: synth_design -top NpcCoreTop -part xc7s25csga225-1 -mode out_of_context -directive RuntimeOptimized -flatten_hierarchy none
Starting synth_design
Attempting to get a license for feature 'Synthesis' and/or device 'xc7s25'
INFO: [Common 17-349] Got license for feature 'Synthesis' and/or device 'xc7s25'
INFO: [Device 21-403] Loading part xc7s25csga225-1
INFO: [Synth 8-7079] Multithreading enabled for synth_design using a maximum of 1 processes.
INFO: [Synth 8-7078] Launching helper process for spawning children vivado processes
INFO: [Synth 8-7075] Helper process launched with PID 1553
---------------------------------------------------------------------------------
Starting RTL Elaboration : Time (s): cpu = 00:00:03 ; elapsed = 00:00:03 . Memory (MB): peak = 2272.004 ; gain = 482.188 ; free physical = 11810 ; free virtual = 17638
---------------------------------------------------------------------------------
WARNING: [Synth 8-6901] identifier 'fetch_dec0_pc_w' is used before its declaration [/home/lyg/PA/ysyx-workbench/npc/rv64/vsrc/ooo/frontend/OooAluFetchCore.v:328]
WARNING: [Synth 8-6901] identifier 'fetch_dec1_pc_w' is used before its declaration [/home/lyg/PA/ysyx-workbench/npc/rv64/vsrc/ooo/frontend/OooAluFetchCore.v:331]
WARNING: [Synth 8-6901] identifier 'fetch_dec0_next_pc_w' is used before its declaration [/home/lyg/PA/ysyx-workbench/npc/rv64/vsrc/ooo/frontend/OooAluFetchCore.v:334]
WARNING: [Synth 8-6901] identifier 'fetch_dec1_next_pc_w' is used before its declaration [/home/lyg/PA/ysyx-workbench/npc/rv64/vsrc/ooo/frontend/OooAluFetchCore.v:337]
WARNING: [Synth 8-6901] identifier 'fetch_rsp_packet_next_pc_w' is used before its declaration [/home/lyg/PA/ysyx-workbench/npc/rv64/vsrc/ooo/frontend/OooAluFetchCore.v:340]
WARNING: [Synth 8-6901] identifier 'fetch_dec0_inst_w' is used before its declaration [/home/lyg/PA/ysyx-workbench/npc/rv64/vsrc/ooo/frontend/OooAluFetchCore.v:343]
WARNING: [Synth 8-6901] identifier 'fetch_dec1_inst_w' is used before its declaration [/home/lyg/PA/ysyx-workbench/npc/rv64/vsrc/ooo/frontend/OooAluFetchCore.v:346]
WARNING: [Synth 8-6901] identifier 'fetch_dec1_resp_w' is used before its declaration [/home/lyg/PA/ysyx-workbench/npc/rv64/vsrc/ooo/frontend/OooAluFetchCore.v:352]
WARNING: [Synth 8-6901] identifier 'core_dispatch_branch_resolve_valid_w' is used before its declaration [/home/lyg/PA/ysyx-workbench/npc/rv64/vsrc/ooo/frontend/OooAluFetchCore.v:778]
WARNING: [Synth 8-6901] identifier 'core_dispatch_branch_resolve_pc_w' is used before its declaration [/home/lyg/PA/ysyx-workbench/npc/rv64/vsrc/ooo/frontend/OooAluFetchCore.v:779]
WARNING: [Synth 8-6901] identifier 'core_dispatch_branch_resolve_valid_w' is used before its declaration [/home/lyg/PA/ysyx-workbench/npc/rv64/vsrc/ooo/frontend/OooAluFetchCore.v:781]
WARNING: [Synth 8-6901] identifier 'core_dispatch_branch_resolve_pc_w' is used before its declaration [/home/lyg/PA/ysyx-workbench/npc/rv64/vsrc/ooo/frontend/OooAluFetchCore.v:782]
WARNING: [Synth 8-6901] identifier 'core_branch_resolve_valid_w' is used before its declaration [/home/lyg/PA/ysyx-workbench/npc/rv64/vsrc/ooo/frontend/OooAluFetchCore.v:787]
WARNING: [Synth 8-6901] identifier 'core_branch_resolve_pc_w' is used before its declaration [/home/lyg/PA/ysyx-workbench/npc/rv64/vsrc/ooo/frontend/OooAluFetchCore.v:788]
WARNING: [Synth 8-6901] identifier 'core_dispatch_branch_resolve_next_pc_w' is used before its declaration [/home/lyg/PA/ysyx-workbench/npc/rv64/vsrc/ooo/frontend/OooAluFetchCore.v:794]
WARNING: [Synth 8-6901] identifier 'core_branch_resolve_next_pc_w' is used before its declaration [/home/lyg/PA/ysyx-workbench/npc/rv64/vsrc/ooo/frontend/OooAluFetchCore.v:794]
WARNING: [Synth 8-6901] identifier 'core_dispatch_branch_resolve_misaligned_w' is used before its declaration [/home/lyg/PA/ysyx-workbench/npc/rv64/vsrc/ooo/frontend/OooAluFetchCore.v:797]
WARNING: [Synth 8-6901] identifier 'core_branch_resolve_misaligned_w' is used before its declaration [/home/lyg/PA/ysyx-workbench/npc/rv64/vsrc/ooo/frontend/OooAluFetchCore.v:798]
WARNING: [Synth 8-6901] identifier 'branch_resolve_pending_match_w' is used before its declaration [/home/lyg/PA/ysyx-workbench/npc/rv64/vsrc/ooo/frontend/OooAluFetchCore.v:1022]
WARNING: [Synth 8-6901] identifier 'core_branch_resolve_next_pc_w' is used before its declaration [/home/lyg/PA/ysyx-workbench/npc/rv64/vsrc/ooo/frontend/OooAluFetchCore.v:1043]
WARNING: [Synth 8-6901] identifier 'core_branch_resolve_valid_w' is used before its declaration [/home/lyg/PA/ysyx-workbench/npc/rv64/vsrc/ooo/frontend/OooAluFetchCore.v:1085]
WARNING: [Synth 8-6901] identifier 'core_branch_resolve_pc_w' is used before its declaration [/home/lyg/PA/ysyx-workbench/npc/rv64/vsrc/ooo/frontend/OooAluFetchCore.v:1086]
WARNING: [Synth 8-6901] identifier 'core_branch_resolve_misaligned_w' is used before its declaration [/home/lyg/PA/ysyx-workbench/npc/rv64/vsrc/ooo/frontend/OooAluFetchCore.v:1094]
WARNING: [Synth 8-6901] identifier 'execute0_valid_unused_w' is used before its declaration [/home/lyg/PA/ysyx-workbench/npc/rv64/vsrc/ooo/frontend/OooAluFetchCore.v:1099]
WARNING: [Synth 8-6901] identifier 'execute1_valid_unused_w' is used before its declaration [/home/lyg/PA/ysyx-workbench/npc/rv64/vsrc/ooo/frontend/OooAluFetchCore.v:1099]
WARNING: [Synth 8-6901] identifier 'core_mem_idle_w' is used before its declaration [/home/lyg/PA/ysyx-workbench/npc/rv64/vsrc/ooo/frontend/OooAluFetchCore.v:1105]
WARNING: [Synth 8-6901] identifier 'core_pending_load_branch_dep_w' is used before its declaration [/home/lyg/PA/ysyx-workbench/npc/rv64/vsrc/ooo/frontend/OooAluFetchCore.v:1105]
WARNING: [Synth 8-6901] identifier 'core_branch_resolve_misaligned_w' is used before its declaration [/home/lyg/PA/ysyx-workbench/npc/rv64/vsrc/ooo/frontend/OooAluFetchCore.v:1110]
WARNING: [Synth 8-6901] identifier 'core_branch_resolve_next_pc_w' is used before its declaration [/home/lyg/PA/ysyx-workbench/npc/rv64/vsrc/ooo/frontend/OooAluFetchCore.v:1111]
WARNING: [Synth 8-6901] identifier 'core_branch_resolve_misaligned_w' is used before its declaration [/home/lyg/PA/ysyx-workbench/npc/rv64/vsrc/ooo/frontend/OooAluFetchCore.v:1115]
WARNING: [Synth 8-6901] identifier 'core_branch_resolve_valid_w' is used before its declaration [/home/lyg/PA/ysyx-workbench/npc/rv64/vsrc/ooo/frontend/OooAluFetchCore.v:1119]
WARNING: [Synth 8-6901] identifier 'core_branch_resolve_pc_w' is used before its declaration [/home/lyg/PA/ysyx-workbench/npc/rv64/vsrc/ooo/frontend/OooAluFetchCore.v:1120]
WARNING: [Synth 8-6901] identifier 'core_branch_resolve_valid_w' is used before its declaration [/home/lyg/PA/ysyx-workbench/npc/rv64/vsrc/ooo/frontend/OooAluFetchCore.v:1127]
WARNING: [Synth 8-6901] identifier 'core_branch_resolve_misaligned_w' is used before its declaration [/home/lyg/PA/ysyx-workbench/npc/rv64/vsrc/ooo/frontend/OooAluFetchCore.v:1135]
WARNING: [Synth 8-6901] identifier 'pending_jump_nolink_commit_w' is used before its declaration [/home/lyg/PA/ysyx-workbench/npc/rv64/vsrc/ooo/frontend/OooAluFetchCore.v:1139]
WARNING: [Synth 8-6901] identifier 'pending_jump_redirect_after_dispatch_w' is used before its declaration [/home/lyg/PA/ysyx-workbench/npc/rv64/vsrc/ooo/frontend/OooAluFetchCore.v:1140]
WARNING: [Synth 8-6901] identifier 'branch_fallthrough_dispatch_w' is used before its declaration [/home/lyg/PA/ysyx-workbench/npc/rv64/vsrc/ooo/frontend/OooAluFetchCore.v:1145]
WARNING: [Synth 8-6901] identifier 'branch_fallthrough_outstanding_match_w' is used before its declaration [/home/lyg/PA/ysyx-workbench/npc/rv64/vsrc/ooo/frontend/OooAluFetchCore.v:1146]
WARNING: [Synth 8-6901] identifier 'return_cont_dispatch_w' is used before its declaration [/home/lyg/PA/ysyx-workbench/npc/rv64/vsrc/ooo/frontend/OooAluFetchCore.v:1151]
WARNING: [Synth 8-6901] identifier 'branch_target_dispatch_w' is used before its declaration [/home/lyg/PA/ysyx-workbench/npc/rv64/vsrc/ooo/frontend/OooAluFetchCore.v:1153]
WARNING: [Synth 8-6901] identifier 'branch_target_cache_next_pc_w' is used before its declaration [/home/lyg/PA/ysyx-workbench/npc/rv64/vsrc/ooo/frontend/OooAluFetchCore.v:1154]
WARNING: [Synth 8-6901] identifier 'branch_fallthrough_dispatch_w' is used before its declaration [/home/lyg/PA/ysyx-workbench/npc/rv64/vsrc/ooo/frontend/OooAluFetchCore.v:1155]
WARNING: [Synth 8-6901] identifier 'pending_jump_nolink_commit_w' is used before its declaration [/home/lyg/PA/ysyx-workbench/npc/rv64/vsrc/ooo/frontend/OooAluFetchCore.v:1158]
WARNING: [Synth 8-6901] identifier 'pending_jump_redirect_after_dispatch_w' is used before its declaration [/home/lyg/PA/ysyx-workbench/npc/rv64/vsrc/ooo/frontend/OooAluFetchCore.v:1159]
WARNING: [Synth 8-6901] identifier 'pending_jump_resolved_target_w' is used before its declaration [/home/lyg/PA/ysyx-workbench/npc/rv64/vsrc/ooo/frontend/OooAluFetchCore.v:1159]
WARNING: [Synth 8-6901] identifier 'core_branch_resolve_next_pc_w' is used before its declaration [/home/lyg/PA/ysyx-workbench/npc/rv64/vsrc/ooo/frontend/OooAluFetchCore.v:1160]
WARNING: [Synth 8-6901] identifier 'core_branch_resolve_next_pc_w' is used before its declaration [/home/lyg/PA/ysyx-workbench/npc/rv64/vsrc/ooo/frontend/OooAluFetchCore.v:1161]
WARNING: [Synth 8-6901] identifier 'csr_trap_mem_valid_w' is used before its declaration [/home/lyg/PA/ysyx-workbench/npc/rv64/vsrc/ooo/frontend/OooAluFetchCore.v:1172]
WARNING: [Synth 8-6901] identifier 'csr_trap_ex_valid_w' is used before its declaration [/home/lyg/PA/ysyx-workbench/npc/rv64/vsrc/ooo/frontend/OooAluFetchCore.v:1172]
WARNING: [Synth 8-6901] identifier 'csr_trap_irq_valid_w' is used before its declaration [/home/lyg/PA/ysyx-workbench/npc/rv64/vsrc/ooo/frontend/OooAluFetchCore.v:1172]
WARNING: [Synth 8-6901] identifier 'drain_complete_w' is used before its declaration [/home/lyg/PA/ysyx-workbench/npc/rv64/vsrc/ooo/frontend/OooAluFetchCore.v:1282]
WARNING: [Synth 8-6901] identifier 'drain_complete_w' is used before its declaration [/home/lyg/PA/ysyx-workbench/npc/rv64/vsrc/ooo/frontend/OooAluFetchCore.v:1286]
WARNING: [Synth 8-6901] identifier 'drain_complete_w' is used before its declaration [/home/lyg/PA/ysyx-workbench/npc/rv64/vsrc/ooo/frontend/OooAluFetchCore.v:1289]
WARNING: [Synth 8-6901] identifier 'drain_complete_w' is used before its declaration [/home/lyg/PA/ysyx-workbench/npc/rv64/vsrc/ooo/frontend/OooAluFetchCore.v:1299]
WARNING: [Synth 8-6901] identifier 'drain_complete_w' is used before its declaration [/home/lyg/PA/ysyx-workbench/npc/rv64/vsrc/ooo/frontend/OooAluFetchCore.v:1302]
WARNING: [Synth 8-6901] identifier 'jump_dispatch_fire_w' is used before its declaration [/home/lyg/PA/ysyx-workbench/npc/rv64/vsrc/ooo/frontend/OooAluFetchCore.v:1419]
WARNING: [Synth 8-6901] identifier 'jump_dispatch_fire_w' is used before its declaration [/home/lyg/PA/ysyx-workbench/npc/rv64/vsrc/ooo/frontend/OooAluFetchCore.v:1426]
WARNING: [Synth 8-6901] identifier 'jump_dispatch_fire_w' is used before its declaration [/home/lyg/PA/ysyx-workbench/npc/rv64/vsrc/ooo/frontend/OooAluFetchCore.v:1435]
INFO: [Synth 8-11241] undeclared symbol 'mem_issue_block_w', assumed default net type 'wire' [/home/lyg/PA/ysyx-workbench/npc/rv64/vsrc/ooo/backend/OooIntBackend.v:200]
WARNING: [Synth 8-8895] 'mem_issue_block_w' is already implicitly declared on line 200 [/home/lyg/PA/ysyx-workbench/npc/rv64/vsrc/ooo/backend/OooIntBackend.v:998]
WARNING: [Synth 8-6901] identifier 'issue0_current_result_valid_w' is used before its declaration [/home/lyg/PA/ysyx-workbench/npc/rv64/vsrc/ooo/backend/OooIntBackend.v:702]
WARNING: [Synth 8-6901] identifier 'issue0_current_result_valid_w' is used before its declaration [/home/lyg/PA/ysyx-workbench/npc/rv64/vsrc/ooo/backend/OooIntBackend.v:706]
WARNING: [Synth 8-6901] identifier 'issue0_wb_data_w' is used before its declaration [/home/lyg/PA/ysyx-workbench/npc/rv64/vsrc/ooo/backend/OooIntBackend.v:710]
WARNING: [Synth 8-6901] identifier 'issue0_wb_data_w' is used before its declaration [/home/lyg/PA/ysyx-workbench/npc/rv64/vsrc/ooo/backend/OooIntBackend.v:713]
WARNING: [Synth 8-6901] identifier 'ex0_valid_q' is used before its declaration [/home/lyg/PA/ysyx-workbench/npc/rv64/vsrc/ooo/backend/OooIntBackend.v:1005]
WARNING: [Synth 8-6901] identifier 'ex1_valid_q' is used before its declaration [/home/lyg/PA/ysyx-workbench/npc/rv64/vsrc/ooo/backend/OooIntBackend.v:1005]
WARNING: [Synth 8-6901] identifier 'issue0_mem_order_ready_w' is used before its declaration [/home/lyg/PA/ysyx-workbench/npc/rv64/vsrc/ooo/backend/OooIntBackend.v:1022]
WARNING: [Synth 8-6901] identifier 'issue1_mem_order_ready_w' is used before its declaration [/home/lyg/PA/ysyx-workbench/npc/rv64/vsrc/ooo/backend/OooIntBackend.v:1022]
INFO: [Synth 8-6157] synthesizing module 'NpcCoreTop' [/home/lyg/PA/ysyx-workbench/npc/rv64/vsrc/core/NpcCoreTop.v:5]
INFO: [Synth 8-6157] synthesizing module 'OooFetchAxiBridge' [/home/lyg/PA/ysyx-workbench/npc/rv64/vsrc/core/OooFetchAxiBridge.v:3]
INFO: [Synth 8-6157] synthesizing module 'OooFetchPacketCache' [/home/lyg/PA/ysyx-workbench/npc/rv64/vsrc/cache/OooFetchPacketCache.v:3]
	Parameter INDEX_W bound to: 12 - type: integer 
INFO: [Synth 8-6155] done synthesizing module 'OooFetchPacketCache' (0#1) [/home/lyg/PA/ysyx-workbench/npc/rv64/vsrc/cache/OooFetchPacketCache.v:3]
INFO: [Synth 8-6157] synthesizing module 'OooSv39Tlb' [/home/lyg/PA/ysyx-workbench/npc/rv64/vsrc/common/OooSv39Tlb.v:3]
	Parameter INDEX_W bound to: 6 - type: integer 
INFO: [Synth 8-6155] done synthesizing module 'OooSv39Tlb' (0#1) [/home/lyg/PA/ysyx-workbench/npc/rv64/vsrc/common/OooSv39Tlb.v:3]
INFO: [Synth 8-6155] done synthesizing module 'OooFetchAxiBridge' (0#1) [/home/lyg/PA/ysyx-workbench/npc/rv64/vsrc/core/OooFetchAxiBridge.v:3]
INFO: [Synth 8-6157] synthesizing module 'OooMemAxiBridge' [/home/lyg/PA/ysyx-workbench/npc/rv64/vsrc/core/OooMemAxiBridge.v:3]
INFO: [Synth 8-6157] synthesizing module 'OooDataWordCache' [/home/lyg/PA/ysyx-workbench/npc/rv64/vsrc/cache/OooDataWordCache.v:3]
	Parameter INDEX_W bound to: 10 - type: integer 
INFO: [Synth 8-6155] done synthesizing module 'OooDataWordCache' (0#1) [/home/lyg/PA/ysyx-workbench/npc/rv64/vsrc/cache/OooDataWordCache.v:3]
INFO: [Synth 8-6155] done synthesizing module 'OooMemAxiBridge' (0#1) [/home/lyg/PA/ysyx-workbench/npc/rv64/vsrc/core/OooMemAxiBridge.v:3]
INFO: [Synth 8-6157] synthesizing module 'OooAluFetchCore' [/home/lyg/PA/ysyx-workbench/npc/rv64/vsrc/ooo/frontend/OooAluFetchCore.v:5]
	Parameter ROB_INDEX_W bound to: 4 - type: integer 
	Parameter ROB_COUNT_W bound to: 5 - type: integer 
	Parameter ISSUE_COUNT_W bound to: 4 - type: integer 
INFO: [Synth 8-6157] synthesizing module 'OooFpDecode' [/home/lyg/PA/ysyx-workbench/npc/rv64/vsrc/ooo/frontend/OooFpDecode.v:3]
INFO: [Synth 8-6155] done synthesizing module 'OooFpDecode' (0#1) [/home/lyg/PA/ysyx-workbench/npc/rv64/vsrc/ooo/frontend/OooFpDecode.v:3]
INFO: [Synth 8-6157] synthesizing module 'OooRvcDecompressor' [/home/lyg/PA/ysyx-workbench/npc/rv64/vsrc/ooo/frontend/OooRvcDecompressor.v:5]
INFO: [Synth 8-226] default block is never used [/home/lyg/PA/ysyx-workbench/npc/rv64/vsrc/ooo/frontend/OooRvcDecompressor.v:256]
INFO: [Synth 8-226] default block is never used [/home/lyg/PA/ysyx-workbench/npc/rv64/vsrc/ooo/frontend/OooRvcDecompressor.v:290]
INFO: [Synth 8-226] default block is never used [/home/lyg/PA/ysyx-workbench/npc/rv64/vsrc/ooo/frontend/OooRvcDecompressor.v:309]
INFO: [Synth 8-226] default block is never used [/home/lyg/PA/ysyx-workbench/npc/rv64/vsrc/ooo/frontend/OooRvcDecompressor.v:356]
INFO: [Synth 8-6155] done synthesizing module 'OooRvcDecompressor' (0#1) [/home/lyg/PA/ysyx-workbench/npc/rv64/vsrc/ooo/frontend/OooRvcDecompressor.v:5]
INFO: [Synth 8-6157] synthesizing module 'OooJalrBtb' [/home/lyg/PA/ysyx-workbench/npc/rv64/vsrc/frontend/OooJalrBtb.v:3]
INFO: [Synth 8-6155] done synthesizing module 'OooJalrBtb' (0#1) [/home/lyg/PA/ysyx-workbench/npc/rv64/vsrc/frontend/OooJalrBtb.v:3]
INFO: [Synth 8-6157] synthesizing module 'OooBranchTargetCache' [/home/lyg/PA/ysyx-workbench/npc/rv64/vsrc/frontend/OooBranchTargetCache.v:3]
	Parameter INDEX_W bound to: 4 - type: integer 
WARNING: [Synth 8-6090] variable 'valid_q' is written by both blocking and non-blocking assignments, entire logic could be removed [/home/lyg/PA/ysyx-workbench/npc/rv64/vsrc/frontend/OooBranchTargetCache.v:96]
WARNING: [Synth 8-6090] variable 'valid_q' is written by both blocking and non-blocking assignments, entire logic could be removed [/home/lyg/PA/ysyx-workbench/npc/rv64/vsrc/frontend/OooBranchTargetCache.v:96]
WARNING: [Synth 8-6090] variable 'valid_q' is written by both blocking and non-blocking assignments, entire logic could be removed [/home/lyg/PA/ysyx-workbench/npc/rv64/vsrc/frontend/OooBranchTargetCache.v:96]
WARNING: [Synth 8-6090] variable 'valid_q' is written by both blocking and non-blocking assignments, entire logic could be removed [/home/lyg/PA/ysyx-workbench/npc/rv64/vsrc/frontend/OooBranchTargetCache.v:96]
WARNING: [Synth 8-6090] variable 'valid_q' is written by both blocking and non-blocking assignments, entire logic could be removed [/home/lyg/PA/ysyx-workbench/npc/rv64/vsrc/frontend/OooBranchTargetCache.v:96]
WARNING: [Synth 8-6090] variable 'valid_q' is written by both blocking and non-blocking assignments, entire logic could be removed [/home/lyg/PA/ysyx-workbench/npc/rv64/vsrc/frontend/OooBranchTargetCache.v:96]
WARNING: [Synth 8-6090] variable 'valid_q' is written by both blocking and non-blocking assignments, entire logic could be removed [/home/lyg/PA/ysyx-workbench/npc/rv64/vsrc/frontend/OooBranchTargetCache.v:96]
WARNING: [Synth 8-6090] variable 'valid_q' is written by both blocking and non-blocking assignments, entire logic could be removed [/home/lyg/PA/ysyx-workbench/npc/rv64/vsrc/frontend/OooBranchTargetCache.v:96]
WARNING: [Synth 8-6090] variable 'valid_q' is written by both blocking and non-blocking assignments, entire logic could be removed [/home/lyg/PA/ysyx-workbench/npc/rv64/vsrc/frontend/OooBranchTargetCache.v:96]
WARNING: [Synth 8-6090] variable 'valid_q' is written by both blocking and non-blocking assignments, entire logic could be removed [/home/lyg/PA/ysyx-workbench/npc/rv64/vsrc/frontend/OooBranchTargetCache.v:96]
WARNING: [Synth 8-6090] variable 'valid_q' is written by both blocking and non-blocking assignments, entire logic could be removed [/home/lyg/PA/ysyx-workbench/npc/rv64/vsrc/frontend/OooBranchTargetCache.v:96]
WARNING: [Synth 8-6090] variable 'valid_q' is written by both blocking and non-blocking assignments, entire logic could be removed [/home/lyg/PA/ysyx-workbench/npc/rv64/vsrc/frontend/OooBranchTargetCache.v:96]
WARNING: [Synth 8-6090] variable 'valid_q' is written by both blocking and non-blocking assignments, entire logic could be removed [/home/lyg/PA/ysyx-workbench/npc/rv64/vsrc/frontend/OooBranchTargetCache.v:96]
WARNING: [Synth 8-6090] variable 'valid_q' is written by both blocking and non-blocking assignments, entire logic could be removed [/home/lyg/PA/ysyx-workbench/npc/rv64/vsrc/frontend/OooBranchTargetCache.v:96]
WARNING: [Synth 8-6090] variable 'valid_q' is written by both blocking and non-blocking assignments, entire logic could be removed [/home/lyg/PA/ysyx-workbench/npc/rv64/vsrc/frontend/OooBranchTargetCache.v:96]
WARNING: [Synth 8-6090] variable 'valid_q' is written by both blocking and non-blocking assignments, entire logic could be removed [/home/lyg/PA/ysyx-workbench/npc/rv64/vsrc/frontend/OooBranchTargetCache.v:96]
INFO: [Synth 8-6155] done synthesizing module 'OooBranchTargetCache' (0#1) [/home/lyg/PA/ysyx-workbench/npc/rv64/vsrc/frontend/OooBranchTargetCache.v:3]
INFO: [Synth 8-6157] synthesizing module 'OooBranchDirectionPredictor' [/home/lyg/PA/ysyx-workbench/npc/rv64/vsrc/frontend/OooBranchDirectionPredictor.v:3]
INFO: [Synth 8-6155] done synthesizing module 'OooBranchDirectionPredictor' (0#1) [/home/lyg/PA/ysyx-workbench/npc/rv64/vsrc/frontend/OooBranchDirectionPredictor.v:3]
INFO: [Synth 8-6157] synthesizing module 'CsrFile' [/home/lyg/PA/ysyx-workbench/npc/rv64/vsrc/core/CsrFile.v:5]
INFO: [Synth 8-6155] done synthesizing module 'CsrFile' (0#1) [/home/lyg/PA/ysyx-workbench/npc/rv64/vsrc/core/CsrFile.v:5]
INFO: [Synth 8-6157] synthesizing module 'DecodeStage' [/home/lyg/PA/ysyx-workbench/npc/rv64/vsrc/decode/DecodeStage.v:3]
INFO: [Synth 8-6157] synthesizing module 'DecodeUnit' [/home/lyg/PA/ysyx-workbench/npc/rv64/vsrc/decode/DecodeUnit.v:3]
INFO: [Synth 8-226] default block is never used [/home/lyg/PA/ysyx-workbench/npc/rv64/vsrc/decode/DecodeUnit.v:403]
INFO: [Synth 8-226] default block is never used [/home/lyg/PA/ysyx-workbench/npc/rv64/vsrc/decode/DecodeUnit.v:514]
INFO: [Synth 8-6155] done synthesizing module 'DecodeUnit' (0#1) [/home/lyg/PA/ysyx-workbench/npc/rv64/vsrc/decode/DecodeUnit.v:3]
INFO: [Synth 8-6157] synthesizing module 'ImmGen' [/home/lyg/PA/ysyx-workbench/npc/rv64/vsrc/decode/ImmGen.v:3]
INFO: [Synth 8-6155] done synthesizing module 'ImmGen' (0#1) [/home/lyg/PA/ysyx-workbench/npc/rv64/vsrc/decode/ImmGen.v:3]
INFO: [Synth 8-6155] done synthesizing module 'DecodeStage' (0#1) [/home/lyg/PA/ysyx-workbench/npc/rv64/vsrc/decode/DecodeStage.v:3]
INFO: [Synth 8-6157] synthesizing module 'CompareUnit' [/home/lyg/PA/ysyx-workbench/npc/rv64/vsrc/execute/CompareUnit.v:3]
INFO: [Synth 8-6155] done synthesizing module 'CompareUnit' (0#1) [/home/lyg/PA/ysyx-workbench/npc/rv64/vsrc/execute/CompareUnit.v:3]
INFO: [Synth 8-6157] synthesizing module 'OooAluCoreSlice' [/home/lyg/PA/ysyx-workbench/npc/rv64/vsrc/ooo/backend/OooAluCoreSlice.v:5]
	Parameter PHY_REG_ADDR_W bound to: 6 - type: integer 
	Parameter ROB_INDEX_W bound to: 4 - type: integer 
	Parameter ROB_COUNT_W bound to: 5 - type: integer 
	Parameter FREE_COUNT_W bound to: 7 - type: integer 
	Parameter ISSUE_COUNT_W bound to: 4 - type: integer 
INFO: [Synth 8-6157] synthesizing module 'OooAluDecodeBackend' [/home/lyg/PA/ysyx-workbench/npc/rv64/vsrc/ooo/backend/OooAluDecodeBackend.v:5]
	Parameter PHY_REG_ADDR_W bound to: 6 - type: integer 
	Parameter ROB_INDEX_W bound to: 4 - type: integer 
	Parameter ROB_COUNT_W bound to: 5 - type: integer 
	Parameter FREE_COUNT_W bound to: 7 - type: integer 
	Parameter ISSUE_COUNT_W bound to: 4 - type: integer 
INFO: [Synth 8-6157] synthesizing module 'OooIntBackend' [/home/lyg/PA/ysyx-workbench/npc/rv64/vsrc/ooo/backend/OooIntBackend.v:6]
	Parameter PHY_REG_ADDR_W bound to: 6 - type: integer 
	Parameter ROB_INDEX_W bound to: 4 - type: integer 
	Parameter ROB_COUNT_W bound to: 5 - type: integer 
	Parameter FREE_COUNT_W bound to: 7 - type: integer 
	Parameter ISSUE_COUNT_W bound to: 4 - type: integer 
INFO: [Synth 8-226] default block is never used [/home/lyg/PA/ysyx-workbench/npc/rv64/vsrc/ooo/backend/OooIntBackend.v:400]
INFO: [Synth 8-6157] synthesizing module 'OooDispatchBackend' [/home/lyg/PA/ysyx-workbench/npc/rv64/vsrc/ooo/backend/OooDispatchBackend.v:6]
	Parameter PHY_REG_ADDR_W bound to: 6 - type: integer 
	Parameter ROB_INDEX_W bound to: 4 - type: integer 
	Parameter ROB_COUNT_W bound to: 5 - type: integer 
	Parameter FREE_COUNT_W bound to: 7 - type: integer 
	Parameter ISSUE_COUNT_W bound to: 4 - type: integer 
INFO: [Synth 8-6157] synthesizing module 'OooFreeList' [/home/lyg/PA/ysyx-workbench/npc/rv64/vsrc/ooo/rename/OooFreeList.v:5]
	Parameter PHY_REG_ADDR_W bound to: 6 - type: integer 
	Parameter FREE_COUNT_W bound to: 7 - type: integer 
INFO: [Synth 8-6155] done synthesizing module 'OooFreeList' (0#1) [/home/lyg/PA/ysyx-workbench/npc/rv64/vsrc/ooo/rename/OooFreeList.v:5]
INFO: [Synth 8-6157] synthesizing module 'OooRenameMap' [/home/lyg/PA/ysyx-workbench/npc/rv64/vsrc/ooo/rename/OooRenameMap.v:5]
	Parameter PHY_REG_ADDR_W bound to: 6 - type: integer 
INFO: [Synth 8-6155] done synthesizing module 'OooRenameMap' (0#1) [/home/lyg/PA/ysyx-workbench/npc/rv64/vsrc/ooo/rename/OooRenameMap.v:5]
INFO: [Synth 8-6157] synthesizing module 'OooBusyTable' [/home/lyg/PA/ysyx-workbench/npc/rv64/vsrc/ooo/rename/OooBusyTable.v:5]
	Parameter PHY_REG_ADDR_W bound to: 6 - type: integer 
INFO: [Synth 8-6155] done synthesizing module 'OooBusyTable' (0#1) [/home/lyg/PA/ysyx-workbench/npc/rv64/vsrc/ooo/rename/OooBusyTable.v:5]
INFO: [Synth 8-6157] synthesizing module 'OooRob' [/home/lyg/PA/ysyx-workbench/npc/rv64/vsrc/ooo/commit/OooRob.v:5]
	Parameter ROB_ENTRIES bound to: 16 - type: integer 
	Parameter ROB_INDEX_W bound to: 4 - type: integer 
	Parameter ROB_COUNT_W bound to: 5 - type: integer 
	Parameter PHY_REG_ADDR_W bound to: 6 - type: integer 
INFO: [Synth 8-6155] done synthesizing module 'OooRob' (0#1) [/home/lyg/PA/ysyx-workbench/npc/rv64/vsrc/ooo/commit/OooRob.v:5]
INFO: [Synth 8-6157] synthesizing module 'OooIntIssueQueue' [/home/lyg/PA/ysyx-workbench/npc/rv64/vsrc/ooo/issue/OooIntIssueQueue.v:5]
	Parameter ENTRY_COUNT bound to: 8 - type: integer 
	Parameter ENTRY_INDEX_W bound to: 3 - type: integer 
	Parameter ENTRY_COUNT_W bound to: 4 - type: integer 
	Parameter PHY_REG_ADDR_W bound to: 6 - type: integer 
	Parameter ROB_INDEX_W bound to: 4 - type: integer 
INFO: [Synth 8-6155] done synthesizing module 'OooIntIssueQueue' (0#1) [/home/lyg/PA/ysyx-workbench/npc/rv64/vsrc/ooo/issue/OooIntIssueQueue.v:5]
INFO: [Synth 8-6155] done synthesizing module 'OooDispatchBackend' (0#1) [/home/lyg/PA/ysyx-workbench/npc/rv64/vsrc/ooo/backend/OooDispatchBackend.v:6]
INFO: [Synth 8-6157] synthesizing module 'OooPhysRegFile' [/home/lyg/PA/ysyx-workbench/npc/rv64/vsrc/ooo/regfile/OooPhysRegFile.v:5]
	Parameter PHY_REG_ADDR_W bound to: 6 - type: integer 
INFO: [Synth 8-6155] done synthesizing module 'OooPhysRegFile' (0#1) [/home/lyg/PA/ysyx-workbench/npc/rv64/vsrc/ooo/regfile/OooPhysRegFile.v:5]
INFO: [Synth 8-6157] synthesizing module 'ALU' [/home/lyg/PA/ysyx-workbench/npc/rv64/vsrc/execute/ALU.v:3]
INFO: [Synth 8-6155] done synthesizing module 'ALU' (0#1) [/home/lyg/PA/ysyx-workbench/npc/rv64/vsrc/execute/ALU.v:3]
INFO: [Synth 8-226] default block is never used [/home/lyg/PA/ysyx-workbench/npc/rv64/vsrc/ooo/backend/OooIntBackend.v:534]
INFO: [Synth 8-6157] synthesizing module 'WBU' [/home/lyg/PA/ysyx-workbench/npc/rv64/vsrc/writeback/WBU.v:3]
INFO: [Synth 8-6155] done synthesizing module 'WBU' (0#1) [/home/lyg/PA/ysyx-workbench/npc/rv64/vsrc/writeback/WBU.v:3]
INFO: [Synth 8-6157] synthesizing module 'LSU' [/home/lyg/PA/ysyx-workbench/npc/rv64/vsrc/memory/LSU.v:3]
INFO: [Synth 8-6157] synthesizing module 'LSUControl' [/home/lyg/PA/ysyx-workbench/npc/rv64/vsrc/memory/LSUControl.v:3]
INFO: [Synth 8-6155] done synthesizing module 'LSUControl' (0#1) [/home/lyg/PA/ysyx-workbench/npc/rv64/vsrc/memory/LSUControl.v:3]
INFO: [Synth 8-6157] synthesizing module 'LSUDataPath' [/home/lyg/PA/ysyx-workbench/npc/rv64/vsrc/memory/LSUDataPath.v:3]
INFO: [Synth 8-6155] done synthesizing module 'LSUDataPath' (0#1) [/home/lyg/PA/ysyx-workbench/npc/rv64/vsrc/memory/LSUDataPath.v:3]
INFO: [Synth 8-6155] done synthesizing module 'LSU' (0#1) [/home/lyg/PA/ysyx-workbench/npc/rv64/vsrc/memory/LSU.v:3]
INFO: [Synth 8-6155] done synthesizing module 'OooIntBackend' (0#1) [/home/lyg/PA/ysyx-workbench/npc/rv64/vsrc/ooo/backend/OooIntBackend.v:6]
INFO: [Synth 8-6155] done synthesizing module 'OooAluDecodeBackend' (0#1) [/home/lyg/PA/ysyx-workbench/npc/rv64/vsrc/ooo/backend/OooAluDecodeBackend.v:5]
INFO: [Synth 8-6157] synthesizing module 'OooArchRegFile' [/home/lyg/PA/ysyx-workbench/npc/rv64/vsrc/ooo/regfile/OooArchRegFile.v:5]
INFO: [Synth 8-6155] done synthesizing module 'OooArchRegFile' (0#1) [/home/lyg/PA/ysyx-workbench/npc/rv64/vsrc/ooo/regfile/OooArchRegFile.v:5]
INFO: [Synth 8-6155] done synthesizing module 'OooAluCoreSlice' (0#1) [/home/lyg/PA/ysyx-workbench/npc/rv64/vsrc/ooo/backend/OooAluCoreSlice.v:5]
INFO: [Synth 8-6155] done synthesizing module 'OooAluFetchCore' (0#1) [/home/lyg/PA/ysyx-workbench/npc/rv64/vsrc/ooo/frontend/OooAluFetchCore.v:5]
INFO: [Synth 8-6155] done synthesizing module 'NpcCoreTop' (0#1) [/home/lyg/PA/ysyx-workbench/npc/rv64/vsrc/core/NpcCoreTop.v:5]
WARNING: [Synth 8-6014] Unused sequential element debug_last_pte_addr_q_reg was removed.  [/home/lyg/PA/ysyx-workbench/npc/rv64/vsrc/core/OooFetchAxiBridge.v:339]
WARNING: [Synth 8-6014] Unused sequential element debug_last_pte_q_reg was removed.  [/home/lyg/PA/ysyx-workbench/npc/rv64/vsrc/core/OooFetchAxiBridge.v:340]
WARNING: [Synth 8-6014] Unused sequential element debug_last_pte_level_q_reg was removed.  [/home/lyg/PA/ysyx-workbench/npc/rv64/vsrc/core/OooFetchAxiBridge.v:341]
WARNING: [Synth 8-6014] Unused sequential element debug_last_pte_second_q_reg was removed.  [/home/lyg/PA/ysyx-workbench/npc/rv64/vsrc/core/OooFetchAxiBridge.v:342]
WARNING: [Synth 8-4767] Trying to implement RAM 'addr_q_reg' in registers. Block RAM or DRAM implementation is not possible; see log for reasons. [/home/lyg/PA/ysyx-workbench/npc/rv64/vsrc/cache/OooDataWordCache.v:107]
Reason is one or more of the following :
	1: RAM has multiple writes via different ports in same process. If RAM inferencing intended, write to one port per process. 
	2: Invalid write to RAM. 
	3: Invalid write to RAM. 
	4: No valid clock found for write to RAM. 
WARNING: [Synth 8-13159] Potential Runtime issue for RAM 'addr_q_reg' since this is dissolved into (65536) registers bits. Consider modifying RTL as per supported RAM templates
WARNING: [Synth 8-4767] Trying to implement RAM 'data_q_reg' in registers. Block RAM or DRAM implementation is not possible; see log for reasons. [/home/lyg/PA/ysyx-workbench/npc/rv64/vsrc/cache/OooDataWordCache.v:108]
Reason is one or more of the following :
	1: RAM has multiple writes via different ports in same process. If RAM inferencing intended, write to one port per process. 
	2: Invalid write to RAM. 
	3: Found multiple writes to the RAM with same address. 
	4: RAM has multiple writes via different ports in same process. If RAM inferencing intended, write to one port per process. 
	5: Invalid write to RAM. 
	6: Invalid write to RAM. 
	7: No valid clock found for write to RAM. 
WARNING: [Synth 8-13159] Potential Runtime issue for RAM 'data_q_reg' since this is dissolved into (65536) registers bits. Consider modifying RTL as per supported RAM templates
WARNING: [Synth 8-6014] Unused sequential element paging_q_reg was removed.  [/home/lyg/PA/ysyx-workbench/npc/rv64/vsrc/core/OooMemAxiBridge.v:350]
WARNING: [Synth 8-6014] Unused sequential element push_count_reg was removed.  [/home/lyg/PA/ysyx-workbench/npc/rv64/vsrc/ooo/rename/OooFreeList.v:108]
WARNING: [Synth 8-6014] Unused sequential element next_count_reg was removed.  [/home/lyg/PA/ysyx-workbench/npc/rv64/vsrc/ooo/rename/OooFreeList.v:109]
WARNING: [Synth 8-6014] Unused sequential element rf_reg[0] was removed.  [/home/lyg/PA/ysyx-workbench/npc/rv64/vsrc/ooo/regfile/OooArchRegFile.v:50]
WARNING: [Synth 8-6014] Unused sequential element pending_branch_bht_valid_q_reg was removed.  [/home/lyg/PA/ysyx-workbench/npc/rv64/vsrc/ooo/frontend/OooAluFetchCore.v:3960]
WARNING: [Synth 8-6014] Unused sequential element pending_fp_wdata_q_reg was removed.  [/home/lyg/PA/ysyx-workbench/npc/rv64/vsrc/ooo/frontend/OooAluFetchCore.v:4071]
WARNING: [Synth 8-6014] Unused sequential element pending_fp_wstrb_q_reg was removed.  [/home/lyg/PA/ysyx-workbench/npc/rv64/vsrc/ooo/frontend/OooAluFetchCore.v:4072]
WARNING: [Synth 8-6014] Unused sequential element pending_system_wfi_q_reg was removed.  [/home/lyg/PA/ysyx-workbench/npc/rv64/vsrc/ooo/frontend/OooAluFetchCore.v:4079]
WARNING: [Synth 8-6014] Unused sequential element fifo_packet_next_pc_q_reg[0] was removed.  [/home/lyg/PA/ysyx-workbench/npc/rv64/vsrc/ooo/frontend/OooAluFetchCore.v:341]
WARNING: [Synth 8-6014] Unused sequential element fifo_packet_next_pc_q_reg[1] was removed.  [/home/lyg/PA/ysyx-workbench/npc/rv64/vsrc/ooo/frontend/OooAluFetchCore.v:341]
WARNING: [Synth 8-6014] Unused sequential element fifo_packet_next_pc_q_reg[2] was removed.  [/home/lyg/PA/ysyx-workbench/npc/rv64/vsrc/ooo/frontend/OooAluFetchCore.v:341]
WARNING: [Synth 8-6014] Unused sequential element fifo_packet_next_pc_q_reg[3] was removed.  [/home/lyg/PA/ysyx-workbench/npc/rv64/vsrc/ooo/frontend/OooAluFetchCore.v:341]
WARNING: [Synth 8-7129] Port recover_gprs_i[63] in module OooPhysRegFile is either unconnected or has no load
WARNING: [Synth 8-7129] Port recover_gprs_i[62] in module OooPhysRegFile is either unconnected or has no load
WARNING: [Synth 8-7129] Port recover_gprs_i[61] in module OooPhysRegFile is either unconnected or has no load
WARNING: [Synth 8-7129] Port recover_gprs_i[60] in module OooPhysRegFile is either unconnected or has no load
WARNING: [Synth 8-7129] Port recover_gprs_i[59] in module OooPhysRegFile is either unconnected or has no load
WARNING: [Synth 8-7129] Port recover_gprs_i[58] in module OooPhysRegFile is either unconnected or has no load
WARNING: [Synth 8-7129] Port recover_gprs_i[57] in module OooPhysRegFile is either unconnected or has no load
WARNING: [Synth 8-7129] Port recover_gprs_i[56] in module OooPhysRegFile is either unconnected or has no load
WARNING: [Synth 8-7129] Port recover_gprs_i[55] in module OooPhysRegFile is either unconnected or has no load
WARNING: [Synth 8-7129] Port recover_gprs_i[54] in module OooPhysRegFile is either unconnected or has no load
WARNING: [Synth 8-7129] Port recover_gprs_i[53] in module OooPhysRegFile is either unconnected or has no load
WARNING: [Synth 8-7129] Port recover_gprs_i[52] in module OooPhysRegFile is either unconnected or has no load
WARNING: [Synth 8-7129] Port recover_gprs_i[51] in module OooPhysRegFile is either unconnected or has no load
WARNING: [Synth 8-7129] Port recover_gprs_i[50] in module OooPhysRegFile is either unconnected or has no load
WARNING: [Synth 8-7129] Port recover_gprs_i[49] in module OooPhysRegFile is either unconnected or has no load
WARNING: [Synth 8-7129] Port recover_gprs_i[48] in module OooPhysRegFile is either unconnected or has no load
WARNING: [Synth 8-7129] Port recover_gprs_i[47] in module OooPhysRegFile is either unconnected or has no load
WARNING: [Synth 8-7129] Port recover_gprs_i[46] in module OooPhysRegFile is either unconnected or has no load
WARNING: [Synth 8-7129] Port recover_gprs_i[45] in module OooPhysRegFile is either unconnected or has no load
WARNING: [Synth 8-7129] Port recover_gprs_i[44] in module OooPhysRegFile is either unconnected or has no load
WARNING: [Synth 8-7129] Port recover_gprs_i[43] in module OooPhysRegFile is either unconnected or has no load
WARNING: [Synth 8-7129] Port recover_gprs_i[42] in module OooPhysRegFile is either unconnected or has no load
WARNING: [Synth 8-7129] Port recover_gprs_i[41] in module OooPhysRegFile is either unconnected or has no load
WARNING: [Synth 8-7129] Port recover_gprs_i[40] in module OooPhysRegFile is either unconnected or has no load
WARNING: [Synth 8-7129] Port recover_gprs_i[39] in module OooPhysRegFile is either unconnected or has no load
WARNING: [Synth 8-7129] Port recover_gprs_i[38] in module OooPhysRegFile is either unconnected or has no load
WARNING: [Synth 8-7129] Port recover_gprs_i[37] in module OooPhysRegFile is either unconnected or has no load
WARNING: [Synth 8-7129] Port recover_gprs_i[36] in module OooPhysRegFile is either unconnected or has no load
WARNING: [Synth 8-7129] Port recover_gprs_i[35] in module OooPhysRegFile is either unconnected or has no load
WARNING: [Synth 8-7129] Port recover_gprs_i[34] in module OooPhysRegFile is either unconnected or has no load
WARNING: [Synth 8-7129] Port recover_gprs_i[33] in module OooPhysRegFile is either unconnected or has no load
WARNING: [Synth 8-7129] Port recover_gprs_i[32] in module OooPhysRegFile is either unconnected or has no load
WARNING: [Synth 8-7129] Port recover_gprs_i[31] in module OooPhysRegFile is either unconnected or has no load
WARNING: [Synth 8-7129] Port recover_gprs_i[30] in module OooPhysRegFile is either unconnected or has no load
WARNING: [Synth 8-7129] Port recover_gprs_i[29] in module OooPhysRegFile is either unconnected or has no load
WARNING: [Synth 8-7129] Port recover_gprs_i[28] in module OooPhysRegFile is either unconnected or has no load
WARNING: [Synth 8-7129] Port recover_gprs_i[27] in module OooPhysRegFile is either unconnected or has no load
WARNING: [Synth 8-7129] Port recover_gprs_i[26] in module OooPhysRegFile is either unconnected or has no load
WARNING: [Synth 8-7129] Port recover_gprs_i[25] in module OooPhysRegFile is either unconnected or has no load
WARNING: [Synth 8-7129] Port recover_gprs_i[24] in module OooPhysRegFile is either unconnected or has no load
WARNING: [Synth 8-7129] Port recover_gprs_i[23] in module OooPhysRegFile is either unconnected or has no load
WARNING: [Synth 8-7129] Port recover_gprs_i[22] in module OooPhysRegFile is either unconnected or has no load
WARNING: [Synth 8-7129] Port recover_gprs_i[21] in module OooPhysRegFile is either unconnected or has no load
WARNING: [Synth 8-7129] Port recover_gprs_i[20] in module OooPhysRegFile is either unconnected or has no load
WARNING: [Synth 8-7129] Port recover_gprs_i[19] in module OooPhysRegFile is either unconnected or has no load
WARNING: [Synth 8-7129] Port recover_gprs_i[18] in module OooPhysRegFile is either unconnected or has no load
WARNING: [Synth 8-7129] Port recover_gprs_i[17] in module OooPhysRegFile is either unconnected or has no load
WARNING: [Synth 8-7129] Port recover_gprs_i[16] in module OooPhysRegFile is either unconnected or has no load
WARNING: [Synth 8-7129] Port recover_gprs_i[15] in module OooPhysRegFile is either unconnected or has no load
WARNING: [Synth 8-7129] Port recover_gprs_i[14] in module OooPhysRegFile is either unconnected or has no load
WARNING: [Synth 8-7129] Port recover_gprs_i[13] in module OooPhysRegFile is either unconnected or has no load
WARNING: [Synth 8-7129] Port recover_gprs_i[12] in module OooPhysRegFile is either unconnected or has no load
WARNING: [Synth 8-7129] Port recover_gprs_i[11] in module OooPhysRegFile is either unconnected or has no load
WARNING: [Synth 8-7129] Port recover_gprs_i[10] in module OooPhysRegFile is either unconnected or has no load
WARNING: [Synth 8-7129] Port recover_gprs_i[9] in module OooPhysRegFile is either unconnected or has no load
WARNING: [Synth 8-7129] Port recover_gprs_i[8] in module OooPhysRegFile is either unconnected or has no load
WARNING: [Synth 8-7129] Port recover_gprs_i[7] in module OooPhysRegFile is either unconnected or has no load
WARNING: [Synth 8-7129] Port recover_gprs_i[6] in module OooPhysRegFile is either unconnected or has no load
WARNING: [Synth 8-7129] Port recover_gprs_i[5] in module OooPhysRegFile is either unconnected or has no load
WARNING: [Synth 8-7129] Port recover_gprs_i[4] in module OooPhysRegFile is either unconnected or has no load
WARNING: [Synth 8-7129] Port recover_gprs_i[3] in module OooPhysRegFile is either unconnected or has no load
WARNING: [Synth 8-7129] Port recover_gprs_i[2] in module OooPhysRegFile is either unconnected or has no load
WARNING: [Synth 8-7129] Port recover_gprs_i[1] in module OooPhysRegFile is either unconnected or has no load
WARNING: [Synth 8-7129] Port recover_gprs_i[0] in module OooPhysRegFile is either unconnected or has no load
WARNING: [Synth 8-7129] Port pending_branch_fast_valid_i in module OooIntBackend is either unconnected or has no load
WARNING: [Synth 8-7129] Port pending_branch_fast_pc_i[63] in module OooIntBackend is either unconnected or has no load
WARNING: [Synth 8-7129] Port pending_branch_fast_pc_i[62] in module OooIntBackend is either unconnected or has no load
WARNING: [Synth 8-7129] Port pending_branch_fast_pc_i[61] in module OooIntBackend is either unconnected or has no load
WARNING: [Synth 8-7129] Port pending_branch_fast_pc_i[60] in module OooIntBackend is either unconnected or has no load
WARNING: [Synth 8-7129] Port pending_branch_fast_pc_i[59] in module OooIntBackend is either unconnected or has no load
WARNING: [Synth 8-7129] Port pending_branch_fast_pc_i[58] in module OooIntBackend is either unconnected or has no load
WARNING: [Synth 8-7129] Port pending_branch_fast_pc_i[57] in module OooIntBackend is either unconnected or has no load
WARNING: [Synth 8-7129] Port pending_branch_fast_pc_i[56] in module OooIntBackend is either unconnected or has no load
WARNING: [Synth 8-7129] Port pending_branch_fast_pc_i[55] in module OooIntBackend is either unconnected or has no load
WARNING: [Synth 8-7129] Port pending_branch_fast_pc_i[54] in module OooIntBackend is either unconnected or has no load
WARNING: [Synth 8-7129] Port pending_branch_fast_pc_i[53] in module OooIntBackend is either unconnected or has no load
WARNING: [Synth 8-7129] Port pending_branch_fast_pc_i[52] in module OooIntBackend is either unconnected or has no load
WARNING: [Synth 8-7129] Port pending_branch_fast_pc_i[51] in module OooIntBackend is either unconnected or has no load
WARNING: [Synth 8-7129] Port pending_branch_fast_pc_i[50] in module OooIntBackend is either unconnected or has no load
WARNING: [Synth 8-7129] Port pending_branch_fast_pc_i[49] in module OooIntBackend is either unconnected or has no load
WARNING: [Synth 8-7129] Port pending_branch_fast_pc_i[48] in module OooIntBackend is either unconnected or has no load
WARNING: [Synth 8-7129] Port pending_branch_fast_pc_i[47] in module OooIntBackend is either unconnected or has no load
WARNING: [Synth 8-7129] Port pending_branch_fast_pc_i[46] in module OooIntBackend is either unconnected or has no load
WARNING: [Synth 8-7129] Port pending_branch_fast_pc_i[45] in module OooIntBackend is either unconnected or has no load
WARNING: [Synth 8-7129] Port pending_branch_fast_pc_i[44] in module OooIntBackend is either unconnected or has no load
WARNING: [Synth 8-7129] Port pending_branch_fast_pc_i[43] in module OooIntBackend is either unconnected or has no load
WARNING: [Synth 8-7129] Port pending_branch_fast_pc_i[42] in module OooIntBackend is either unconnected or has no load
WARNING: [Synth 8-7129] Port pending_branch_fast_pc_i[41] in module OooIntBackend is either unconnected or has no load
WARNING: [Synth 8-7129] Port pending_branch_fast_pc_i[40] in module OooIntBackend is either unconnected or has no load
WARNING: [Synth 8-7129] Port pending_branch_fast_pc_i[39] in module OooIntBackend is either unconnected or has no load
WARNING: [Synth 8-7129] Port pending_branch_fast_pc_i[38] in module OooIntBackend is either unconnected or has no load
WARNING: [Synth 8-7129] Port pending_branch_fast_pc_i[37] in module OooIntBackend is either unconnected or has no load
WARNING: [Synth 8-7129] Port pending_branch_fast_pc_i[36] in module OooIntBackend is either unconnected or has no load
WARNING: [Synth 8-7129] Port pending_branch_fast_pc_i[35] in module OooIntBackend is either unconnected or has no load
WARNING: [Synth 8-7129] Port pending_branch_fast_pc_i[34] in module OooIntBackend is either unconnected or has no load
WARNING: [Synth 8-7129] Port pending_branch_fast_pc_i[33] in module OooIntBackend is either unconnected or has no load
WARNING: [Synth 8-7129] Port pending_branch_fast_pc_i[32] in module OooIntBackend is either unconnected or has no load
WARNING: [Synth 8-7129] Port pending_branch_fast_pc_i[31] in module OooIntBackend is either unconnected or has no load
WARNING: [Synth 8-7129] Port pending_branch_fast_pc_i[30] in module OooIntBackend is either unconnected or has no load
WARNING: [Synth 8-7129] Port pending_branch_fast_pc_i[29] in module OooIntBackend is either unconnected or has no load
INFO: [Common 17-14] Message 'Synth 8-7129' appears 100 times and further instances of the messages will be disabled. Use the Tcl command set_msg_config to change the current settings.
---------------------------------------------------------------------------------
Finished RTL Elaboration : Time (s): cpu = 00:01:50 ; elapsed = 00:01:56 . Memory (MB): peak = 7517.957 ; gain = 5728.141 ; free physical = 6453 ; free virtual = 12365
---------------------------------------------------------------------------------
---------------------------------------------------------------------------------
Start Handling Custom Attributes
---------------------------------------------------------------------------------
---------------------------------------------------------------------------------
Finished Handling Custom Attributes : Time (s): cpu = 00:01:52 ; elapsed = 00:01:59 . Memory (MB): peak = 7517.957 ; gain = 5728.141 ; free physical = 6450 ; free virtual = 12362
---------------------------------------------------------------------------------
---------------------------------------------------------------------------------
Finished RTL Optimization Phase 1 : Time (s): cpu = 00:01:52 ; elapsed = 00:01:59 . Memory (MB): peak = 7517.957 ; gain = 5728.141 ; free physical = 6450 ; free virtual = 12362
---------------------------------------------------------------------------------
Netlist sorting complete. Time (s): cpu = 00:00:15 ; elapsed = 00:00:15 . Memory (MB): peak = 7779.863 ; gain = 0.000 ; free physical = 6227 ; free virtual = 12139
INFO: [Project 1-570] Preparing netlist for logic optimization

Processing XDC Constraints
Initializing timing engine
Parsing XDC File [/home/lyg/PA/ysyx-workbench/fpga/constraints/rv64_core_ooc.xdc]
Finished Parsing XDC File [/home/lyg/PA/ysyx-workbench/fpga/constraints/rv64_core_ooc.xdc]
Completed Processing XDC Constraints

Netlist sorting complete. Time (s): cpu = 00:00:00.3 ; elapsed = 00:00:00.3 . Memory (MB): peak = 9765.277 ; gain = 3.516 ; free physical = 4284 ; free virtual = 10211
INFO: [Project 1-111] Unisim Transformation Summary:
No Unisim elements were transformed.

Constraint Validation Runtime : Time (s): cpu = 00:00:04 ; elapsed = 00:00:05 . Memory (MB): peak = 9932.199 ; gain = 155.008 ; free physical = 3465 ; free virtual = 9393
---------------------------------------------------------------------------------
Finished Constraint Validation : Time (s): cpu = 00:03:47 ; elapsed = 00:03:57 . Memory (MB): peak = 9936.285 ; gain = 8146.469 ; free physical = 3258 ; free virtual = 9186
---------------------------------------------------------------------------------
---------------------------------------------------------------------------------
Start Loading Part and Timing Information
---------------------------------------------------------------------------------
Loading part: xc7s25csga225-1
---------------------------------------------------------------------------------
Finished Loading Part and Timing Information : Time (s): cpu = 00:03:47 ; elapsed = 00:03:57 . Memory (MB): peak = 9944.289 ; gain = 8154.473 ; free physical = 3258 ; free virtual = 9186
---------------------------------------------------------------------------------
---------------------------------------------------------------------------------
Start Applying 'set_property' XDC Constraints
---------------------------------------------------------------------------------
---------------------------------------------------------------------------------
Finished applying 'set_property' XDC Constraints : Time (s): cpu = 00:03:47 ; elapsed = 00:03:57 . Memory (MB): peak = 9944.289 ; gain = 8154.473 ; free physical = 3255 ; free virtual = 9183
---------------------------------------------------------------------------------
INFO: [Synth 8-802] inferred FSM for state register 'state_q_reg' in module 'OooFetchAxiBridge'
---------------------------------------------------------------------------------------------------
                   State |                     New Encoding |                Previous Encoding 
---------------------------------------------------------------------------------------------------
                  S_IDLE |                              000 |                             0000
                    S_R0 |                              100 |                             0100
                   S_AR1 |                              110 |                             0101
                    S_R1 |                              101 |                             0110
                  S_RESP |                              001 |                             0111
               S_WALK_AR |                              011 |                             0001
                S_WALK_R |                              111 |                             0010
                   S_AR0 |                              010 |                             0011
---------------------------------------------------------------------------------------------------
INFO: [Synth 8-3354] encoded FSM with state register 'state_q_reg' using encoding 'sequential' in module 'OooFetchAxiBridge'
WARNING: [Synth 8-5402] Detected an instance with large pin count 262147 [/home/lyg/PA/ysyx-workbench/npc/rv64/vsrc/cache/OooDataWordCache.v:95]
---------------------------------------------------------------------------------
Finished RTL Optimization Phase 2 : Time (s): cpu = 00:13:48 ; elapsed = 00:14:03 . Memory (MB): peak = 9952.289 ; gain = 8162.473 ; free physical = 3154 ; free virtual = 9167
---------------------------------------------------------------------------------
