#-----------------------------------------------------------
# Vivado v2025.2 (64-bit)
# SW Build 6299465 on Fri Nov 14 12:34:56 MST 2025
# IP Build 6300035 on Fri Nov 14 10:48:45 MST 2025
# SharedData Build 6298862 on Thu Nov 13 04:50:51 MST 2025
# Start of session at: Wed Jun  3 13:18:23 2026
# Process ID         : 732608
# Current directory  : /home/lyg/PA/ysyx-workbench/fpga
# Command line       : vivado -mode batch -log /home/lyg/PA/ysyx-workbench/fpga/reports/npc_rv64_core_vivado.log -jou /home/lyg/PA/ysyx-workbench/fpga/reports/npc_rv64_core_vivado.jou -source /home/lyg/PA/ysyx-workbench/fpga/scripts/create_rv64_core_project.tcl -tclargs -root /home/lyg/PA/ysyx-workbench -project-name npc_rv64_core -project-dir /home/lyg/PA/ysyx-workbench/fpga/vivado/npc_rv64_core -part xc7s25csga225-1 -top NpcCoreTop -filelist /home/lyg/PA/ysyx-workbench/fpga/filelists/npc_rv64_core_files.f -clock-period 10.000 -run-synth 0
# Log file           : /home/lyg/PA/ysyx-workbench/fpga/reports/npc_rv64_core_vivado.log
# Journal file       : /home/lyg/PA/ysyx-workbench/fpga/reports/npc_rv64_core_vivado.jou
# Running On         : lygdebug
# Platform           : Ubuntu
# Operating System   : Ubuntu 24.04.3 LTS
# Processor Detail   : Intel(R) Core(TM) Ultra 5 225H
# CPU Frequency      : 3686.397 MHz
# CPU Physical cores : 14
# CPU Logical cores  : 14
# Host memory        : 16469 MB
# Swap memory        : 4294 MB
# Total Virtual      : 20764 MB
# Available Virtual  : 16564 MB
#-----------------------------------------------------------
source /home/lyg/PA/ysyx-workbench/fpga/scripts/create_rv64_core_project.tcl
# proc require_arg {dict key} {
#   if {![dict exists $dict $key]} {
#     error "missing required argument: $key"
#   }
#   return [dict get $dict $key]
# }
# proc parse_args {argv} {
#   set opts [dict create]
#   set i 0
#   while {$i < [llength $argv]} {
#     set key [lindex $argv $i]
#     if {![string match "--*" $key]} {
#       error "unexpected argument: $key"
#     }
#     incr i
#     if {$i >= [llength $argv]} {
#       error "missing value for $key"
#     }
#     dict set opts [string range $key 2 end] [lindex $argv $i]
#     incr i
#   }
#   return $opts
# }
unexpected argument: -root
    while executing
"error "unexpected argument: $key""
    invoked from within
"if {![string match "--*" $key]} {
      error "unexpected argument: $key"
    }"
    ("while" body line 3)
    invoked from within
"while {$i < [llength $argv]} {
    set key [lindex $argv $i]
    if {![string match "--*" $key]} {
      error "unexpected argument: $key"
    }
    i..."
    (procedure "parse_args" line 4)
    invoked from within
"parse_args $argv"
    invoked from within
"set opts [parse_args $argv]"
    (file "/home/lyg/PA/ysyx-workbench/fpga/scripts/create_rv64_core_project.tcl" line 26)
INFO: [Common 17-206] Exiting Vivado at Wed Jun  3 13:18:28 2026...
