[TEST] tb_ooo_alu_decode_backend
[COMPILE] iverilog -g2012 -Wall -I/home/lyg/PA/ysyx-workbench/npc/rv64/vsrc -I/home/lyg/PA/ysyx-workbench/npc/rv64/vsrc/include -Icommon -DOOO_ASSERT -s tb_ooo_alu_decode_backend -o build/tb_ooo_alu_decode_backend.vvp /home/lyg/PA/ysyx-workbench/npc/rv64/vsrc/decode/DecodeStage.v /home/lyg/PA/ysyx-workbench/npc/rv64/vsrc/decode/DecodeUnit.v /home/lyg/PA/ysyx-workbench/npc/rv64/vsrc/decode/ImmGen.v /home/lyg/PA/ysyx-workbench/npc/rv64/vsrc/decode/OooAluDecodeBackend.v /home/lyg/PA/ysyx-workbench/npc/rv64/vsrc/execute/ALU.v /home/lyg/PA/ysyx-workbench/npc/rv64/vsrc/execute/CompareUnit.v /home/lyg/PA/ysyx-workbench/npc/rv64/vsrc/execute/OooAmoGate.v /home/lyg/PA/ysyx-workbench/npc/rv64/vsrc/execute/OooBitmanipGate.v /home/lyg/PA/ysyx-workbench/npc/rv64/vsrc/execute/OooClmulUnit.v /home/lyg/PA/ysyx-workbench/npc/rv64/vsrc/execute/OooFpArithGate.v /home/lyg/PA/ysyx-workbench/npc/rv64/vsrc/execute/OooFpBackend.v /home/lyg/PA/ysyx-workbench/npc/rv64/vsrc/execute/OooFpClassifyGate.v /home/lyg/PA/ysyx-workbench/npc/rv64/vsrc/execute/OooFpCompareGate.v /home/lyg/PA/ysyx-workbench/npc/rv64/vsrc/execute/OooFpConvertGate.v /home/lyg/PA/ysyx-workbench/npc/rv64/vsrc/execute/OooFpDivIter.v /home/lyg/PA/ysyx-workbench/npc/rv64/vsrc/execute/OooFpLongOpGate.v /home/lyg/PA/ysyx-workbench/npc/rv64/vsrc/execute/OooFpSgnjGate.v /home/lyg/PA/ysyx-workbench/npc/rv64/vsrc/execute/OooFpSqrtIter.v /home/lyg/PA/ysyx-workbench/npc/rv64/vsrc/execute/OooIntBackend.v /home/lyg/PA/ysyx-workbench/npc/rv64/vsrc/execute/OooMulDivUnit.v /home/lyg/PA/ysyx-workbench/npc/rv64/vsrc/memory/LSU.v /home/lyg/PA/ysyx-workbench/npc/rv64/vsrc/memory/LSUControl.v /home/lyg/PA/ysyx-workbench/npc/rv64/vsrc/memory/LSUDataPath.v /home/lyg/PA/ysyx-workbench/npc/rv64/vsrc/memory/OooMemInflightQueue.v /home/lyg/PA/ysyx-workbench/npc/rv64/vsrc/memory/OooStoreQueue.v /home/lyg/PA/ysyx-workbench/npc/rv64/vsrc/pipeline/PipeStageReg.v /home/lyg/PA/ysyx-workbench/npc/rv64/vsrc/regread_bypass/OooFpPhysRegFile.v /home/lyg/PA/ysyx-workbench/npc/rv64/vsrc/regread_bypass/OooFpRegFile.v /home/lyg/PA/ysyx-workbench/npc/rv64/vsrc/regread_bypass/OooPhysRegFile.v /home/lyg/PA/ysyx-workbench/npc/rv64/vsrc/rename_allocate/OooBusyTable.v /home/lyg/PA/ysyx-workbench/npc/rv64/vsrc/rename_allocate/OooDispatchBackend.v /home/lyg/PA/ysyx-workbench/npc/rv64/vsrc/rename_allocate/OooFreeList.v /home/lyg/PA/ysyx-workbench/npc/rv64/vsrc/rename_allocate/OooRenameMap.v /home/lyg/PA/ysyx-workbench/npc/rv64/vsrc/scheduling/OooFpIssueQueue.v /home/lyg/PA/ysyx-workbench/npc/rv64/vsrc/scheduling/OooIntIssueQueue.v /home/lyg/PA/ysyx-workbench/npc/rv64/vsrc/scheduling/OooIntIssueSelect8.v /home/lyg/PA/ysyx-workbench/npc/rv64/vsrc/writeback/OooRob.v /home/lyg/PA/ysyx-workbench/npc/rv64/vsrc/writeback/WBU.v tests/tb_ooo_alu_decode_backend.sv
/home/lyg/PA/ysyx-workbench/npc/rv64/vsrc/scheduling/OooIntIssueQueue.v:504: warning: @* is sensitive to all 8 words in array 'valid_q'.
/home/lyg/PA/ysyx-workbench/npc/rv64/vsrc/scheduling/OooIntIssueQueue.v:510: warning: @* is sensitive to all 8 words in array 'pc_q'.
/home/lyg/PA/ysyx-workbench/npc/rv64/vsrc/scheduling/OooIntIssueQueue.v:511: warning: @* is sensitive to all 8 words in array 'next_pc_q'.
/home/lyg/PA/ysyx-workbench/npc/rv64/vsrc/scheduling/OooIntIssueQueue.v:512: warning: @* is sensitive to all 8 words in array 'pred_npc_q'.
/home/lyg/PA/ysyx-workbench/npc/rv64/vsrc/scheduling/OooIntIssueQueue.v:513: warning: @* is sensitive to all 8 words in array 'bht_idx_q'.
/home/lyg/PA/ysyx-workbench/npc/rv64/vsrc/scheduling/OooIntIssueQueue.v:514: warning: @* is sensitive to all 8 words in array 'pred_taken_q'.
/home/lyg/PA/ysyx-workbench/npc/rv64/vsrc/scheduling/OooIntIssueQueue.v:515: warning: @* is sensitive to all 8 words in array 'inst_q'.
/home/lyg/PA/ysyx-workbench/npc/rv64/vsrc/scheduling/OooIntIssueQueue.v:516: warning: @* is sensitive to all 8 words in array 'ctrl_q'.
/home/lyg/PA/ysyx-workbench/npc/rv64/vsrc/scheduling/OooIntIssueQueue.v:517: warning: @* is sensitive to all 8 words in array 'rob_idx_q'.
/home/lyg/PA/ysyx-workbench/npc/rv64/vsrc/scheduling/OooIntIssueQueue.v:518: warning: @* is sensitive to all 8 words in array 'src1_preg_q'.
/home/lyg/PA/ysyx-workbench/npc/rv64/vsrc/scheduling/OooIntIssueQueue.v:520: warning: @* is sensitive to all 8 words in array 'src1_ready_q'.
/home/lyg/PA/ysyx-workbench/npc/rv64/vsrc/scheduling/OooIntIssueQueue.v:521: warning: @* is sensitive to all 8 words in array 'src1_preg_q'.
/home/lyg/PA/ysyx-workbench/npc/rv64/vsrc/scheduling/OooIntIssueQueue.v:524: warning: @* is sensitive to all 8 words in array 'src2_preg_q'.
/home/lyg/PA/ysyx-workbench/npc/rv64/vsrc/scheduling/OooIntIssueQueue.v:526: warning: @* is sensitive to all 8 words in array 'src2_ready_q'.
/home/lyg/PA/ysyx-workbench/npc/rv64/vsrc/scheduling/OooIntIssueQueue.v:527: warning: @* is sensitive to all 8 words in array 'src2_preg_q'.
/home/lyg/PA/ysyx-workbench/npc/rv64/vsrc/scheduling/OooIntIssueQueue.v:530: warning: @* is sensitive to all 8 words in array 'pdest_q'.
/home/lyg/PA/ysyx-workbench/npc/rv64/vsrc/scheduling/OooIntIssueQueue.v:531: warning: @* is sensitive to all 8 words in array 'fp_pdest_q'.
/home/lyg/PA/ysyx-workbench/npc/rv64/vsrc/scheduling/OooIntIssueQueue.v:532: warning: @* is sensitive to all 8 words in array 'fp_st_en_q'.
/home/lyg/PA/ysyx-workbench/npc/rv64/vsrc/scheduling/OooIntIssueQueue.v:533: warning: @* is sensitive to all 8 words in array 'fp_st_preg_q'.
/home/lyg/PA/ysyx-workbench/npc/rv64/vsrc/scheduling/OooIntIssueQueue.v:535: warning: @* is sensitive to all 8 words in array 'fp_st_ready_q'.
/home/lyg/PA/ysyx-workbench/npc/rv64/vsrc/scheduling/OooIntIssueQueue.v:536: warning: @* is sensitive to all 8 words in array 'fp_st_preg_q'.
/home/lyg/PA/ysyx-workbench/npc/rv64/vsrc/scheduling/OooIntIssueQueue.v:537: warning: @* is sensitive to all 8 words in array 'fp_st_preg_q'.
/home/lyg/PA/ysyx-workbench/npc/rv64/vsrc/scheduling/OooIntIssueQueue.v:538: warning: @* is sensitive to all 8 words in array 'imm_q'.
/home/lyg/PA/ysyx-workbench/npc/rv64/vsrc/scheduling/OooIntIssueQueue.v:540: warning: @* is sensitive to all 8 words in array 'alu_terminal_capable_q'.
/home/lyg/PA/ysyx-workbench/npc/rv64/vsrc/scheduling/OooIntIssueQueue.v:542: warning: @* is sensitive to all 8 words in array 'fixed_gpr_producer_q'.
/home/lyg/PA/ysyx-workbench/npc/rv64/vsrc/scheduling/OooIntIssueQueue.v:640: warning: @* is sensitive to all 8 words in array 'valid_q'.
/home/lyg/PA/ysyx-workbench/npc/rv64/vsrc/scheduling/OooIntIssueQueue.v:641: warning: @* is sensitive to all 8 words in array 'rob_idx_q'.
/home/lyg/PA/ysyx-workbench/npc/rv64/vsrc/memory/OooMemInflightQueue.v:138: warning: @* is sensitive to all 4 words in array 'valid_q'.
/home/lyg/PA/ysyx-workbench/npc/rv64/vsrc/memory/OooMemInflightQueue.v:138: warning: @* is sensitive to all 4 words in array 'kind_q'.
/home/lyg/PA/ysyx-workbench/npc/rv64/vsrc/scheduling/OooFpIssueQueue.v:160: warning: @* is sensitive to all 8 words in array 'valid_q'.
/home/lyg/PA/ysyx-workbench/npc/rv64/vsrc/scheduling/OooFpIssueQueue.v:161: warning: @* is sensitive to all 8 words in array 'fs1_en_q'.
/home/lyg/PA/ysyx-workbench/npc/rv64/vsrc/scheduling/OooFpIssueQueue.v:161: warning: @* is sensitive to all 8 words in array 'fs1_ready_q'.
/home/lyg/PA/ysyx-workbench/npc/rv64/vsrc/scheduling/OooFpIssueQueue.v:162: warning: @* is sensitive to all 8 words in array 'fs2_en_q'.
/home/lyg/PA/ysyx-workbench/npc/rv64/vsrc/scheduling/OooFpIssueQueue.v:162: warning: @* is sensitive to all 8 words in array 'fs2_ready_q'.
/home/lyg/PA/ysyx-workbench/npc/rv64/vsrc/scheduling/OooFpIssueQueue.v:163: warning: @* is sensitive to all 8 words in array 'fs3_en_q'.
/home/lyg/PA/ysyx-workbench/npc/rv64/vsrc/scheduling/OooFpIssueQueue.v:163: warning: @* is sensitive to all 8 words in array 'fs3_ready_q'.
/home/lyg/PA/ysyx-workbench/npc/rv64/vsrc/scheduling/OooFpIssueQueue.v:164: warning: @* is sensitive to all 8 words in array 'gpr_en_q'.
/home/lyg/PA/ysyx-workbench/npc/rv64/vsrc/scheduling/OooFpIssueQueue.v:164: warning: @* is sensitive to all 8 words in array 'gpr_ready_q'.
/home/lyg/PA/ysyx-workbench/npc/rv64/vsrc/scheduling/OooFpIssueQueue.v:178: warning: @* is sensitive to all 8 words in array 'rob_idx_q'.
/home/lyg/PA/ysyx-workbench/npc/rv64/vsrc/scheduling/OooFpIssueQueue.v:179: warning: @* is sensitive to all 8 words in array 'rob_idx_q'.
/home/lyg/PA/ysyx-workbench/npc/rv64/vsrc/scheduling/OooFpIssueQueue.v:223: warning: @* is sensitive to all 8 words in array 'valid_q'.
/home/lyg/PA/ysyx-workbench/npc/rv64/vsrc/scheduling/OooFpIssueQueue.v:241: warning: @* is sensitive to all 8 words in array 'valid_q'.
/home/lyg/PA/ysyx-workbench/npc/rv64/vsrc/scheduling/OooFpIssueQueue.v:242: warning: @* is sensitive to all 8 words in array 'rob_idx_q'.
/home/lyg/PA/ysyx-workbench/npc/rv64/vsrc/memory/OooStoreQueue.v:250: warning: @* is sensitive to all 4 words in array 'valid_q'.
/home/lyg/PA/ysyx-workbench/npc/rv64/vsrc/memory/OooStoreQueue.v:251: warning: @* is sensitive to all 4 words in array 'request_sent_q'.
/home/lyg/PA/ysyx-workbench/npc/rv64/vsrc/memory/OooStoreQueue.v:253: warning: @* is sensitive to all 4 words in array 'rob_idx_q'.
/home/lyg/PA/ysyx-workbench/npc/rv64/vsrc/memory/OooStoreQueue.v:255: warning: @* is sensitive to all 4 words in array 'survive_r'.
/home/lyg/PA/ysyx-workbench/npc/rv64/vsrc/memory/OooStoreQueue.v:379: warning: @* is sensitive to all 4 words in array 'valid_q'.
/home/lyg/PA/ysyx-workbench/npc/rv64/vsrc/memory/OooStoreQueue.v:379: warning: @* is sensitive to all 4 words in array 'request_sent_q'.
tests/tb_ooo_alu_decode_backend.sv:75: warning: Instantiating module OooAluDecodeBackend with dangling input port 10 (recover_gprs_i) floating.
tests/tb_ooo_alu_decode_backend.sv:75: warning: Instantiating module OooAluDecodeBackend with dangling input port 16 (dispatch0_bht_idx_i) floating.
tests/tb_ooo_alu_decode_backend.sv:75: warning: Instantiating module OooAluDecodeBackend with dangling input port 17 (dispatch0_pred_taken_i) floating.
tests/tb_ooo_alu_decode_backend.sv:75: warning: Instantiating module OooAluDecodeBackend with dangling input port 19 (dispatch0_csr_rdata_i) floating.
tests/tb_ooo_alu_decode_backend.sv:75: warning: Instantiating module OooAluDecodeBackend with dangling input port 28 (dispatch1_bht_idx_i) floating.
tests/tb_ooo_alu_decode_backend.sv:75: warning: Instantiating module OooAluDecodeBackend with dangling input port 29 (dispatch1_pred_taken_i) floating.
tests/tb_ooo_alu_decode_backend.sv:75: warning: Instantiating module OooAluDecodeBackend with dangling input port 31 (dispatch1_csr_rdata_i) floating.
tests/tb_ooo_alu_decode_backend.sv:75: warning: Port 47 (mem_req_wstrb_o) of OooAluDecodeBackend expects 8 bits, got 4.
tests/tb_ooo_alu_decode_backend.sv:75:        : Padding 4 high bits of the port.
tests/tb_ooo_alu_decode_backend.sv:75: warning: Instantiating module OooAluDecodeBackend with dangling input port 56 (mem_translate_active_i) floating.
tests/tb_ooo_alu_decode_backend.sv:75: warning: Instantiating module OooAluDecodeBackend with dangling input port 57 (frm_i) floating.
[PASS] tb_ooo_alu_decode_backend
common/tb_common.svh:32: $finish called at 62 (1s)
[RESULT] PASS
