[log.c:145 npc_init_log] Log is written to build/linux-logs/npc-linux.log
[paddr.c:91 npc_init_mem] physical memory area [0x0000000080000000, 0x00000000bfffffff]
[paddr.c:150 npc_load_img_at] The image is /home/lyg/PA/ysyx-workbench/am-kernels/benchmarks/dhrystone/build/dhrystone-riscv64-npc.bin, size = 1073376
[map.c:76 npc_add_mmio_map] Add mmio map 'rtc' at [0x12000048, 0x1200004f]
[map.c:76 npc_add_mmio_map] Add mmio map 'keyboard' at [0x12000060, 0x12000063]
[vga.c:186 npc_vga_init] NPC VGA disabled; GPU_CONFIG will report present=false.
[map.c:76 npc_add_mmio_map] Add mmio map 'vgactl' at [0x12000100, 0x12000107]
[map.c:76 npc_add_mmio_map] Add mmio map 'framebuffer' at [0x13000000, 0x131fffff]
[virtio_blk.c:522 virtio-blk] disabled: no --block image
[cpu-exec.cpp:832 region_probe] enabled start=0x0000000080000334 end=0x000000008000047c
[monitor.c:41 welcome] Wave Trace: [1;31mOFF[0m
[monitor.c:42 welcome] Text Trace: [1;31mOFF[0m (itrace=off, mtrace=off, dtrace=off)
[monitor.c:44 welcome] Difftest: [1;31mOFF[0m
[monitor.c:45 welcome] Build time: 10:59:53, Jul 16 2026
[guest] Dhrystone Benchmark, Version C, Version 2.2
[guest] Trying 10000 runs through Dhrystone.
[cpu-exec.cpp:853 region_probe] BOUNDARY kind=start pc=0x0000000080000334 cycle=15680 retired_before=4060 lane=1 cycle_retire=2
[cpu-exec.cpp:1445 ooo_window] window cycles=1..1000000 n=1000000 retire=444655 exec=454218 dispatch=473077 fetch=478010(47.8%) mem=860747(86.1%) axi_wait=129669(13.0%) hazard=692767(69.3%) branch_flush=81928(8.2%) exception=0(0.0%)
[cpu-exec.cpp:1445 ooo_window] window cycles=1000001..2000000 n=1000000 retire=448277 exec=457772 dispatch=476762 fetch=473583(47.4%) mem=866071(86.6%) axi_wait=126600(12.7%) hazard=699381(69.9%) branch_flush=82276(8.2%) exception=0(0.0%)
[cpu-exec.cpp:1445 ooo_window] window cycles=2000001..3000000 n=1000000 retire=448301 exec=457798 dispatch=476785 fetch=473619(47.4%) mem=866030(86.6%) axi_wait=126582(12.7%) hazard=699377(69.9%) branch_flush=82271(8.2%) exception=0(0.0%)
[cpu-exec.cpp:1445 ooo_window] window cycles=3000001..4000000 n=1000000 retire=448315 exec=457812 dispatch=476800 fetch=473648(47.4%) mem=866015(86.6%) axi_wait=126578(12.7%) hazard=699361(69.9%) branch_flush=82279(8.2%) exception=0(0.0%)
[cpu-exec.cpp:1445 ooo_window] window cycles=4000001..5000000 n=1000000 retire=448318 exec=457811 dispatch=476803 fetch=473649(47.4%) mem=866015(86.6%) axi_wait=126576(12.7%) hazard=699359(69.9%) branch_flush=82278(8.2%) exception=0(0.0%)
[cpu-exec.cpp:1445 ooo_window] window cycles=5000001..6000000 n=1000000 retire=448310 exec=457795 dispatch=476778 fetch=473608(47.4%) mem=866044(86.6%) axi_wait=126582(12.7%) hazard=699380(69.9%) branch_flush=82277(8.2%) exception=0(0.0%)
[cpu-exec.cpp:1445 ooo_window] window cycles=6000001..7000000 n=1000000 retire=448343 exec=457842 dispatch=476831 fetch=473668(47.4%) mem=866017(86.6%) axi_wait=126574(12.7%) hazard=699342(69.9%) branch_flush=82287(8.2%) exception=0(0.0%)
[cpu-exec.cpp:1445 ooo_window] window cycles=7000001..8000000 n=1000000 retire=448313 exec=457805 dispatch=476788 fetch=473615(47.4%) mem=866052(86.6%) axi_wait=126588(12.7%) hazard=699372(69.9%) branch_flush=82280(8.2%) exception=0(0.0%)
[cpu-exec.cpp:1445 ooo_window] window cycles=8000001..9000000 n=1000000 retire=448276 exec=457769 dispatch=476759 fetch=473581(47.4%) mem=866071(86.6%) axi_wait=126600(12.7%) hazard=699383(69.9%) branch_flush=82276(8.2%) exception=0(0.0%)
[cpu-exec.cpp:871 region_probe] BOUNDARY kind=end pc=0x000000008000047c cycle=9497300 retired_before=4254060 lane=0 cycle_retire=2
[cpu-exec.cpp:880 region_probe] RESULT start_hits=10000 end_hits=1 start_cycle=15680 end_cycle=9497300 cycles=9481620 start_retired=4060 end_retired=4254060 retired=4250000
[guest] Finished in 9482 ms
[guest] ==================================================
[guest] Dhrystone PASS         1 Marks
[guest]                    vs. 100000 Marks (i7-7700K @ 4.20GHz)
[cpu-exec.cpp:2112 cpu_exec] npc: [1;32mHIT GOOD TRAP[0m at pc = 0x0000000080000b70
[cpu-exec.cpp:2126 report_run_result] exit via ebreak, code=0, cycles=9512640, commits=4260624
[cpu-exec.cpp:1864 statistic] host time spent = 41715081 us
[cpu-exec.cpp:1866 statistic] total guest instructions = 4260624
[cpu-exec.cpp:1869 statistic] total guest cycles = 9512640
[cpu-exec.cpp:1871 statistic] CLINT mtime = 951264 (= cycles/10, expected 951264, delta=+0, match=yes)
[cpu-exec.cpp:1878 statistic] CPI (cycles/instruction) = 2.233
[cpu-exec.cpp:1882 statistic] simulation frequency = 102136 inst/s
[cpu-exec.cpp:1655 statistic] === Branch/Jump Statistics ===
[cpu-exec.cpp:1656 statistic]   conditional branch  = 832928 (taken 0, not-taken 832928, taken rate 0.0%)
[cpu-exec.cpp:1660 statistic]   JAL  (unconditional) = 40325
[cpu-exec.cpp:1661 statistic]   JALR (indirect/ret)  = 40291
[cpu-exec.cpp:1662 statistic]   total jump/branch    = 913544 (21.4% of all instructions)
[cpu-exec.cpp:1664 statistic] === BPU Prediction Statistics ===
[cpu-exec.cpp:1665 statistic]   branch accuracy      = 802794/842987 correct, 40193 mispredict (95.2%)
[cpu-exec.cpp:1670 statistic]   branch direction     = 802794/842987 correct (95.2%), dir miss=40193, gshare cold=10738
[cpu-exec.cpp:1676 statistic]   JAL accuracy         = 40325/40325 correct (100.0%)
[cpu-exec.cpp:1680 statistic]   JALR accuracy        = 40291/40291 correct (100.0%)
[cpu-exec.cpp:1684 statistic]   return accuracy      = 40279/40279 correct (100.0%)
[cpu-exec.cpp:1688 statistic]   BTB JALR lookup      = hit 0, miss 0
[cpu-exec.cpp:1691 statistic]   direction predictor  = correct 802794, miss 40193
[cpu-exec.cpp:1694 statistic]   RAS lookup           = hit 3, miss/underflow 0, overflow 0
[cpu-exec.cpp:1698 statistic]   top branch miss PCs  =
[cpu-exec.cpp:1710 statistic]     #1 pc=0x80001f28 miss=10003
[cpu-exec.cpp:1710 statistic]     #2 pc=0x80001f54 miss=10002
[cpu-exec.cpp:1710 statistic]     #3 pc=0x800003f8 miss=9997
[cpu-exec.cpp:1710 statistic]     #4 pc=0x80000400 miss=9992
[cpu-exec.cpp:1710 statistic]     #5 pc=0x80001a04 miss=17
[cpu-exec.cpp:1710 statistic]     #6 pc=0x80001a28 miss=16
[cpu-exec.cpp:1710 statistic]     #7 pc=0x80001a30 miss=12
[cpu-exec.cpp:1710 statistic]     #8 pc=0x80001ad4 miss=11
[cpu-exec.cpp:1721 statistic] === Cache Statistics ===
[cpu-exec.cpp:1722 statistic] icache: access=2877225, hit=2876624, miss=601
[cpu-exec.cpp:1726 statistic] dcache: access=2214414, hit=1011289, miss=273
[cpu-exec.cpp:1730 statistic] dcache load: access=1011562, hit=0, miss=0
[cpu-exec.cpp:1734 statistic] dcache store: access=1202852, hit=0, miss=0
[cpu-exec.cpp:1738 statistic] dcache writeback = 0, write-through store = 0
[cpu-exec.cpp:1748 statistic] === OoO Pipeline Statistics ===
[cpu-exec.cpp:1749 statistic] ooo cycles observed = 9512640
[cpu-exec.cpp:1751 statistic] retire hist 0/1/2 = 6796115/1172426/1544099
[cpu-exec.cpp:1755 statistic] execute hist 0/1/2 = 5553490/3567092/392058
[cpu-exec.cpp:1759 statistic] dispatch hist 0/1/2 = 6955853/581886/1974901
[cpu-exec.cpp:1763 statistic] fetch req valid/fire = 2877352/2877224, rsp fire=2877224, enqueue=2867075, bypass=0
[cpu-exec.cpp:1769 statistic] control wait cycles: stop=1193, branch=0, jump=0, mem=0, synth-ret=0, commit1-block=0
[cpu-exec.cpp:1776 statistic] cycle buckets (overlap): fetch=4511807(47.4%), mem=8230845(86.5%), axi_wait=1208073(12.7%), hazard=6642239(69.8%), branch_flush=782652(8.2%), exception=0(0.0%)
[cpu-exec.cpp:1794 statistic] branch prefetch fire/hit = 0/0
[cpu-exec.cpp:1797 statistic] top branch wait PCs =
[cpu-exec.cpp:1819 statistic] top jump wait PCs =
[cpu-exec.cpp:1840 statistic] mem req0/req1/rsp0/rsp1 = 2214414/0/2214414/0
[cpu-exec.cpp:1445 ooo_window] partial cycles=9000001..9512640 n=512640 retire=229516 exec=234586 dispatch=244305 fetch=244826(47.8%) mem=441783(86.2%) axi_wait=65724(12.8%) hazard=354517(69.2%) branch_flush=42500(8.3%) exception=0(0.0%)
